04-04 20:24:34.057  1231  1231 E NetdagentIptables: exec() res=0, status=256 for /system/bin/ip6tables-wrapper-1.0 -w -t filter -F oem_mobile 
04-04 20:24:34.058  1094  1094 E ccci_fsd(1): FS_IsReadOnly: [error]fail on file: /mnt/vendor/nvdata/md/FAT9BC6FD43.log, error=2
04-04 20:24:34.061  1207  1266 D PQ      : ccorr table index=0
04-04 20:24:34.061  1207  1266 D PQTransition: onTransition: TRS: Mode2 (25)
04-04 20:24:34.061  1207  1266 D PQTransition: CheckIfFinished: TRS: CheckIfFinished(EN=1)
04-04 20:24:34.061  1207  1266 D PQ      : [PQ_SERVICE] setPQParamWithFilter configFlag: 2
04-04 20:24:34.062  1177  1177 W BatteryNotifier: batterystats service unavailable!
04-04 20:24:34.062  1177  1177 I CameraService: CameraService started (pid=1177)
04-04 20:24:34.062  1177  1177 I CameraService: CameraService process starting
04-04 20:24:34.063  1177  1177 W BatteryNotifier: batterystats service unavailable!
04-04 20:24:34.063  1177  1177 W BatteryNotifier: batterystats service unavailable!
04-04 20:24:34.065   725   725 W hwservicemanager: getTransport: Cannot find entry android.hardware.camera.provider@2.4::ICameraProvider/legacy/0 in either framework or device manifest.
04-04 20:24:34.066   725   725 W hwservicemanager: getTransport: Cannot find entry android.hardware.camera.provider@2.4::ICameraProvider/external/0 in either framework or device manifest.
04-04 20:24:34.068  1177  1177 D MinimediaService: Allowing use of the camera for users root and bin
04-04 20:24:34.070  1229  1401 I focaltech:ca:client: [ 109]:---8<---- TA LOG BEGINS ---------
04-04 20:24:34.070  1229  1401 I focaltech:ta:device: [  91]:initializing the device...
04-04 20:24:34.070  1229  1401 I focaltech:fw: [ 743]:fw9362_fdt_AutoSDacUpdate final dac:25 .(normal 1~125)
04-04 20:24:34.070  1229  1401 I focaltech:fw: [ 996]:fdt_base = FdtBaseUp = FdtBaseDown[4] : 641,525,531,525
04-04 20:24:34.070  1229  1401 I focaltech:fw: [ 997]:fw9362_fdt_base: FW9362_FDT_DELT_DOWN_LO = 50; FW9362_FDT_DELT_UP_LO= 45 
04-04 20:24:34.070  1229  1401 I focaltech:fw: [ 671]:'fw9362_AutoSDacUpdate ENTER
04-04 20:24:34.070  1229  1401 I focaltech:fw: [ 677]:'fw9362_AutoSDacUpdate IMG par SHILD L:1 R:1 U:0 D:0
04-04 20:24:34.070  1229  1401 I focaltech:fw: [ 678]:'fw9362_AutoSDacUpdate IMG par BADTH 1:500 2:4012 3:20 4:30
04-04 20:24:34.070  1229  1401 I focaltech:fw: [ 689]:Try 1 AVG DAC_Temp:54 Last_DAC:54 MiddleTemp:534
04-04 20:24:34.070  1229  1401 I focaltech:fw: [ 689]:Try 2 AVG DAC_Temp:53 Last_DAC:54 MiddleTemp:426
04-04 20:24:34.070  1229  1401 I focaltech:ca:client: [ 124]:--------- TA LOG FINISH ---->8---
04-04 20:24:34.070  1229  1401 I focaltech:hal:device: [ 712]:fingerprint device is successfully initialized.
04-04 20:24:34.070  1229  1401 I focaltech:hal:device: [ 713]:device id = 0x9362
04-04 20:24:34.070  1229  1401 I focaltech:hal:device: [ 714]:sensor resolution: 64 x 80
04-04 20:24:34.078  1207  1266 D PQ      : ccorr table index=0
04-04 20:24:34.079  1207  1266 D PQTransition: onTransition: TRS: Mode2 (26)
04-04 20:24:34.079  1207  1266 D PQTransition: CheckIfFinished: TRS: CheckIfFinished(EN=1)
04-04 20:24:34.079  1207  1266 D PQ      : [PQ_SERVICE] setPQParamWithFilter configFlag: 2
04-04 20:24:34.096  1207  1266 D PQ      : ccorr table index=0
04-04 20:24:34.096  1207  1266 D PQTransition: onTransition: TRS: Mode2 (27)
04-04 20:24:34.096  1207  1266 D PQTransition: CheckIfFinished: TRS: CheckIfFinished(EN=1)
04-04 20:24:34.097  1207  1266 D PQ      : [PQ_SERVICE] setPQParamWithFilter configFlag: 2
04-04 20:24:34.106  1231  1231 I ip6tables-wrapper-1.0: ip6tables: No chain/target/match by that name.
04-04 20:24:34.106  1231  1231 I ip6tables-wrapper-1.0: ip6tables-wrapper-1.0 terminated by exit(1)
04-04 20:24:34.106  1231  1231 E NetdagentIptables: exec() res=0, status=256 for /system/bin/ip6tables-wrapper-1.0 -w -t filter -X oem_mobile 
04-04 20:24:34.114  1207  1266 D PQ      : ccorr table index=0
04-04 20:24:34.114  1207  1266 D PQTransition: onTransition: TRS: Mode2 (28)
04-04 20:24:34.114  1207  1266 D PQTransition: CheckIfFinished: TRS: CheckIfFinished(EN=1)
04-04 20:24:34.114  1207  1266 D PQ      : [PQ_SERVICE] setPQParamWithFilter configFlag: 2
04-04 20:24:34.132  1207  1266 D PQ      : ccorr table index=0
04-04 20:24:34.132  1207  1266 D PQTransition: onTransition: TRS: Mode2 (29)
04-04 20:24:34.132  1207  1266 D PQTransition: CheckIfFinished: TRS: CheckIfFinished(EN=1)
04-04 20:24:34.132  1207  1266 D PQ      : [PQ_SERVICE] setPQParamWithFilter configFlag: 2
04-04 20:24:34.146  1194  1392 I ServiceManager: Waiting for service 'package_native' on '/dev/binder'...
04-04 20:24:34.150  1207  1266 D PQ      : ccorr table index=0
04-04 20:24:34.150  1207  1266 D PQTransition: onTransition: TRS: Mode2 (30)
04-04 20:24:34.150  1207  1266 D PQTransition: CheckIfFinished: TRS: CheckIfFinished(EN=1)
04-04 20:24:34.150  1207  1266 D PQ      : [PQ_SERVICE] setPQParamWithFilter configFlag: 2
04-04 20:24:34.155  1102  1102 D ccci_mdinit: (1):set md status:vendor.mtk.md1.status=ready 
04-04 20:24:34.156  1102  1102 I ccci_mdinit: (1):MD1 set status: mtk.md1.status=ready 
04-04 20:24:34.156  1102  1102 D ccci_mdinit: (1):start all ccci up layer services
04-04 20:24:34.156  1102  1102 I ccci_mdinit: (1):start_service init.svc.emdlogger1, but returned 0, maybe has no this property
04-04 20:24:34.160  1102  1102 I ccci_mdinit: (1):wait_for_property:success(init.svc.emdlogger1=running), loop:0
04-04 20:24:34.160  1102  1102 D ccci_mdinit: (1):system boot Mode: 48
04-04 20:24:34.160  1102  1102 I ccci_mdinit: (1):start_service init.svc.vendor.gsm0710muxd, but returned 0, maybe has no this property
04-04 20:24:34.164  1102  1102 I ccci_mdinit: (1):wait_for_property:success(init.svc.vendor.gsm0710muxd=running), loop:600
04-04 20:24:34.164  1102  1102 D ccci_mdinit: (1):modem boot ready and deamon begin to run!
04-04 20:24:34.164  1102  1102 D ccci_mdinit: (1):MD is release version
04-04 20:24:34.168  1207  1266 D PQ      : ccorr table index=0
04-04 20:24:34.168  1207  1266 D PQTransition: onTransition: TRS: Mode2 (31)
04-04 20:24:34.168  1207  1266 D PQTransition: CheckIfFinished: TRS: CheckIfFinished(EN=1)
04-04 20:24:34.168  1207  1266 D PQ      : [PQ_SERVICE] setPQParamWithFilter configFlag: 2
04-04 20:24:34.186  1207  1266 D PQ      : ccorr table index=0
04-04 20:24:34.186  1207  1266 D PQTransition: onTransition: TRS: Mode2 (32)
04-04 20:24:34.186  1207  1266 D PQTransition: CheckIfFinished: TRS: CheckIfFinished(EN=1)
04-04 20:24:34.186  1207  1266 D PQ      : [PQ_SERVICE] setPQParamWithFilter configFlag: 2
04-04 20:24:34.202  1423  1423 I [BIP]   :  [BIP TASK] Init start (0)
04-04 20:24:34.202  1423  1423 I [BIP]   :  [BIP KAL TIMER] timer init
04-04 20:24:34.202  1423  1423 I [BIP]   :  [BIP KAL MSG] msg init, int_num = (20), ext_num = (20), name = (BIP)
04-04 20:24:34.202  1423  1423 I [BIP]   :  [BIP TASK] Init end (0)
04-04 20:24:34.202  1423  1423 I [BIP]   :  [BIP TASK] Init start (1)
04-04 20:24:34.202  1423  1423 I [BIP]   :  [BIP AGENT] can open port, FD = (5)
04-04 20:24:34.202  1423  1423 I [BIP]   :  [BIP AGENT] request INFO: ap_seq = 0, address is (0xb0119100)
04-04 20:24:34.202  1423  1423 I [BIP]   :  [BIP AGENT] add header data in current buffer queue: ap_seq = (0), pkt_type = (0xffff0000), data_len = (0)
04-04 20:24:34.202  1423  1423 I [BIP]   :  [BIP AGENT] the enqueue info. : need_to_write = (1), num_push = (1), num_pop = (0)
04-04 20:24:34.202  1423  1423 I [BIP]   :  [BIP AGENT] start handshake!
04-04 20:24:34.202  1423  1423 I [BIP]   :  [BIP AGENT] can write data now, FD = (5), write length = (12)
04-04 20:24:34.202  1423  1423 I [BIP]   :  [BIP AGENT] the dequeue info. : ap_seq = (0), push_time = (1586150294), pop_time = (1586150369), num_push = (1), num_pop = (1)
04-04 20:24:34.204  1207  1266 D PQ      : ccorr table index=0
04-04 20:24:34.204  1207  1266 D PQTransition: onTransition: TRS: Mode2 (33)
04-04 20:24:34.204  1207  1266 D PQTransition: CheckIfFinished: TRS: CheckIfFinished(EN=1)
04-04 20:24:34.204  1207  1266 D PQ      : [PQ_SERVICE] setPQParamWithFilter configFlag: 2
04-04 20:24:34.206  1425  1425 D VoLTE IMSM: ro.vendor.md_prop_ver = 1 version = 1
04-04 20:24:34.206  1425  1425 D VoLTE IMSM:  (module/mdagent/volte_imsm_93/src/volte_imsm.c:273)
04-04 20:24:34.206  1425  1425 D VoLTE IMSM: service.nvram_init = Ready (module/mdagent/volte_imsm_93/src/volte_imsm.c:282)
04-04 20:24:34.206  1425  1425 D VoLTE IMSM: check_user_load, is user (module/mdagent/volte_imsm_93/src/volte_imsm.c:388)
04-04 20:24:34.206  1425  1425 D VoLTE IMSM: volte_imsm (module/mdagent/volte_imsm_93/src/volte_imsm.c:98)
04-04 20:24:34.206  1425  1425 D VoLTE IMSM: MSGQ_Init : msg_queue = 0xf2722000 (module/mdagent/volte_imsm_93/src/volte_imsm.c:157)
04-04 20:24:34.207  1425  1425 D VoLTE IMSM: MSGQ_Init : msg_queue = 0xf2722028 (module/mdagent/volte_imsm_93/src/volte_imsm.c:157)
04-04 20:24:34.207  1425  1425 D VoLTE IMSM: MSGQ_Init : msg_queue = 0xf2722050 (module/mdagent/volte_imsm_93/src/volte_imsm.c:157)
04-04 20:24:34.207  1425  1425 D VoLTE IMSM: MSGQ_Init : msg_queue = 0xf2722078 (module/mdagent/volte_imsm_93/src/volte_imsm.c:157)
04-04 20:24:34.207  1425  1425 E VoLTE IMSM: socket (volte_imsa1) error : Connection refused (111) (module/mdagent/volte_imsm_93/src/os_socket.c:280)
04-04 20:24:34.207  1425  1435 D VoLTE IMSM: sim_id = 0, local sim_id = 0 (module/mdagent/volte_imsm_93/src/imsm_handler.c:5402)
04-04 20:24:34.207  1425  1435 D VoLTE IMSM: sim_id = 0 event queue = 0xf2722000 (module/mdagent/volte_imsm_93/src/imsm_handler.c:5407)
04-04 20:24:34.207  1425  1435 D VoLTE IMSM: INIT [0][0] (module/mdagent/volte_imsm_93/src/imsm_handler.c:5411)
04-04 20:24:34.207  1425  1435 D VoLTE IMSM: INIT [0][1] (module/mdagent/volte_imsm_93/src/imsm_handler.c:5411)
04-04 20:24:34.207  1425  1435 D VoLTE IMSM: INIT [0][2] (module/mdagent/volte_imsm_93/src/imsm_handler.c:5411)
04-04 20:24:34.207  1425  1435 D VoLTE IMSM: INIT [0][3] (module/mdagent/volte_imsm_93/src/imsm_handler.c:5411)
04-04 20:24:34.207  1425  1435 D VoLTE IMSM: INIT [0][4] (module/mdagent/volte_imsm_93/src/imsm_handler.c:5411)
04-04 20:24:34.207  1425  1435 D VoLTE IMSM: INIT [0][5] (module/mdagent/volte_imsm_93/src/imsm_handler.c:5411)
04-04 20:24:34.207  1425  1435 D VoLTE IMSM: INIT [0][6] (module/mdagent/volte_imsm_93/src/imsm_handler.c:5411)
04-04 20:24:34.207  1425  1435 D VoLTE IMSM: INIT [0][7] (module/mdagent/volte_imsm_93/src/imsm_handler.c:5411)
04-04 20:24:34.207  1425  1435 D VoLTE IMSM: INIT [0][8] (module/mdagent/volte_imsm_93/src/imsm_handler.c:5411)
04-04 20:24:34.207  1425  1435 D VoLTE IMSM: INIT [0][9] (module/mdagent/volte_imsm_93/src/imsm_handler.c:5411)
04-04 20:24:34.207  1425  1435 D VoLTE IMSM: INIT [0][10] (module/mdagent/volte_imsm_93/src/imsm_handler.c:5411)
04-04 20:24:34.207  1425  1435 D VoLTE IMSM: INIT [0] Dedicated bearer pending (module/mdagent/volte_imsm_93/src/imsm_handler.c:5415)
04-04 20:24:34.207  1423  1423 I [BIP]   :  [BIP AGENT] can read data now, FD = (5), read length = (26)
04-04 20:24:34.207  1423  1423 I [BIP]   :  [BIP AGENT]  1  0 ff ff     4B:pkt_type
04-04 20:24:34.207  1423  1423 I [BIP]   :  [BIP AGENT]  0  0  0  0     4B:pkt_num
04-04 20:24:34.207  1423  1423 I [BIP]   :  [BIP AGENT]  e  0  0  0     4B:pkt_data_len
04-04 20:24:34.207  1423  1423 I [BIP]   :  [BIP AGENT]  0  0  0  0   2B2B:(src_mod, dest_mod)
04-04 20:24:34.208  1423  1423 I [BIP]   :  [BIP AGENT]  0  0  0  0   2B2B:(sap_id, msg_id)
04-04 20:24:34.208  1423  1423 I [BIP]   :  [BIP AGENT] dc  5  c  0 1B1B2B:(ref_count, lp_reserved, msg_len)
04-04 20:24:34.208  1423  1423 I [BIP]   :  [BIP AGENT] 8e  5  0  0   1B1B:(sim_id, bip_channel_id)
04-04 20:24:34.208  1423  1423 I [BIP]   :  [BIP AGENT]  0  0  0  0     4B:bip_info pointer
04-04 20:24:34.208  1423  1423 I [BIP]   :  [BIP AGENT] MD W/R buffer size = (1500)
04-04 20:24:34.208  1423  1423 I [BIP]   :  [BIP AGENT] end handshake!
04-04 20:24:34.208  1423  1423 I [BIP]   :  [BIP TASK] Init end (1)
04-04 20:24:34.208  1423  1423 I [BIP]   :  [BIP TASK] Init start (2)
04-04 20:24:34.208  1423  1423 I [BIP]   :  [BIP KAL TIMER] create timer info, timer[(0)] = (0xb014415c), timer id = (0xb014415c), inuse = (0), name = (BIP_NET_DATA)
04-04 20:24:34.208  1423  1423 I [BIP]   :  [BIP WIFI] Init end
04-04 20:24:34.208  1423  1423 I [BIP]   :  [BIP TASK] Init end (2)
04-04 20:24:34.208  1423  1423 I [BIP]   :  [BIP TASK] Init start (3)
04-04 20:24:34.208  1423  1423 I [BIP]   :  [BIP KAL TIMER] create timer info, timer[(1)] = (0xb01441ac), timer id = (0xb01441ac), inuse = (0), name = (BIP_UICC_SERVER_DATA)
04-04 20:24:34.208  1423  1423 I [BIP]   :  [BIP UICC SERVER] init done
04-04 20:24:34.208  1423  1423 I [BIP]   :  [BIP TASK] Init end (3)
04-04 20:24:34.208  1423  1423 I [BIP]   :  [BIP TASK] Init start (4)
04-04 20:24:34.208  1423  1423 I [BIP]   :  [BIP NL] init the link status of interface wlan0
04-04 20:24:34.208  1423  1423 I [BIP]   :  [BIP NL] construct nl msg address e7214060
04-04 20:24:34.209  1423  1423 I [BIP]   :  [BIP NL] destroy nl msg address e7214060
04-04 20:24:34.209  1423  1423 I [BIP]   :  [BIP NL] init the addr status of interface wlan0
04-04 20:24:34.209  1423  1423 I [BIP]   :  [BIP NL] construct nl msg address e7214060
04-04 20:24:34.209  1423  1423 I [BIP]   :  [BIP NL] destroy nl msg address e7214060
04-04 20:24:34.209  1423  1423 I [BIP]   :  [BIP NL] init the route status of interface wlan0
04-04 20:24:34.209  1423  1423 I [BIP]   :  [BIP NL] construct nl msg address e7214060
04-04 20:24:34.209  1423  1423 I [BIP]   :  [BIP NL] IPv4: *.*.*.*
04-04 20:24:34.209  1423  1423 I chatty  : uid=0(root) /vendor/bin/bip identical 2 lines
04-04 20:24:34.209  1423  1423 I [BIP]   :  [BIP NL] IPv4: *.*.*.*
04-04 20:24:34.209  1423  1423 I [BIP]   :  [BIP NL] IPv6: *:*:*:*:*:*:*:*
04-04 20:24:34.209  1423  1423 I chatty  : uid=0(root) /vendor/bin/bip identical 5 lines
04-04 20:24:34.209  1423  1423 I [BIP]   :  [BIP NL] IPv6: *:*:*:*:*:*:*:*
04-04 20:24:34.209  1423  1423 I [BIP]   :  [BIP NL] destroy nl msg address e7214060
04-04 20:24:34.209  1423  1423 I [BIP]   :  [BIP NL] init the DNS status of interface wlan0
04-04 20:24:34.210  1423  1423 I [BIP]   :  [BIP NL] dns_server: dns type: 0, ipv4=*.*.*.*, ipv6=*:*:*:*:*:*:*:*
04-04 20:24:34.210  1423  1423 I [BIP]   :  [BIP NL] dns_server: dns type: 0, ipv4=*.*.*.*, ipv6=*:*:*:*:*:*:*:*
04-04 20:24:34.210  1423  1423 I [BIP]   :  [BIP TASK] Init end (4)
04-04 20:24:34.210  1423  1423 I [BIP]   :  [BIP KAL MSG] msg deq, type = (1)
04-04 20:24:34.210  1423  1423 I [BIP]   :  [BIP KAL MSG] msg deq, type = (0)
04-04 20:24:34.210  1423  1423 I [BIP]   :  [BIP KAL] BIP task suspend
04-04 20:24:34.210  1425  1436 D VoLTE IMSM: sim_id = 1, local sim_id = 1 (module/mdagent/volte_imsm_93/src/imsm_handler.c:5402)
04-04 20:24:34.210  1425  1436 D VoLTE IMSM: sim_id = 1 event queue = 0xf2722028 (module/mdagent/volte_imsm_93/src/imsm_handler.c:5407)
04-04 20:24:34.210  1425  1436 D VoLTE IMSM: INIT [1][0] (module/mdagent/volte_imsm_93/src/imsm_handler.c:5411)
04-04 20:24:34.210  1425  1436 D VoLTE IMSM: INIT [1][1] (module/mdagent/volte_imsm_93/src/imsm_handler.c:5411)
04-04 20:24:34.210  1425  1436 D VoLTE IMSM: INIT [1][2] (module/mdagent/volte_imsm_93/src/imsm_handler.c:5411)
04-04 20:24:34.210  1425  1436 D VoLTE IMSM: INIT [1][3] (module/mdagent/volte_imsm_93/src/imsm_handler.c:5411)
04-04 20:24:34.210  1425  1436 D VoLTE IMSM: INIT [1][4] (module/mdagent/volte_imsm_93/src/imsm_handler.c:5411)
04-04 20:24:34.210  1425  1436 D VoLTE IMSM: INIT [1][5] (module/mdagent/volte_imsm_93/src/imsm_handler.c:5411)
04-04 20:24:34.210  1425  1436 D VoLTE IMSM: INIT [1][6] (module/mdagent/volte_imsm_93/src/imsm_handler.c:5411)
04-04 20:24:34.210  1425  1436 D VoLTE IMSM: INIT [1][7] (module/mdagent/volte_imsm_93/src/imsm_handler.c:5411)
04-04 20:24:34.210  1425  1436 D VoLTE IMSM: INIT [1][8] (module/mdagent/volte_imsm_93/src/imsm_handler.c:5411)
04-04 20:24:34.210  1425  1436 D VoLTE IMSM: INIT [1][9] (module/mdagent/volte_imsm_93/src/imsm_handler.c:5411)
04-04 20:24:34.210  1425  1436 D VoLTE IMSM: INIT [1][10] (module/mdagent/volte_imsm_93/src/imsm_handler.c:5411)
04-04 20:24:34.210  1425  1436 D VoLTE IMSM: INIT [1] Dedicated bearer pending (module/mdagent/volte_imsm_93/src/imsm_handler.c:5415)
04-04 20:24:34.211  1425  1432 D VoLTE IMSM: monitor_wifi_tech: enter (module/mdagent/volte_imsm_93/src/wireless.c:453)
04-04 20:24:34.211  1425  1434 D VoLTE IMSM: sim_id = 2, local sim_id = 2 (module/mdagent/volte_imsm_93/src/imsm_handler.c:5402)
04-04 20:24:34.211  1425  1434 D VoLTE IMSM: sim_id = 2 event queue = 0xf2722050 (module/mdagent/volte_imsm_93/src/imsm_handler.c:5407)
04-04 20:24:34.211  1425  1434 D VoLTE IMSM: INIT [2][0] (module/mdagent/volte_imsm_93/src/imsm_handler.c:5411)
04-04 20:24:34.211  1425  1434 D VoLTE IMSM: INIT [2][1] (module/mdagent/volte_imsm_93/src/imsm_handler.c:5411)
04-04 20:24:34.211  1425  1434 D VoLTE IMSM: INIT [2][2] (module/mdagent/volte_imsm_93/src/imsm_handler.c:5411)
04-04 20:24:34.211  1425  1434 D VoLTE IMSM: INIT [2][3] (module/mdagent/volte_imsm_93/src/imsm_handler.c:5411)
04-04 20:24:34.211  1425  1432 D VoLTE IMSM: send CTRL_CMD_GETFAMILY (module/mdagent/volte_imsm_93/src/wireless.c:472)
04-04 20:24:34.211  1425  1434 D VoLTE IMSM: INIT [2][4] (module/mdagent/volte_imsm_93/src/imsm_handler.c:5411)
04-04 20:24:34.211  1425  1434 D VoLTE IMSM: INIT [2][5] (module/mdagent/volte_imsm_93/src/imsm_handler.c:5411)
04-04 20:24:34.211  1425  1434 D VoLTE IMSM: INIT [2][6] (module/mdagent/volte_imsm_93/src/imsm_handler.c:5411)
04-04 20:24:34.211  1425  1434 D VoLTE IMSM: INIT [2][7] (module/mdagent/volte_imsm_93/src/imsm_handler.c:5411)
04-04 20:24:34.211  1425  1434 D VoLTE IMSM: INIT [2][8] (module/mdagent/volte_imsm_93/src/imsm_handler.c:5411)
04-04 20:24:34.211  1425  1434 D VoLTE IMSM: INIT [2][9] (module/mdagent/volte_imsm_93/src/imsm_handler.c:5411)
04-04 20:24:34.211  1425  1434 D VoLTE IMSM: INIT [2][10] (module/mdagent/volte_imsm_93/src/imsm_handler.c:5411)
04-04 20:24:34.211  1425  1434 D VoLTE IMSM: INIT [2] Dedicated bearer pending (module/mdagent/volte_imsm_93/src/imsm_handler.c:5415)
04-04 20:24:34.212  1425  1433 D VoLTE IMSM: sim_id = 3, local sim_id = 3 (module/mdagent/volte_imsm_93/src/imsm_handler.c:5402)
04-04 20:24:34.212  1425  1433 D VoLTE IMSM: sim_id = 3 event queue = 0xf2722078 (module/mdagent/volte_imsm_93/src/imsm_handler.c:5407)
04-04 20:24:34.212  1425  1433 D VoLTE IMSM: INIT [3][0] (module/mdagent/volte_imsm_93/src/imsm_handler.c:5411)
04-04 20:24:34.212  1425  1433 D VoLTE IMSM: INIT [3][1] (module/mdagent/volte_imsm_93/src/imsm_handler.c:5411)
04-04 20:24:34.212  1425  1433 D VoLTE IMSM: INIT [3][2] (module/mdagent/volte_imsm_93/src/imsm_handler.c:5411)
04-04 20:24:34.212  1425  1433 D VoLTE IMSM: INIT [3][3] (module/mdagent/volte_imsm_93/src/imsm_handler.c:5411)
04-04 20:24:34.212  1425  1433 D VoLTE IMSM: INIT [3][4] (module/mdagent/volte_imsm_93/src/imsm_handler.c:5411)
04-04 20:24:34.212  1425  1433 D VoLTE IMSM: INIT [3][5] (module/mdagent/volte_imsm_93/src/imsm_handler.c:5411)
04-04 20:24:34.212  1425  1433 D VoLTE IMSM: INIT [3][6] (module/mdagent/volte_imsm_93/src/imsm_handler.c:5411)
04-04 20:24:34.212  1425  1433 D VoLTE IMSM: INIT [3][7] (module/mdagent/volte_imsm_93/src/imsm_handler.c:5411)
04-04 20:24:34.212  1425  1433 D VoLTE IMSM: INIT [3][8] (module/mdagent/volte_imsm_93/src/imsm_handler.c:5411)
04-04 20:24:34.212  1425  1433 D VoLTE IMSM: INIT [3][9] (module/mdagent/volte_imsm_93/src/imsm_handler.c:5411)
04-04 20:24:34.212  1425  1433 D VoLTE IMSM: INIT [3][10] (module/mdagent/volte_imsm_93/src/imsm_handler.c:5411)
04-04 20:24:34.212  1425  1433 D VoLTE IMSM: INIT [3] Dedicated bearer pending (module/mdagent/volte_imsm_93/src/imsm_handler.c:5415)
04-04 20:24:34.212  1423  1441 I [BIP]   :  [BIP NL] thread start
04-04 20:24:34.213  1423  1437 I [BIP]   :  [BIP AGENT] start read() now, FD = (5)
04-04 20:24:34.216  1424  1424 I EMDLOGGER1: 2018-09-15 previous mask value is 077
04-04 20:24:34.216  1424  1424 D EMDLOGGER1: customized_mode = 0
04-04 20:24:34.216  1424  1424 W EMDLOGGER1: Failed to open file /data/mdlog/mdlog1_customize_config, errno=2, get default value
04-04 20:24:34.216  1424  1424 I EMDLOGGER1: normal file size 0 
04-04 20:24:34.216  1424  1424 D EMDLOGGER1: getDumpType: persist.odm.sys.mdlog_dumpback=0
04-04 20:24:34.216  1424  1424 I EMDLOGGER1: PROP_ENABLE_DEBUG_LOG persist.vendor.logmuch.mdlogger = 0 mEnableLogPrintTooMuch = 0
04-04 20:24:34.216  1424  1424 E EMDLOGGER1: dllopen fail: dlopen failed: library "/system/lib64/libsysenv_system.so" not found
04-04 20:24:34.217  1424  1424 E linker  : library "/system/lib/libsysenv_system.so" ("/system/lib/libsysenv_system.so") needed or dlopened by "/system/bin/emdlogger1" is not accessible for the namespace: [name="(default)", ld_library_paths="", default_library_paths="/system/lib64", permitted_paths="/system/lib64/drm:/system/lib64/extractors:/system/lib64/hw:/system/product/lib64:/system/framework:/system/app:/system/priv-app:/vendor/framework:/vendor/app:/vendor/priv-app:/odm/framework:/odm/app:/odm/priv-app:/oem/app:/system/product/framework:/system/product/app:/system/product/priv-app:/data:/mnt/expand:/usr/libexec/droid-hybris/system/lib64"]
04-04 20:24:34.217  1424  1424 E EMDLOGGER1: dllopen fail too dlopen failed: library "/system/lib/libsysenv_system.so" needed or dlopened by "/system/bin/emdlogger1" is not accessible for the namespace "(default)"
04-04 20:24:34.219  1229  1401 I focaltech:ca:client: [ 109]:---8<---- TA LOG BEGINS ---------
04-04 20:24:34.220  1229  1401 I focaltech:ta:device: [  91]:initializing the device...
04-04 20:24:34.220  1229  1401 I focaltech:fw: [ 743]:fw9362_fdt_AutoSDacUpdate final dac:25 .(normal 1~125)
04-04 20:24:34.220  1229  1401 I focaltech:fw: [ 996]:fdt_base = FdtBaseUp = FdtBaseDown[4] : 643,527,531,525
04-04 20:24:34.220  1229  1401 I focaltech:fw: [ 997]:fw9362_fdt_base: FW9362_FDT_DELT_DOWN_LO = 50; FW9362_FDT_DELT_UP_LO= 45 
04-04 20:24:34.220  1229  1401 I focaltech:fw: [ 671]:'fw9362_AutoSDacUpdate ENTER
04-04 20:24:34.220  1229  1401 I focaltech:fw: [ 677]:'fw9362_AutoSDacUpdate IMG par SHILD L:1 R:1 U:0 D:0
04-04 20:24:34.220  1229  1401 I focaltech:fw: [ 678]:'fw9362_AutoSDacUpdate IMG par BADTH 1:500 2:4012 3:20 4:30
04-04 20:24:34.220  1229  1401 I focaltech:fw: [ 689]:Try 1 AVG DAC_Temp:54 Last_DAC:54 MiddleTemp:534
04-04 20:24:34.220  1229  1401 I focaltech:fw: [ 689]:Try 2 AVG DAC_Temp:53 Last_DAC:54 MiddleTemp:426
04-04 20:24:34.220  1229  1401 I focaltech:ca:client: [ 124]:--------- TA LOG FINISH ---->8---
04-04 20:24:34.220  1229  1401 I focaltech:hal:core: [ 194]:version.ree_platform  : Android9-64bits
04-04 20:24:34.220  1229  1401 I focaltech:hal:core: [ 196]:version.tee_solution  : Beanpod
04-04 20:24:34.220  1229  1401 I focaltech:hal:core: [ 197]:version.framework     : v2.4.5-r2649-20190827-release
04-04 20:24:34.220  1229  1401 I focaltech:hal:core: [ 198]:version.trustlet      : v2.4.5-r2649-20190827-release
04-04 20:24:34.220  1229  1401 I focaltech:hal:core: [ 199]:version.algorithm_core: v1.1.8.17-r3636-20190521
04-04 20:24:34.220  1229  1401 I focaltech:hal:core: [ 200]:version.algorithm_api : v1.4.8-r3640-beanpod_v280-20190523
04-04 20:24:34.220  1229  1401 I focaltech:hal:core: [ 201]:version.driver        : v2.1.2-mt6763
04-04 20:24:34.220  1229  1401 I focaltech:hal:core: [ 202]:version.firmware      : v2.7.10
04-04 20:24:34.221  1207  1266 D PQ      : ccorr table index=0
04-04 20:24:34.222  1207  1266 D PQTransition: onTransition: TRS: Mode2 (34)
04-04 20:24:34.222  1207  1266 D PQTransition: CheckIfFinished: TRS: CheckIfFinished(EN=1)
04-04 20:24:34.222  1207  1266 D PQ      : [PQ_SERVICE] setPQParamWithFilter configFlag: 2
04-04 20:24:34.227  1428  1428 I VoLTE Stack: [Box]VoLTE Stack is launched (module/volte//volte_stack/src/volte_stack.c:114)
04-04 20:24:34.227  1428  1428 I VoLTE Stack: flush ipsec SA&SP (module/volte//volte_stack/src/volte_stack.c:132)
04-04 20:24:34.227  1428  1428 D setkey  : netlink receive msg status:20
04-04 20:24:34.227  1428  1428 D setkey  : receive netlink message: 00000020 0x00000003 0x00000002
04-04 20:24:34.227  1428  1428 D setkey  : flush_SA_SP_exist_xfrm <0 done
04-04 20:24:34.228  1424  1424 E EMDLOGGER1: restorecon failed for /data/mdlog/: Operation not supported on transport endpoint
04-04 20:24:34.228  1424  1424 I EMDLOGGER1: mkdir: Failed.[/data/mdlog/bootupLog/] errno=17
04-04 20:24:34.228  1428  1428 I VoLTE Stack: [SIP] enter sip_init. MOD_SIP:65 (module/volte//volte_stack/src/sip/sip_main.c:226)
04-04 20:24:34.231  1428  1428 I VoLTE IF_CH: server open stream socket (listen), name = volte_stack (module/volte//volte_core/src/os/api_channel.c:665)
04-04 20:24:34.232  1428  1428 I VoLTE REG: REG init (module/volte//volte_stack/src/reg/reg.c:10905)
04-04 20:24:34.232  1429  1429 I VoLTE UA: [Box]VoLTE UA is launched (module/volte//volte_ua/src/volte_service.c:79)
04-04 20:24:34.232  1428  1428 I VoLTE REG: vtimer init (module/volte//volte_stack/src/reg/reg.c:10923)
04-04 20:24:34.232  1429  1429 E VoLTE IF_CH: Try to open stream socket failed, retry! name = volte_stack, times = 1, error = Connection refused (module/volte//volte_core/src/os/api_channel.c:207)
04-04 20:24:34.232  1428  1428 E VoLTE IF_CH: Try to open stream socket failed, retry! name = volte_stack, times = 1, error = Connection refused (module/volte//volte_core/src/os/api_channel.c:207)
04-04 20:24:34.235  1430  1430 I VoLTE IMCB-CM: uid= 0, euid=0 #203
04-04 20:24:34.235  1430  1430 I VoLTE IMCB-CM: get [0]permitted: FFFFFFFF, [1]permitted: 3F #223
04-04 20:24:34.235  1430  1430 I VoLTE IMCB-CM: get [1]effective.CAP_WAKE_ALARM: 0, [1]permitted.CAP_WAKE_ALARM: 8 #227
04-04 20:24:34.235  1430  1430 I VoLTE IMCB-CM: get [0]permitted: FFFFFFFF, [1]permitted: 3F #255
04-04 20:24:34.235  1428  1447 I VoLTE SOC: create soc task, pid : 1428 (module/volte//volte_stack/src/soc/soc_data.c:555)
04-04 20:24:34.235  1428  1448 I VoLTE SOC: create soc_connect_thread task, pid : 1428 (module/volte//volte_stack/src/soc/soc_data.c:361)
04-04 20:24:34.235  1428  1449 I VoLTE Stack: create sip task, pid : 1428 (module/volte//volte_stack/src/sip/sip_main.c:296)
04-04 20:24:34.235  1428  1450 I VoLTE IF_CH: Max connection is 36, name = volte_stack (module/volte//volte_core/src/os/api_channel.c:437)
04-04 20:24:34.236  1430  1430 I VoLTE IMCB-CM: boottime_alarm_support = 1 #302
04-04 20:24:34.238  1094  1094 W ccci_fsd(1): O: X://NA77_006, flag 0x700, ret 1
04-04 20:24:34.238  1424  1424 I EMDLOGGER1: mkdir: access file ok
04-04 20:24:34.239  1207  1266 D PQ      : ccorr table index=0
04-04 20:24:34.239  1207  1266 D PQTransition: onTransition: TRS: Mode2 (35)
04-04 20:24:34.239  1207  1266 D PQTransition: CheckIfFinished: TRS: CheckIfFinished(EN=1)
04-04 20:24:34.240  1207  1266 D PQ      : [PQ_SERVICE] setPQParamWithFilter configFlag: 2
04-04 20:24:34.241  1430  1430 I VoLTE IMCB-CM: register ims_hif for vt #375
04-04 20:24:34.242  1231  1231 I ip6tables-wrapper-1.0: ip6tables: No chain/target/match by that name.
04-04 20:24:34.242  1094  1094 W ccci_fsd(1): O: Y://NA77_006, flag 0x700, ret 1
04-04 20:24:34.242  1430  1430 I VoLTE IMCB-CM: [ims_hif:0] init success, fd: 5 #422
04-04 20:24:34.242  1430  1430 I VoLTE IMCB-CM: [ims_hif:1] init success, fd: 6 #422
04-04 20:24:34.242  1430  1430 I VoLTE IMCB-CM: [ims_hif:2] init success, fd: 7 #422
04-04 20:24:34.242  1430  1430 I VoLTE IMCB-CM: [ims_hif:3] init success, fd: 8 #422
04-04 20:24:34.242  1231  1231 I ip6tables-wrapper-1.0: ip6tables-wrapper-1.0 terminated by exit(1)
04-04 20:24:34.242  1430  1430 E VoLTE IF_CH: Try to open stream socket failed, retry! name = volte_ua, times = 1, error = Connection refused (module/volte//volte_core/src/os/api_channel.c:207)
04-04 20:24:34.243  1231  1231 E NetdagentIptables: exec() res=0, status=256 for /system/bin/ip6tables-wrapper-1.0 -w -t filter -F oem_wifi 
04-04 20:24:34.246  1194  1392 I ServiceManager: Waiting for service 'package_native' on '/dev/binder'...
04-04 20:24:34.257  1207  1266 D PQ      : ccorr table index=0
04-04 20:24:34.258  1207  1266 D PQTransition: onTransition: TRS: Mode2 (36)
04-04 20:24:34.258  1207  1266 D PQTransition: CheckIfFinished: TRS: CheckIfFinished(EN=1)
04-04 20:24:34.258  1207  1266 D PQ      : [PQ_SERVICE] setPQParamWithFilter configFlag: 2
04-04 20:24:34.275  1207  1266 D PQ      : ccorr table index=0
04-04 20:24:34.275  1207  1266 D PQTransition: onTransition: TRS: Mode2 (37)
04-04 20:24:34.275  1207  1266 D PQTransition: CheckIfFinished: TRS: CheckIfFinished(EN=1)
04-04 20:24:34.275  1207  1266 D PQ      : [PQ_SERVICE] setPQParamWithFilter configFlag: 2
04-04 20:24:34.283  1429  1429 I VoLTE IF_CH: client open stream socket , name = volte_stack, retry -200 times (module/volte//volte_core/src/os/api_channel.c:220)
04-04 20:24:34.283  1428  1428 I VoLTE IF_CH: client open stream socket , name = volte_stack, retry -200 times (module/volte//volte_core/src/os/api_channel.c:220)
04-04 20:24:34.283  1428  1450 I VoLTE IF_CH: Connection from 0.0.0.0:0 [name:volte_stack, fd:11, idx:0] (module/volte//volte_core/src/os/api_channel.c:528)
04-04 20:24:34.283  1428  1450 I VoLTE IF_CH: Connection from 0.0.0.0:0 [name:volte_stack, fd:14, idx:1] (module/volte//volte_core/src/os/api_channel.c:528)
04-04 20:24:34.283  1428  1428 I VoLTE IF_CH: ** channel create (0xf4a40b40) (9) (module/volte//volte_core/src/os/api_channel.c:305)
04-04 20:24:34.283  1429  1429 I VoLTE IF_CH: ** channel create (0xea7acb00) (5) (module/volte//volte_core/src/os/api_channel.c:305)
04-04 20:24:34.284  1428  1450 I VoLTE DISP: Reg UA is connected (0xf4a1ea08 - 0xf4410020 - 0) (module/volte//volte_stack/src/dispatcher/dispatcher.c:423)
04-04 20:24:34.284  1428  1450 I VoLTE DISP: Parent channel id = 0x0 (module/volte//volte_stack/src/dispatcher/dispatcher.c:425)
04-04 20:24:34.284  1428  1450 I VoLTE DISP: UA is connected (0xf4a1ea4c - 0xf4400000 - 1 - 0x0), type = 303301893 (module/volte//volte_stack/src/dispatcher/dispatcher.c:427)
04-04 20:24:34.284  1428  1428 I VoLTE IF_CORE: volte_sip_stack_create, stack = 0xf4a4f050, channel = 0xf4a40b40 (module/volte//volte_stack/src/reg/reg.c:10952) (module/volte//volte_core/src/interface/volte_stack.c:463)
04-04 20:24:34.284  1428  1428 I VoLTE REG: Init the Reg[0] (module/volte//volte_stack/src/reg/reg.c:2195)
04-04 20:24:34.284  1428  1428 I VoLTE REG: *Reg[0] = unknown --> Disconnect , cause = 7, owner = 0 (module/volte//volte_stack/src/reg/reg.c:1846) (module/volte//volte_stack/src/reg/reg.c:1432)
04-04 20:24:34.284  1428  1428 I VoLTE_Auto_Testing: [0][reg] state/0/0/5/7
04-04 20:24:34.284  1428  1428 I VoLTE REG: Init the Reg[1] (module/volte//volte_stack/src/reg/reg.c:2195)
04-04 20:24:34.284  1428  1428 I VoLTE REG: *Reg[1] = unknown --> Disconnect , cause = 7, owner = 0 (module/volte//volte_stack/src/reg/reg.c:1846) (module/volte//volte_stack/src/reg/reg.c:1432)
04-04 20:24:34.284  1428  1428 I VoLTE_Auto_Testing: [0][reg] state/1/0/5/7
04-04 20:24:34.284  1428  1428 I VoLTE REG: Init the Reg[2] (module/volte//volte_stack/src/reg/reg.c:2195)
04-04 20:24:34.284  1428  1428 I VoLTE REG: *Reg[2] = unknown --> Disconnect , cause = 7, owner = 0 (module/volte//volte_stack/src/reg/reg.c:1846) (module/volte//volte_stack/src/reg/reg.c:1432)
04-04 20:24:34.284  1428  1428 I VoLTE_Auto_Testing: [0][reg] state/2/0/5/7
04-04 20:24:34.284  1428  1428 I VoLTE REG: Init the Reg[3] (module/volte//volte_stack/src/reg/reg.c:2195)
04-04 20:24:34.284  1428  1428 I VoLTE REG: *Reg[3] = unknown --> Disconnect , cause = 7, owner = 0 (module/volte//volte_stack/src/reg/reg.c:1846) (module/volte//volte_stack/src/reg/reg.c:1432)
04-04 20:24:34.284  1428  1428 I VoLTE_Auto_Testing: [0][reg] state/3/0/5/7
04-04 20:24:34.284  1428  1428 I VoLTE REG: Init the Reg[4] (module/volte//volte_stack/src/reg/reg.c:2195)
04-04 20:24:34.284  1428  1428 I VoLTE REG: *Reg[4] = unknown --> Disconnect , cause = 7, owner = 0 (module/volte//volte_stack/src/reg/reg.c:1846) (module/volte//volte_stack/src/reg/reg.c:1432)
04-04 20:24:34.284  1428  1428 I VoLTE_Auto_Testing: [0][reg] state/4/0/5/7
04-04 20:24:34.284  1428  1428 I VoLTE REG: Init the Reg[5] (module/volte//volte_stack/src/reg/reg.c:2195)
04-04 20:24:34.284  1428  1428 I VoLTE REG: *Reg[5] = unknown --> Disconnect , cause = 7, owner = 0 (module/volte//volte_stack/src/reg/reg.c:1846) (module/volte//volte_stack/src/reg/reg.c:1432)
04-04 20:24:34.284  1428  1428 I VoLTE_Auto_Testing: [0][reg] state/5/0/5/7
04-04 20:24:34.285  1429  1429 I VoLTE IF_CORE: volte_sip_stack_create, stack = 0xea7b2000, channel = 0xea7acb00 (module/volte//volte_ua/src/service/message.c:658) (module/volte//volte_core/src/interface/volte_stack.c:463)
04-04 20:24:34.285  1429  1429 I VoLTE UA: Connect to VoLTE Stack (module/volte//volte_ua/src/service/message.c:663)
04-04 20:24:34.285  1429  1480 E VoLTE IF_CORE: type = 96012, response size error, size = 0 (module/volte//volte_core/src/interface/volte_stack.c:140)
04-04 20:24:34.285  1429  1429 E VoLTE IF_CORE: volte_sip_stack_send_cmd, command error, type = 91034 (module/volte//volte_core/src/interface/volte_stack.c:549)
04-04 20:24:34.286  1429  1429 E VoLTE UA: The Acct obj is NULL (module/volte//volte_ua/src/ussd/ussd.c:3590)
04-04 20:24:34.287  1429  1429 I chatty  : uid=0(root) /vendor/bin/volte_ua identical 4 lines
04-04 20:24:34.287  1429  1429 E VoLTE UA: The Acct obj is NULL (module/volte//volte_ua/src/ussd/ussd.c:3590)
04-04 20:24:34.288  1429  1429 I VoLTE IF_CH: server open stream socket (listen), name = volte_ua (module/volte//volte_core/src/os/api_channel.c:665)
04-04 20:24:34.293  1207  1266 D PQ      : ccorr table index=0
04-04 20:24:34.293  1207  1266 D PQTransition: onTransition: TRS: Mode2 (38)
04-04 20:24:34.293  1207  1266 D PQTransition: CheckIfFinished: TRS: CheckIfFinished(EN=1)
04-04 20:24:34.293  1207  1266 D PQ      : [PQ_SERVICE] setPQParamWithFilter configFlag: 2
04-04 20:24:34.293  1429  1488 I VoLTE IF_CH: Max connection is 1, name = volte_ua (module/volte//volte_core/src/os/api_channel.c:437)
04-04 20:24:34.305  1231  1231 I ip6tables-wrapper-1.0: ip6tables: No chain/target/match by that name.
04-04 20:24:34.306  1231  1231 I ip6tables-wrapper-1.0: ip6tables-wrapper-1.0 terminated by exit(1)
04-04 20:24:34.306  1231  1231 E NetdagentIptables: exec() res=0, status=256 for /system/bin/ip6tables-wrapper-1.0 -w -t filter -X oem_wifi 
04-04 20:24:34.311  1207  1266 D PQ      : ccorr table index=0
04-04 20:24:34.311  1207  1266 D PQTransition: onTransition: TRS: Mode2 (39)
04-04 20:24:34.311  1207  1266 D PQTransition: CheckIfFinished: TRS: CheckIfFinished(EN=1)
04-04 20:24:34.311  1207  1266 D PQ      : [PQ_SERVICE] setPQParamWithFilter configFlag: 2
04-04 20:24:34.329  1207  1266 D PQ      : ccorr table index=0
04-04 20:24:34.329  1207  1266 D PQTransition: onTransition: TRS: Mode2 (40)
04-04 20:24:34.329  1207  1266 D PQTransition: CheckIfFinished: TRS: CheckIfFinished(EN=1)
04-04 20:24:34.329  1207  1266 D PQ      : [PQ_SERVICE] setPQParamWithFilter configFlag: 2
04-04 20:24:34.343  1430  1430 I VoLTE IF_CH: client open stream socket , name = volte_ua, retry -200 times (module/volte//volte_core/src/os/api_channel.c:220)
04-04 20:24:34.343  1429  1488 I VoLTE IF_CH: Connection from 0.0.0.0:0 [name:volte_ua, fd:11, idx:0] (module/volte//volte_core/src/os/api_channel.c:528)
04-04 20:24:34.343  1430  1430 I VoLTE IF_CH: ** channel create (0xf6ab0000) (14) (module/volte//volte_core/src/os/api_channel.c:305)
04-04 20:24:34.343  1429  1488 E VoLTE IF_SERVICE: volte_service_server_read, data = 0xe9e8b890, channel = 0xea7c1f40, type = 0, callback is NULL (module/volte//volte_core/src/interface/volte_service.c:188)
04-04 20:24:34.343  1430  1430 I VoLTE IMCB-CM: Send the init event to UA, max_acct=6 #54
04-04 20:24:34.344  1430  1430 I VoLTE IMCB-CM: Connect to the UA, wait reg event (type 1) #217
04-04 20:24:34.344  1429  1488 I VoLTE Service: UA account num = 6 (module/volte//volte_ua/src/service/service.c:108)
04-04 20:24:34.344  1429  1488 E VoLTE UA: Stack channel is created (module/volte//volte_ua/src/service/message.c:646)
04-04 20:24:34.344  1429  1488 I VoLTE Service: VoLTE Service is ready (module/volte//volte_ua/src/service/service.c:124)
04-04 20:24:34.344  1430  1430 I VoLTE IMCB-CM: socket opened, fd = 17!! #122
04-04 20:24:34.344  1430  1430 I VoLTE IMCB-1: {{{{imcb main start ... (NDK build 20161209)/2020/01/10 21:11:20 GMT +08:00/MOLY.LR12A.R2.MP.V91.7.P9 main()@0#481
04-04 20:24:34.344  1430  1430 I VoLTE IMCB-1: [process_msg] msg_id=101602(0x00018CE2), dst=IMCB[2], IMCB_IMC_HEADER_FILE_VERNO=74, MSG_ID_IMC_IN_BEGIN=100000, IMC_FEATURE_BITMAP=0x3 process_msg()@0#187
04-04 20:24:34.344  1430  1430 I VoLTE IMCB-1: connection status change for module 2 as error_num 0 imcb_imcb_comm_error_handler()@0#824
04-04 20:24:34.344  1430  1430 I VoLTE IMCB-1: connection status for modudle 2 @0#847
04-04 20:24:34.344  1430  1430 I VoLTE IMCB-1: ENTER imcb_send_multiple_imc_va_connect_req()@0#3057
04-04 20:24:34.344  1430  1430 I VoLTE IMCB-1: ENTER imcb_send_imc_va_connect_req()@0#3040
04-04 20:24:34.344  1430  1430 I VoLTE IMCB-1: Pure Mesage Send dest=IMCB[2], msg_id=100003(0x000186A3), len=3456, IMCB_IMC_HEADER_FILE_VERNO=74, MSG_ID_IMC_IN_BEGIN=100000, IMC_FEATURE_BITMAP=0x3 imcb_send_to_COMM()@0#248
04-04 20:24:34.344  1430  1430 I VoLTE IMCB-1: ENTER imcb_send_imc_va_connect_req()@1#3040}}}}
04-04 20:24:34.344  1430  1430 I VoLTE IMCB: {{{{Pure Mesage Send dest=IMCB[2], msg_id=100003(0x000186A3), len=3456, IMCB_IMC_HEADER_FILE_VERNO=74, MSG_ID_IMC_IN_BEGIN=100000, IMC_FEATURE_BITMAP=0x3 imcb_send_to_COMM()@1#248
04-04 20:24:34.344  1430  1430 I VoLTE IMCB: ENTER imcb_send_imc_va_connect_req()@2#3040
04-04 20:24:34.344  1430  1430 I VoLTE IMCB: Pure Mesage Send dest=IMCB[2], msg_id=100003(0x000186A3), len=3456, IMCB_IMC_HEADER_FILE_VERNO=74, MSG_ID_IMC_IN_BEGIN=100000, IMC_FEATURE_BITMAP=0x3 imcb_send_to_COMM()@2#248
04-04 20:24:34.344  1430  1430 I VoLTE IMCB: EndofMessage process_msg()@0#236}}}}
04-04 20:24:34.345  1428  1454 I VoLTE REG: Reg[0] owner = 00000002 (module/volte//volte_stack/src/reg/reg.c:9816)
04-04 20:24:34.345  1428  1454 I VoLTE REG: Reg[1] owner = 00000002 (module/volte//volte_stack/src/reg/reg.c:9816)
04-04 20:24:34.345  1428  1454 I VoLTE REG: Reg[2] owner = 00000002 (module/volte//volte_stack/src/reg/reg.c:9816)
04-04 20:24:34.345  1428  1454 I VoLTE REG: Reg[3] owner = 00000002 (module/volte//volte_stack/src/reg/reg.c:9816)
04-04 20:24:34.345  1428  1454 I VoLTE REG: Reg[4] owner = 00000002 (module/volte//volte_stack/src/reg/reg.c:9816)
04-04 20:24:34.345  1428  1454 I VoLTE REG: Reg[5] owner = 00000002 (module/volte//volte_stack/src/reg/reg.c:9816)
04-04 20:24:34.345  1430  1430 I VoLTE IMCB: {{{{[process_msg] msg_id=20002(0x00004E22), dst=UA[3], IMCB_IMC_HEADER_FILE_VERNO=74, MSG_ID_IMC_IN_BEGIN=100000, IMC_FEATURE_BITMAP=0x3 @0#187
04-04 20:24:34.345  1430  1430 I VoLTE IMCB: EndofMessage @0#236}}}}
04-04 20:24:34.345  1430  1501 I VoLTE IMCB-CM: Receive VOLTE_IND_REG_STATE, id = 5, and cause is VoLTE_Event_Reg_Cause_Channel_Bind #94
04-04 20:24:34.346  1207  1266 D PQ      : ccorr table index=0
04-04 20:24:34.347  1207  1266 D PQTransition: onTransition: TRS: Mode2 (41)
04-04 20:24:34.347  1207  1266 D PQTransition: CheckIfFinished: TRS: CheckIfFinished(EN=1)
04-04 20:24:34.347  1207  1266 D PQ      : [PQ_SERVICE] setPQParamWithFilter configFlag: 2
04-04 20:24:34.347  1194  1392 I ServiceManager: Waiting for service 'package_native' on '/dev/binder'...
04-04 20:24:34.364  1207  1266 D PQ      : ccorr table index=0
04-04 20:24:34.364  1207  1266 D PQTransition: onTransition: TRS: Mode2 (42)
04-04 20:24:34.364  1207  1266 D PQTransition: CheckIfFinished: TRS: CheckIfFinished(EN=1)
04-04 20:24:34.365  1207  1266 D PQ      : [PQ_SERVICE] setPQParamWithFilter configFlag: 2
04-04 20:24:34.374  1224  1224 D STFlashTool: -> STFlashTool integrates patch NFC FW version 0x01067465 (RA7)
04-04 20:24:34.374  1224  1224 D STFlashTool: -> STFlashTool integrates back-up Loader version 0x020201
04-04 20:24:34.374  1224  1224 D STFlashTool: 
04-04 20:24:34.382  1207  1266 D PQ      : ccorr table index=0
04-04 20:24:34.382  1207  1266 D PQTransition: onTransition: TRS: Mode2 (43)
04-04 20:24:34.382  1207  1266 D PQTransition: CheckIfFinished: TRS: CheckIfFinished(EN=1)
04-04 20:24:34.382  1207  1266 D PQ      : [PQ_SERVICE] setPQParamWithFilter configFlag: 2
04-04 20:24:34.400  1207  1266 D PQ      : ccorr table index=0
04-04 20:24:34.400  1207  1266 D PQTransition: onTransition: TRS: Mode2 (44)
04-04 20:24:34.400  1207  1266 D PQTransition: CheckIfFinished: TRS: CheckIfFinished(EN=1)
04-04 20:24:34.400  1207  1266 D PQ      : [PQ_SERVICE] setPQParamWithFilter configFlag: 2
04-04 20:24:34.408  1425  1425 E VoLTE IMSM: SOCK_Connect ok, fd = 6 (module/mdagent/volte_imsm_93/src/os_socket.c:305)
04-04 20:24:34.408  1425  1425 D VoLTE IMSM: create imcb receiver[0], task_sock = 0xf271e0f0 (module/mdagent/volte_imsm_93/src/request_handler.c:214)
04-04 20:24:34.408  1425  1425 D VoLTE IMSM: version check begin (module/mdagent/volte_imsm_93/src/volte_imsm.c:173)
04-04 20:24:34.408  1425  1425 I VoLTE IMSMx: IMSM -> IMSMMD : [0] AP_ID_IMSM_GET_VERSION_REQ
04-04 20:24:34.409  1430  1430 I VoLTE IMCB-2: {{{{[process_msg] msg_id=101602(0x00018CE2), dst=IMSA1[5], IMCB_IMC_HEADER_FILE_VERNO=74, MSG_ID_IMC_IN_BEGIN=100000, IMC_FEATURE_BITMAP=0x3 @0#187
04-04 20:24:34.409  1430  1430 I VoLTE IMCB-2: connection status change for module 5 as error_num 0 imcb_imcb_comm_error_handler()@0#824
04-04 20:24:34.409  1430  1430 I VoLTE IMCB-2: ENTER imcb_send_multiple_imc_va_connect_req()@0#3057
04-04 20:24:34.409  1430  1430 I VoLTE IMCB-2: ENTER imcb_send_imc_va_connect_req()@0#3040
04-04 20:24:34.409  1430  1430 I VoLTE IMCB-2: Pure Mesage Send dest=IMCB[2], msg_id=100003(0x000186A3), len=3456, IMCB_IMC_HEADER_FILE_VERNO=74, MSG_ID_IMC_IN_BEGIN=100000, IMC_FEATURE_BITMAP=0x3 imcb_send_to_COMM()@0#248
04-04 20:24:34.409  1430  1430 I VoLTE IMCB-2: ENTER imcb_send_imc_va_connect_req()@1#3040
04-04 20:24:34.409  1430  1430 I VoLTE IMCB-2: Pure Mesage Send dest=IMCB[2], msg_id=100003(0x000186A3), len=3456, IMCB_IMC_HEADER_FILE_VERNO=74, MSG_ID_IMC_IN_BEGIN=100000, IMC_FEATURE_BITMAP=0x3 imcb_send_to_COMM()@1#248
04-04 20:24:34.409  1430  1430 I VoLTE IMCB-2: ENTER imcb_send_imc_va_connect_req()@2#3040}}}}
04-04 20:24:34.409  1430  1430 I VoLTE IMCB-1: {{{{Pure Mesage Send dest=IMCB[2], msg_id=100003(0x000186A3), len=3456, IMCB_IMC_HEADER_FILE_VERNO=74, MSG_ID_IMC_IN_BEGIN=100000, IMC_FEATURE_BITMAP=0x3 imcb_send_to_COMM()@2#248
04-04 20:24:34.409  1430  1430 I VoLTE IMCB-1: ENTER imcb_send_multiple_imc_imsa_connect_req()@0#3025
04-04 20:24:34.409  1430  1430 I VoLTE IMCB-1: ENTER imcb_send_imc_imsa_connect_req()@0#3009
04-04 20:24:34.409  1430  1430 I VoLTE IMCB-1: imcb_verno:0x74 imcb_set_imsa_connect_req_to_imc_para()@0#871
04-04 20:24:34.409  1430  1430 I VoLTE IMCB-1: Pure Mesage Send dest=IMCB[2], msg_id=100003(0x000186A3), len=3456, IMCB_IMC_HEADER_FILE_VERNO=74, MSG_ID_IMC_IN_BEGIN=100000, IMC_FEATURE_BITMAP=0x3 imcb_send_to_COMM()@0#248
04-04 20:24:34.409  1430  1430 I VoLTE IMCB-1: ENTER imcb_send_imc_imsa_connect_req()@1#3009
04-04 20:24:34.409  1430  1430 I VoLTE IMCB-1: imcb_verno:0x74 imcb_set_imsa_connect_req_to_imc_para()@1#871}}}}
04-04 20:24:34.409  1430  1430 I VoLTE IMCB-1: {{{{Pure Mesage Send dest=IMCB[2], msg_id=100003(0x000186A3), len=3456, IMCB_IMC_HEADER_FILE_VERNO=74, MSG_ID_IMC_IN_BEGIN=100000, IMC_FEATURE_BITMAP=0x3 imcb_send_to_COMM()@1#248
04-04 20:24:34.409  1430  1430 I VoLTE IMCB-1: ENTER imcb_send_imc_imsa_connect_req()@2#3009
04-04 20:24:34.409  1430  1430 I VoLTE IMCB-1: imcb_verno:0x74 imcb_set_imsa_connect_req_to_imc_para()@2#871
04-04 20:24:34.409  1430  1430 I VoLTE IMCB-1: Pure Mesage Send dest=IMCB[2], msg_id=100003(0x000186A3), len=3456, IMCB_IMC_HEADER_FILE_VERNO=74, MSG_ID_IMC_IN_BEGIN=100000, IMC_FEATURE_BITMAP=0x3 imcb_send_to_COMM()@2#248
04-04 20:24:34.409  1430  1430 I VoLTE IMCB-1: ENTER imcb_send_multiple_imc_va_connect_req()@0#3057
04-04 20:24:34.409  1430  1430 I VoLTE IMCB-1: ENTER imcb_send_imc_va_connect_req()@0#3040
04-04 20:24:34.409  1430  1430 I VoLTE IMCB-1: Pure Mesage Send dest=IMCB[2], msg_id=100003(0x000186A3), len=3456, IMCB_IMC_HEADER_FILE_VERNO=74, MSG_ID_IMC_IN_BEGIN=100000, IMC_FEATURE_BITMAP=0x3 imcb_send_to_COMM()@0#248
04-04 20:24:34.409  1430  1430 I VoLTE IMCB-1: ENTER imcb_send_imc_va_connect_req()@1#3040}}}}
04-04 20:24:34.409  1430  1430 I VoLTE IMCB: {{{{Pure Mesage Send dest=IMCB[2], msg_id=100003(0x000186A3), len=3456, IMCB_IMC_HEADER_FILE_VERNO=74, MSG_ID_IMC_IN_BEGIN=100000, IMC_FEATURE_BITMAP=0x3 imcb_send_to_COMM()@1#248
04-04 20:24:34.409  1430  1430 I VoLTE IMCB: ENTER imcb_send_imc_va_connect_req()@2#3040
04-04 20:24:34.409  1430  1430 I VoLTE IMCB: Pure Mesage Send dest=IMCB[2], msg_id=100003(0x000186A3), len=3456, IMCB_IMC_HEADER_FILE_VERNO=74, MSG_ID_IMC_IN_BEGIN=100000, IMC_FEATURE_BITMAP=0x3 imcb_send_to_COMM()@2#248
04-04 20:24:34.409  1430  1430 I VoLTE IMCB: EndofMessage process_msg()@0#236}}}}
04-04 20:24:34.409  1231  1231 I ip6tables-wrapper-1.0: ip6tables: No chain/target/match by that name.
04-04 20:24:34.410  1231  1231 I ip6tables-wrapper-1.0: ip6tables-wrapper-1.0 terminated by exit(1)
04-04 20:24:34.410  1231  1231 E NetdagentIptables: exec() res=0, status=256 for /system/bin/ip6tables-wrapper-1.0 -w -t filter -F oem_data 
04-04 20:24:34.411  1425  1515 I VoLTE IMSMx: IMSMMD -> IMSM : [0] AP_ID_IMSM_GET_VERSION_CNF
04-04 20:24:34.412  1425  1425 D VoLTE IMSM: AP version = 4, MD version = 4 (module/mdagent/volte_imsm_93/src/volte_imsm.c:181)
04-04 20:24:34.412  1425  1425 I VoLTE IMSMx: IMSM -> IMSMMD : [0] AP_ID_SIMMNGR_SIM_INSERT_CHECK_REQ
04-04 20:24:34.413  1425  1515 I VoLTE IMSMx: IMSMMD -> IMSM : [0] AP_ID_SIMMNGR_SIM_INSERT_CHECK_CNF
04-04 20:24:34.414  1425  1425 I VoLTE IMSMx: IMSM -> IMSMMD : [1] AP_ID_SIMMNGR_SIM_INSERT_CHECK_REQ
04-04 20:24:34.414  1425  1435 D VoLTE IMSM: ===> event queue = 0xf2722000, sim_id = 0, request_id = 800103 (module/mdagent/volte_imsm_93/src/imsm_handler.c:5431)
04-04 20:24:34.414  1425  1435 D VoLTE IMSM: MSG_ID_WRAP_MAL_IMSM_SIM_INSERT_CHECK_NOTIFY_IND, flag = 0 (module/mdagent/volte_imsm_93/src/imsm_handler.c:5049)
04-04 20:24:34.415  1425  1515 I VoLTE IMSMx: IMSMMD -> IMSM : [1] AP_ID_SIMMNGR_SIM_INSERT_CHECK_CNF
04-04 20:24:34.415  1425  1436 D VoLTE IMSM: ===> event queue = 0xf2722028, sim_id = 1, request_id = 17577319 (module/mdagent/volte_imsm_93/src/imsm_handler.c:5431)
04-04 20:24:34.415  1425  1436 D VoLTE IMSM: MSG_ID_WRAP_MAL_IMSM_SIM_INSERT_CHECK_NOTIFY_IND, flag = 0 (module/mdagent/volte_imsm_93/src/imsm_handler.c:5049)
04-04 20:24:34.415  1430  1502 I VoLTE IMCB-CM: receive the nessage from IMC #72
04-04 20:24:34.416  1430  1502 I chatty  : uid=1000(system) /vendor/bin/volte_imcb identical 7 lines
04-04 20:24:34.417  1430  1502 I VoLTE IMCB-CM: receive the nessage from IMC #72
04-04 20:24:34.417  1430  1430 I VoLTE IMCB-0: {{{{[process_msg] msg_id=100008(0x000186A8), dst=IMCB[2], IMCB_IMC_HEADER_FILE_VERNO=74, MSG_ID_IMC_IN_BEGIN=100000, IMC_FEATURE_BITMAP=0x3 @0#187
04-04 20:24:34.417  1430  1430 I VoLTE IMCB-0: ENTER imcb_imc_ims_init_ind_handler()@0#4039
04-04 20:24:34.417  1430  1430 I VoLTE IMCB-0: ENTER imcb_initial_sim()@0#797
04-04 20:24:34.417  1430  1430 I VoLTE IMCB-0: ENTER imcb_send_imc_ims_reg_state_req()@0#2372
04-04 20:24:34.417  1430  1430 I VoLTE IMCB-0: acct_id:0, reg_state:0, cause:0, sip_cause:0, retry_after:0 imcb_set_ims_reg_state_req_to_imc_para()@0#203
04-04 20:24:34.417  1430  1430 I VoLTE IMCB-0: Pure Mesage Send dest=IMCB[2], msg_id=100003(0x000186A3), len=3456, IMCB_IMC_HEADER_FILE_VERNO=74, MSG_ID_IMC_IN_BEGIN=100000, IMC_FEATURE_BITMAP=0x3 imcb_send_to_COMM()@0#248
04-04 20:24:34.417  1430  1430 I VoLTE IMCB-0: ENTER imcb_send_imc_ims_reg_state_req()@0#2372
04-04 20:24:34.417  1430  1430 I VoLTE IMCB-0: acct_id:1, reg_state:0, cause:0, sip_cause:0, retry_after:0 imcb_set_ims_reg_state_req_to_imc_para()@0#203}}}}
04-04 20:24:34.417  1430  1430 I VoLTE IMCB: {{{{Pure Mesage Send dest=IMCB[2], msg_id=100003(0x000186A3), len=3456, IMCB_IMC_HEADER_FILE_VERNO=74, MSG_ID_IMC_IN_BEGIN=100000, IMC_FEATURE_BITMAP=0x3 imcb_send_to_COMM()@0#248
04-04 20:24:34.417  1430  1430 I VoLTE IMCB: sim:0 initiated ! imcb_initial_sim()@0#806
04-04 20:24:34.417  1430  1430 I VoLTE IMCB: EndofMessage process_msg()@0#236}}}}
04-04 20:24:34.417  1430  1502 I VoLTE IMCB-CM: receive the nessage from IMC #72
04-04 20:24:34.418  1207  1266 D PQ      : ccorr table index=0
04-04 20:24:34.418  1207  1266 D PQTransition: onTransition: TRS: Mode2 (45)
04-04 20:24:34.418  1207  1266 D PQTransition: CheckIfFinished: TRS: CheckIfFinished(EN=1)
04-04 20:24:34.418  1207  1266 D PQ      : [PQ_SERVICE] setPQParamWithFilter configFlag: 2
04-04 20:24:34.419  1430  1430 I VoLTE IMCB: {{{{[process_msg] msg_id=100014(0x000186AE), dst=IMCB[2], IMCB_IMC_HEADER_FILE_VERNO=74, MSG_ID_IMC_IN_BEGIN=100000, IMC_FEATURE_BITMAP=0x3 @0#187
04-04 20:24:34.419  1430  1430 I VoLTE IMCB: ENTER imcb_imc_sim_query_ind_handler()@0#5386
04-04 20:24:34.419  1430  1430 I VoLTE IMCB: Pure Mesage Send dest=IMSA1[5], msg_id=100508(0x0001889C), len=4, IMCB_IMC_HEADER_FILE_VERNO=74, MSG_ID_IMC_IN_BEGIN=100000, IMC_FEATURE_BITMAP=0x3 imcb_send_to_COMM()@0#248
04-04 20:24:34.419  1430  1430 I VoLTE IMCB: EndofMessage process_msg()@0#236}}}}
04-04 20:24:34.419  1425  1514 I VoLTE IMSMx: IMCB -> IMSM : [0] SIM_QUERY_IND
04-04 20:24:34.419  1425  1435 D VoLTE IMSM: ===> event queue = 0xf2722000, sim_id = 0, request_id = 100508 (module/mdagent/volte_imsm_93/src/imsm_handler.c:5431)
