04-04 20:24:34.419  1425  1435 D VoLTE IMSM: Receive IMCB sim_id=0 request_id=100508 (module/mdagent/volte_imsm_93/src/imsm_handler.c:2526)
04-04 20:24:34.419  1425  1435 D VoLTE IMSM: receive MSG_ID_WRAP_IMSA_IMCB_SIM_QUERY_IND, transaction_id = 1 (module/mdagent/volte_imsm_93/src/imsm_handler.c:3026)
04-04 20:24:34.419  1425  1435 D VoLTE IMSM: send MSG_ID_WRAP_IMSA_IMCB_SIM_QUERY_RSP, transaction_id = 1, sim_usim_type = 0, isim_type = 3, session_id = 0 (module/mdagent/volte_imsm_93/src/imsm_handler.c:3047)
04-04 20:24:34.419  1425  1435 I VoLTE IMSMx: IMSM -> IMCB : [0] SIM_QUERY_RSP
04-04 20:24:34.419  1430  1430 I VoLTE IMCB-1: {{{{[process_msg] msg_id=100008(0x000186A8), dst=IMCB[2], IMCB_IMC_HEADER_FILE_VERNO=74, MSG_ID_IMC_IN_BEGIN=100000, IMC_FEATURE_BITMAP=0x3 @1#187
04-04 20:24:34.419  1430  1430 I VoLTE IMCB-1: ENTER imcb_imc_ims_init_ind_handler()@1#4039
04-04 20:24:34.419  1430  1430 I VoLTE IMCB-1: ENTER imcb_initial_sim()@1#797
04-04 20:24:34.419  1430  1430 I VoLTE IMCB-1: ENTER imcb_send_imc_ims_reg_state_req()@1#2372
04-04 20:24:34.419  1430  1430 I VoLTE IMCB-1: acct_id:2, reg_state:0, cause:0, sip_cause:0, retry_after:0 imcb_set_ims_reg_state_req_to_imc_para()@1#203
04-04 20:24:34.419  1430  1430 I VoLTE IMCB-1: Pure Mesage Send dest=IMCB[2], msg_id=100003(0x000186A3), len=3456, IMCB_IMC_HEADER_FILE_VERNO=74, MSG_ID_IMC_IN_BEGIN=100000, IMC_FEATURE_BITMAP=0x3 imcb_send_to_COMM()@1#248
04-04 20:24:34.419  1430  1430 I VoLTE IMCB-1: ENTER imcb_send_imc_ims_reg_state_req()@1#2372
04-04 20:24:34.419  1430  1430 I VoLTE IMCB-1: acct_id:3, reg_state:0, cause:0, sip_cause:0, retry_after:0 imcb_set_ims_reg_state_req_to_imc_para()@1#203}}}}
04-04 20:24:34.419  1430  1430 I VoLTE IMCB: {{{{Pure Mesage Send dest=IMCB[2], msg_id=100003(0x000186A3), len=3456, IMCB_IMC_HEADER_FILE_VERNO=74, MSG_ID_IMC_IN_BEGIN=100000, IMC_FEATURE_BITMAP=0x3 imcb_send_to_COMM()@1#248
04-04 20:24:34.419  1430  1430 I VoLTE IMCB: sim:1 initiated ! imcb_initial_sim()@1#806
04-04 20:24:34.419  1430  1430 I VoLTE IMCB: EndofMessage process_msg()@0#236}}}}
04-04 20:24:34.420  1430  1430 I VoLTE IMCB: {{{{[process_msg] msg_id=100014(0x000186AE), dst=IMCB[2], IMCB_IMC_HEADER_FILE_VERNO=74, MSG_ID_IMC_IN_BEGIN=100000, IMC_FEATURE_BITMAP=0x3 @1#187
04-04 20:24:34.420  1430  1430 I VoLTE IMCB: ENTER imcb_imc_sim_query_ind_handler()@1#5386
04-04 20:24:34.420  1430  1430 I VoLTE IMCB: Pure Mesage Send dest=IMSA1[5], msg_id=16877724(0x0101889C), len=4, IMCB_IMC_HEADER_FILE_VERNO=74, MSG_ID_IMC_IN_BEGIN=100000, IMC_FEATURE_BITMAP=0x3 imcb_send_to_COMM()@1#248
04-04 20:24:34.420  1430  1430 I VoLTE IMCB: EndofMessage process_msg()@0#236}}}}
04-04 20:24:34.420  1425  1514 I VoLTE IMSMx: IMCB -> IMSM : [1] SIM_QUERY_IND
04-04 20:24:34.420  1425  1436 D VoLTE IMSM: ===> event queue = 0xf2722028, sim_id = 1, request_id = 16877724 (module/mdagent/volte_imsm_93/src/imsm_handler.c:5431)
04-04 20:24:34.420  1425  1436 D VoLTE IMSM: Receive IMCB sim_id=1 request_id=100508 (module/mdagent/volte_imsm_93/src/imsm_handler.c:2526)
04-04 20:24:34.420  1425  1436 D VoLTE IMSM: receive MSG_ID_WRAP_IMSA_IMCB_SIM_QUERY_IND, transaction_id = 2 (module/mdagent/volte_imsm_93/src/imsm_handler.c:3026)
04-04 20:24:34.420  1425  1436 D VoLTE IMSM: send MSG_ID_WRAP_IMSA_IMCB_SIM_QUERY_RSP, transaction_id = 2, sim_usim_type = 0, isim_type = 3, session_id = 0 (module/mdagent/volte_imsm_93/src/imsm_handler.c:3047)
04-04 20:24:34.420  1425  1436 I VoLTE IMSMx: IMSM -> IMCB : [1] SIM_QUERY_RSP
04-04 20:24:34.421  1430  1430 I VoLTE IMCB: {{{{[process_msg] msg_id=100035(0x000186C3), dst=IMCB[2], IMCB_IMC_HEADER_FILE_VERNO=74, MSG_ID_IMC_IN_BEGIN=100000, IMC_FEATURE_BITMAP=0x3 @0#187
04-04 20:24:34.421  1430  1430 I VoLTE IMCB: ENTER imcb_imc_imsvops_notification_ind_handler()@0#5520
04-04 20:24:34.421  1430  1430 I VoLTE IMCB: Pure Mesage Send dest=UA[3], msg_id=12045(0x00002F0D), len=8, IMCB_IMC_HEADER_FILE_VERNO=74, MSG_ID_IMC_IN_BEGIN=100000, IMC_FEATURE_BITMAP=0x3 imcb_send_to_COMM()@0#248
04-04 20:24:34.421  1430  1430 I VoLTE IMCB: EndofMessage process_msg()@0#236}}}}
04-04 20:24:34.421  1429  1484 I VoLTE SMS: SMS[0] update is_vops = (0) (module/volte//volte_ua/src/sms/sms.c:2951)
04-04 20:24:34.421  1430  1430 I VoLTE IMCB: {{{{[process_msg] msg_id=100116(0x00018714), dst=IMCB[2], IMCB_IMC_HEADER_FILE_VERNO=74, MSG_ID_IMC_IN_BEGIN=100000, IMC_FEATURE_BITMAP=0x3 @0#187
04-04 20:24:34.421  1430  1430 I VoLTE IMCB: ENTER imcb_imc_tlv_para_setting_ind_handler()@0#5635
04-04 20:24:34.421  1430  1430 I VoLTE IMCB: Pure Mesage Send dest=UA[3], msg_id=10051(0x00002743), len=32, IMCB_IMC_HEADER_FILE_VERNO=74, MSG_ID_IMC_IN_BEGIN=100000, IMC_FEATURE_BITMAP=0x3 imcb_send_to_COMM()@0#248
04-04 20:24:34.421  1430  1430 I VoLTE IMCB: send REQ_UPDATE_RT_SETTING from tlv_para IMC to UA imcb_imc_tlv_para_setting_ind_handler()@0#5660
04-04 20:24:34.421  1430  1430 I VoLTE IMCB: EndofMessage process_msg()@0#236}}}}
04-04 20:24:34.421  1429  1484 I VoLTE SMS: SMS psismsc_from_user = 0, force_psi_scheme_to_tel = 0, add_user_phone = 1, update_call_id_with_host = 0 (module/volte//volte_ua/src/sms/sms.c:307)
04-04 20:24:34.421  1429  1484 I VoLTE SMS: SMS add_no_fork = 0, nsn_specific = 0, mo_retry_after_504 = 0, send_timerF_expiry = 0 (module/volte//volte_ua/src/sms/sms.c:314)
04-04 20:24:34.421  1429  1484 I VoLTE SMS: SMS imsi_reged_disable_sms = 0, retry_count = 0, retry_duration = 0, wfc_with_plani = 0, in_reply_to_support = 1, check_reason_phase = 0, pani_country = 0, restore_in_3gpp_abnormal = 1, sms_force_sip_uri = 0 (module/volte//volte_ua/src/sms/sms.c:326)
04-04 20:24:34.421  1428  1454 I VoLTE REG: rcs_feature = 0 (module/volte//volte_stack/src/reg/reg.c:3461)
04-04 20:24:34.421  1428  1454 I VoLTE REG: rcs_state = 0 (module/volte//volte_stack/src/reg/reg.c:3464)
04-04 20:24:34.423  1430  1430 I VoLTE IMCB: {{{{[process_msg] msg_id=100118(0x00018716), dst=IMCB[2], IMCB_IMC_HEADER_FILE_VERNO=74, MSG_ID_IMC_IN_BEGIN=100000, IMC_FEATURE_BITMAP=0x3 @0#187
04-04 20:24:34.423  1430  1430 I VoLTE IMCB: Pure Mesage Send dest=UA[3], msg_id=1000001(0x000F4241), len=44, IMCB_IMC_HEADER_FILE_VERNO=74, MSG_ID_IMC_IN_BEGIN=100000, IMC_FEATURE_BITMAP=0x3 imcb_send_to_COMM()@0#248
04-04 20:24:34.423  1430  1430 I VoLTE IMCB: Pure Mesage Send dest=UA[3], msg_id=1000001(0x000F4241), len=44, IMCB_IMC_HEADER_FILE_VERNO=74, MSG_ID_IMC_IN_BEGIN=100000, IMC_FEATURE_BITMAP=0x3 @0#248
04-04 20:24:34.423  1430  1430 I VoLTE IMCB: EndofMessage process_msg()@0#236}}}}
04-04 20:24:34.424  1430  1430 I VoLTE IMCB: {{{{[process_msg] msg_id=100035(0x000186C3), dst=IMCB[2], IMCB_IMC_HEADER_FILE_VERNO=74, MSG_ID_IMC_IN_BEGIN=100000, IMC_FEATURE_BITMAP=0x3 @1#187
04-04 20:24:34.424  1430  1430 I VoLTE IMCB: ENTER imcb_imc_imsvops_notification_ind_handler()@1#5520
04-04 20:24:34.424  1430  1430 I VoLTE IMCB: Pure Mesage Send dest=UA[3], msg_id=12045(0x00002F0D), len=8, IMCB_IMC_HEADER_FILE_VERNO=74, MSG_ID_IMC_IN_BEGIN=100000, IMC_FEATURE_BITMAP=0x3 imcb_send_to_COMM()@1#248
04-04 20:24:34.424  1430  1430 I VoLTE IMCB: EndofMessage process_msg()@0#236}}}}
04-04 20:24:34.424  1429  1484 I VoLTE SMS: SMS[2] update is_vops = (0) (module/volte//volte_ua/src/sms/sms.c:2951)
04-04 20:24:34.424  1430  1430 I VoLTE IMCB: {{{{[process_msg] msg_id=100116(0x00018714), dst=IMCB[2], IMCB_IMC_HEADER_FILE_VERNO=74, MSG_ID_IMC_IN_BEGIN=100000, IMC_FEATURE_BITMAP=0x3 @1#187
04-04 20:24:34.424  1430  1430 I VoLTE IMCB: ENTER imcb_imc_tlv_para_setting_ind_handler()@1#5635
04-04 20:24:34.424  1430  1430 I VoLTE IMCB: Pure Mesage Send dest=UA[3], msg_id=10051(0x00002743), len=32, IMCB_IMC_HEADER_FILE_VERNO=74, MSG_ID_IMC_IN_BEGIN=100000, IMC_FEATURE_BITMAP=0x3 imcb_send_to_COMM()@1#248
04-04 20:24:34.424  1430  1430 I VoLTE IMCB: send REQ_UPDATE_RT_SETTING from tlv_para IMC to UA imcb_imc_tlv_para_setting_ind_handler()@1#5660
04-04 20:24:34.424  1430  1430 I VoLTE IMCB: EndofMessage process_msg()@0#236}}}}
04-04 20:24:34.424  1429  1484 I VoLTE SMS: SMS psismsc_from_user = 0, force_psi_scheme_to_tel = 0, add_user_phone = 1, update_call_id_with_host = 0 (module/volte//volte_ua/src/sms/sms.c:307)
04-04 20:24:34.424  1429  1484 I VoLTE SMS: SMS add_no_fork = 0, nsn_specific = 0, mo_retry_after_504 = 0, send_timerF_expiry = 0 (module/volte//volte_ua/src/sms/sms.c:314)
04-04 20:24:34.424  1429  1484 I VoLTE SMS: SMS imsi_reged_disable_sms = 0, retry_count = 0, retry_duration = 0, wfc_with_plani = 0, in_reply_to_support = 1, check_reason_phase = 0, pani_country = 0, restore_in_3gpp_abnormal = 1, sms_force_sip_uri = 0 (module/volte//volte_ua/src/sms/sms.c:326)
04-04 20:24:34.424  1428  1454 I VoLTE REG: rcs_feature = 0 (module/volte//volte_stack/src/reg/reg.c:3461)
04-04 20:24:34.424  1428  1454 I VoLTE REG: rcs_state = 0 (module/volte//volte_stack/src/reg/reg.c:3464)
04-04 20:24:34.424  1430  1430 I VoLTE IMCB: {{{{[process_msg] msg_id=100118(0x00018716), dst=IMCB[2], IMCB_IMC_HEADER_FILE_VERNO=74, MSG_ID_IMC_IN_BEGIN=100000, IMC_FEATURE_BITMAP=0x3 @1#187
04-04 20:24:34.424  1430  1430 I VoLTE IMCB: Pure Mesage Send dest=UA[3], msg_id=1000001(0x000F4241), len=44, IMCB_IMC_HEADER_FILE_VERNO=74, MSG_ID_IMC_IN_BEGIN=100000, IMC_FEATURE_BITMAP=0x3 imcb_send_to_COMM()@1#248
04-04 20:24:34.424  1430  1430 I VoLTE IMCB: Pure Mesage Send dest=UA[3], msg_id=1000001(0x000F4241), len=44, IMCB_IMC_HEADER_FILE_VERNO=74, MSG_ID_IMC_IN_BEGIN=100000, IMC_FEATURE_BITMAP=0x3 @1#248
04-04 20:24:34.424  1430  1430 I VoLTE IMCB: EndofMessage process_msg()@0#236}}}}
04-04 20:24:34.425  1430  1430 I VoLTE IMCB: {{{{[process_msg] msg_id=100509(0x0001889D), dst=IMSA1[5], IMCB_IMC_HEADER_FILE_VERNO=74, MSG_ID_IMC_IN_BEGIN=100000, IMC_FEATURE_BITMAP=0x3 @0#187
04-04 20:24:34.425  1430  1430 I VoLTE IMCB: ENTER imsa_imcb_sim_query_rsp_handler()@0#1108
04-04 20:24:34.425  1430  1430 I VoLTE IMCB: transaction_id:1, sim_usim_type:0, isim_type:3, session_id:0 @0#1111
04-04 20:24:34.425  1430  1430 I VoLTE IMCB: Pure Mesage Send dest=IMCB[2], msg_id=100003(0x000186A3), len=3456, IMCB_IMC_HEADER_FILE_VERNO=74, MSG_ID_IMC_IN_BEGIN=100000, IMC_FEATURE_BITMAP=0x3 imcb_send_to_COMM()@0#248
04-04 20:24:34.425  1430  1430 I VoLTE IMCB: EndofMessage process_msg()@0#236}}}}
04-04 20:24:34.425  1430  1430 I VoLTE IMCB: {{{{[process_msg] msg_id=100509(0x0001889D), dst=IMSA1[5], IMCB_IMC_HEADER_FILE_VERNO=74, MSG_ID_IMC_IN_BEGIN=100000, IMC_FEATURE_BITMAP=0x3 @1#187
04-04 20:24:34.425  1430  1430 I VoLTE IMCB: ENTER imsa_imcb_sim_query_rsp_handler()@1#1108
04-04 20:24:34.425  1430  1430 I VoLTE IMCB: transaction_id:2, sim_usim_type:0, isim_type:3, session_id:0 @1#1111
04-04 20:24:34.425  1430  1430 I VoLTE IMCB: Pure Mesage Send dest=IMCB[2], msg_id=100003(0x000186A3), len=3456, IMCB_IMC_HEADER_FILE_VERNO=74, MSG_ID_IMC_IN_BEGIN=100000, IMC_FEATURE_BITMAP=0x3 imcb_send_to_COMM()@1#248
04-04 20:24:34.425  1430  1430 I VoLTE IMCB: EndofMessage process_msg()@0#236}}}}
04-04 20:24:34.436  1207  1266 D PQ      : ccorr table index=0
04-04 20:24:34.436  1207  1266 D PQTransition: onTransition: TRS: Mode2 (46)
04-04 20:24:34.436  1207  1266 D PQTransition: CheckIfFinished: TRS: CheckIfFinished(EN=1)
04-04 20:24:34.436  1207  1266 D PQ      : [PQ_SERVICE] setPQParamWithFilter configFlag: 2
04-04 20:24:34.451  1194  1392 I ServiceManager: Waiting for service 'package_native' on '/dev/binder'...
04-04 20:24:34.452  1224  1224 D STFlashTool: -> CLF in NFC Router mode
04-04 20:24:34.452  1224  1224 D STFlashTool:    NFC FW version currently installed is 0x01067465
04-04 20:24:34.452  1224  1224 D STFlashTool:    Loader version currently installed is 0x020201 (Authentication key ID is 2)
04-04 20:24:34.452  1224  1224 D STFlashTool:    Customer Data version is 0x2072
04-04 20:24:34.452  1224  1224 D STFlashTool: Loader update not needed.
04-04 20:24:34.452  1224  1224 D STFlashTool: Firmware update not needed.
04-04 20:24:34.452  1224  1224 D STFlashTool: Applying FW configuration from /vendor/etc/script_DB10mtk.txt
04-04 20:24:34.454  1207  1266 D PQ      : ccorr table index=0
04-04 20:24:34.454  1207  1266 D PQTransition: onTransition: TRS: Mode2 (47)
04-04 20:24:34.454  1207  1266 D PQTransition: CheckIfFinished: TRS: CheckIfFinished(EN=1)
04-04 20:24:34.454  1207  1266 D PQ      : [PQ_SERVICE] setPQParamWithFilter configFlag: 2
04-04 20:24:34.455  1224  1224 D STFlashTool:    Detected version (CRC) : 0x2072
04-04 20:24:34.455  1224  1224 D STFlashTool:    FW configuration update not needed, exit.
04-04 20:24:34.457  1224  1224 D STFlashTool: Sent NCI_CORE_INIT_CMD...ok
04-04 20:24:34.472  1207  1266 D PQ      : ccorr table index=0
04-04 20:24:34.472  1207  1266 D PQTransition: onTransition: TRS: Mode2 (48)
04-04 20:24:34.472  1207  1266 D PQTransition: CheckIfFinished: TRS: CheckIfFinished(EN=1)
04-04 20:24:34.472  1207  1266 D PQ      : [PQ_SERVICE] setPQParamWithFilter configFlag: 2
04-04 20:24:34.476  1185  1185 D PQ      : [PQ_PROT] [PQCust] libpq_cust_base_mtk.so absent, libpq_cust_mtk.so absent
04-04 20:24:34.480  1231  1231 I ip6tables-wrapper-1.0: ip6tables: No chain/target/match by that name.
04-04 20:24:34.481  1231  1231 I ip6tables-wrapper-1.0: ip6tables-wrapper-1.0 terminated by exit(1)
04-04 20:24:34.481  1231  1231 E NetdagentIptables: exec() res=0, status=256 for /system/bin/ip6tables-wrapper-1.0 -w -t filter -X oem_data 
04-04 20:24:34.489  1207  1266 D PQ      : ccorr table index=0
04-04 20:24:34.490  1207  1266 D PQTransition: onTransition: TRS: Mode2 (49)
04-04 20:24:34.490  1224  1224 D STFlashTool: Sent NCI_PROP_SET_NFC_MODE_CMD (Disable)...ok
04-04 20:24:34.490  1207  1266 D PQTransition: CheckIfFinished: TRS: CheckIfFinished(EN=1)
04-04 20:24:34.490  1207  1266 D PQ      : [PQ_SERVICE] setPQParamWithFilter configFlag: 2
04-04 20:24:34.500  1224  1224 D STFlashTool: Exit STFlashTool, Goodbye... 
04-04 20:24:34.507  1207  1266 D PQ      : ccorr table index=0
04-04 20:24:34.507  1207  1266 D PQTransition: onTransition: TRS: Mode2 (50)
04-04 20:24:34.507  1207  1266 D PQTransition: CheckIfFinished: TRS: CheckIfFinished(EN=1)
04-04 20:24:34.507  1207  1266 D PQTransition: CheckIfFinished: TRS: Finished
04-04 20:24:34.507  1207  1266 D PQ      : [PQ_SERVICE]enablePQEvent: 1 -> 0
04-04 20:24:34.508  1207  1266 D PQ      : [PQ_SERVICE] setPQParamWithFilter configFlag: 3
04-04 20:24:34.508  1185  1185 D AVStageFactory: createInstance(64bit): createVendorAVFactory success!
04-04 20:24:34.509  1185  1185 D AVStageUtils: createInstance(64bit): createVendorAVUtils success!
04-04 20:24:34.509  1185  1185 D AVStageFactory: createInstance(64bit): createVendorAVFactory success!
04-04 20:24:34.509  1185  1185 D AVStageUtils: createInstance(64bit): createVendorAVUtils success!
04-04 20:24:34.511  1185  1185 I         : [VT][SRV]ServiceManager: 0x70d30efb00
04-04 20:24:34.511  1185  1185 I         : [VT][SRV]before VTService_instantiate
04-04 20:24:34.511  1185  1185 E VT      : [VTS] before addService
04-04 20:24:34.532     1     1 W systemd : type=1130 audit(0.0:140): uid=0 auid=4294967295 ses=4294967295 subj=kernel msg='unit=start-user-session exe="/usr/lib/systemd/systemd" hostname=? addr=? terminal=? res=success'
04-04 20:24:34.532  1197  1197 D PQ      : [PQ_PROT] [PQCust] libpq_cust_base.so OK, libpq_cust.so absent
04-04 20:24:34.536     1     1 W systemd : type=1131 audit(0.0:141): uid=0 auid=4294967295 ses=4294967295 subj=kernel msg='unit=start-user-session exe="/usr/lib/systemd/systemd" hostname=? addr=? terminal=? res=success'
04-04 20:24:34.536  1197  1197 D AAALOGTAG:  3alog = 0, default = 0
04-04 20:24:34.540  1197  1197 I mtkcam-devicemgr: [initialize] +
04-04 20:24:34.544  1197  1197 I mtkcam-module: [ModuleStore] ctor
04-04 20:24:34.544  1197  1197 I mtkcam-module: [dump_module] [registered] module_id:0x0x40001 module_factory:0x7c3e394f80 register_name:vendor/mediatek/proprietary/hardware/mtkcam/main/core/module/utils/register_utils.cpp
04-04 20:24:34.544  1197  1197 I mtkcam-module: [ShowLoading] loading (MODULE_GROUP_ID:4 MODULE_GROUP_COUNT:2 ...
04-04 20:24:34.544  1197  1197 I mtkcam-module: [load] MtkCam_getModuleFactory_utils(0x7c3bf12ca8) @ libmtkcam_modulefactory_utils.so
04-04 20:24:34.552  1194  1392 I ServiceManager: Waiting for service 'package_native' on '/dev/binder'...
04-04 20:24:34.553  1197  1197 I mtkcam-module: [ModuleStore] ctor
04-04 20:24:34.553  1197  1197 I mtkcam-module: [dump_module] [registered] module_id:0x0x1 module_factory:0x7c3dbffcd0 register_name:vendor/mediatek/proprietary/hardware/mtkcam/main/core/module/drv/register_HalSensor.cpp
04-04 20:24:34.553  1197  1197 I mtkcam-module: [dump_module] [registered] module_id:0x0x2 module_factory:0x7c3dc02928 register_name:vendor/mediatek/proprietary/hardware/mtkcam/main/core/module/drv/register_HwSyncDrv.cpp
04-04 20:24:34.553  1197  1197 I mtkcam-module: [dump_module] [registered] module_id:0x0x3 module_factory:0x7c3e467330 register_name:vendor/mediatek/proprietary/hardware/mtkcam/main/core/module/drv/register_iopipe_CamIO_NormalPipe.cpp
04-04 20:24:34.553  1197  1197 I mtkcam-module: [ShowLoading] loading (MODULE_GROUP_ID:0 MODULE_GROUP_COUNT:4 ...
04-04 20:24:34.553  1197  1197 I mtkcam-module: [load] MtkCam_getModuleFactory_drv(0x7c3bece180) @ libmtkcam_modulefactory_drv.so
04-04 20:24:34.553  1197  1197 D SeninfDrvImp: [SeninfDrvImp][SeninfDrvImp] 
04-04 20:24:34.553  1197  1197 D SeninfDrvImp: [init][init]: Entry count 0 
04-04 20:24:34.554  1197  1197 D SeninfDrvImp: [init]Efuse Data:0x11f1018c= 0x7b9ef7b8, 0x11f10190= 0x739c831e, 0x11f101bc= 0x70000000
04-04 20:24:34.554  1197  1197 D SeninfDrvImp: [init][init]: Exit count 1 
04-04 20:24:34.554  1197  1197 D SeninfDrvImp: [setMclk1IODrivingCurrent]DrivingIdx(3), Reg(0x30000000)
04-04 20:24:34.554  1197  1197 D SeninfDrvImp: [setMclk2IODrivingCurrent]DrivingIdx(3), Reg(0x00000003)
04-04 20:24:34.554  1197  1197 D SeninfDrvImp: [setMclk1][setTg1Phase]pcEn(1), clkPol(0), mMclk1User(1), TimestampClk(0)
04-04 20:24:34.554  1197  1197 D SeninfDrvImp: [setMclk1][setTg1Phase]pcEn(1), clkPol(0), mMclk1User(1), TimestampClk(0), SENINF_TG1_PH_CNT(0x80000001)
04-04 20:24:34.554  1197  1197 D SeninfDrvImp: [setMclk2][setTg2Phase]pcEn(1), clkPol(0), mMclk2User(1), TimestampClk(0), SENINF_TG2_PH_CNT(0x0)
04-04 20:24:34.555  1197  1197 D ImgSensorDrv: [init][init] imgsensor_drv 1
04-04 20:24:34.555  1197  1197 D ImgSensorDrv: [searchSensor]SENSOR search start 
04-04 20:24:34.562  1231  1231 I iptables-wrapper-1.0: iptables: No chain/target/match by that name.
04-04 20:24:34.562  1231  1231 I iptables-wrapper-1.0: iptables-wrapper-1.0 terminated by exit(1)
04-04 20:24:34.562  1231  1231 E NetdagentIptables: exec() res=0, status=256 for /system/bin/iptables-wrapper-1.0 -w -A oem_out -o ppp+ -j oem_mobile 
04-04 20:24:34.604     1     1 W systemd : type=1130 audit(0.0:142): uid=0 auid=4294967295 ses=4294967295 subj=kernel msg='unit=runlevel-user-done exe="/usr/lib/systemd/systemd" hostname=? addr=? terminal=? res=success'
04-04 20:24:34.604     1     1 W systemd : type=1131 audit(0.0:143): uid=0 auid=4294967295 ses=4294967295 subj=kernel msg='unit=runlevel-user-done exe="/usr/lib/systemd/systemd" hostname=? addr=? terminal=? res=success'
04-04 20:24:34.607  1231  1231 I ip6tables-wrapper-1.0: ip6tables: No chain/target/match by that name.
04-04 20:24:34.607  1231  1231 I ip6tables-wrapper-1.0: ip6tables-wrapper-1.0 terminated by exit(1)
04-04 20:24:34.608  1231  1231 E NetdagentIptables: exec() res=0, status=256 for /system/bin/ip6tables-wrapper-1.0 -w -A oem_out -o ppp+ -j oem_mobile 
04-04 20:24:34.633  1231  1231 I iptables-wrapper-1.0: iptables: No chain/target/match by that name.
04-04 20:24:34.634  1231  1231 I iptables-wrapper-1.0: iptables-wrapper-1.0 terminated by exit(1)
04-04 20:24:34.634  1231  1231 E NetdagentIptables: exec() res=0, status=256 for /system/bin/iptables-wrapper-1.0 -w -A oem_out -o ccmni+ -j oem_mobile 
04-04 20:24:34.642  1197  1197 D ImgSensorDrv: [searchSensor]set sensor driver id =2
04-04 20:24:34.642  1197  1197 D ImgSensorDrv: [searchSensor]found <0x16885/ov16885_mipi_raw/SENSOR_DRVNAME_OV16885_MIPI_RAW>
04-04 20:24:34.642  1197  1197 D ImgSensorDrv: [getInfo2]prv w=0x900,h=0x6c0
04-04 20:24:34.642  1197  1197 D ImgSensorDrv: [getInfo2]cap w=0x1200,h=0xd80
04-04 20:24:34.642  1197  1197 D ImgSensorDrv: [getInfo2]vd  w=0x900,h=0x6c0
04-04 20:24:34.642  1197  1197 D ImgSensorDrv: [getInfo2]pre GrapX=0x0,GrapY=0x0
04-04 20:24:34.648  1197  1197 W MtkCam/HalSensorList: [impConstructStaticMetadata_by_SymbolName] constructCustStaticMetadata_DEVICE_SCALER_SENSOR_DRVNAME_OV16885_MIPI_RAW not found
04-04 20:24:34.649  1197  1197 W MtkCam/HalSensorList: [impConstructStaticMetadata_by_SymbolName] constructCustStaticMetadata_DEVICE_SCALER_COMMON not found
04-04 20:24:34.649  1197  1197 W MtkCam/HalSensorList: [impConstructStaticMetadata_by_SymbolName] constructCustStaticMetadata_DEVICE_FEATURE_SENSOR_DRVNAME_OV16885_MIPI_RAW not found
04-04 20:24:34.650  1197  1197 W MtkCam/HalSensorList: [impConstructStaticMetadata_by_SymbolName] constructCustStaticMetadata_DEVICE_FEATURE_COMMON not found
04-04 20:24:34.652  1194  1392 I ServiceManager: Waiting for service 'package_native' on '/dev/binder'...
04-04 20:24:34.655  1197  1197 W MtkCam/HalSensorList: [impConstructStaticMetadata_by_SymbolName] constructCustStaticMetadata_DEVICE_REQUEST_SENSOR_DRVNAME_OV16885_MIPI_RAW not found
04-04 20:24:34.656  1197  1197 W MtkCam/HalSensorList: [impConstructStaticMetadata_by_SymbolName] constructCustStaticMetadata_DEVICE_REQUEST_COMMON not found
04-04 20:24:34.657  1197  1197 W MtkCam/HalSensorList: [impConstructStaticMetadata_by_SymbolName] constructCustStaticMetadata_PROJECT_LENS_SENSOR_DRVNAME_OV16885_MIPI_RAW not found
04-04 20:24:34.658  1197  1197 W MtkCam/HalSensorList: [impConstructStaticMetadata_by_SymbolName] constructCustStaticMetadata_PROJECT_LENS_COMMON not found
04-04 20:24:34.659  1197  1197 W MtkCam/HalSensorList: [impConstructStaticMetadata_by_SymbolName] constructCustStaticMetadata_PROJECT_SENSOR_SENSOR_DRVNAME_OV16885_MIPI_RAW not found
04-04 20:24:34.660  1197  1197 W MtkCam/HalSensorList: [impConstructStaticMetadata_by_SymbolName] constructCustStaticMetadata_PROJECT_SENSOR_COMMON not found
04-04 20:24:34.661  1197  1197 W MtkCam/HalSensorList: [impConstructStaticMetadata_by_SymbolName] constructCustStaticMetadata_PROJECT_TUNING_3A_SENSOR_DRVNAME_OV16885_MIPI_RAW not found
04-04 20:24:34.662  1197  1197 W MtkCam/HalSensorList: [impConstructStaticMetadata_by_SymbolName] constructCustStaticMetadata_PROJECT_TUNING_3A_COMMON not found
04-04 20:24:34.663  1197  1197 W MtkCam/HalSensorList: [impConstructStaticMetadata_by_SymbolName] constructCustStaticMetadata_PROJECT_FLASHLIGHT_SENSOR_DRVNAME_OV16885_MIPI_RAW not found
04-04 20:24:34.664  1197  1197 W MtkCam/HalSensorList: [impConstructStaticMetadata_by_SymbolName] constructCustStaticMetadata_PROJECT_FLASHLIGHT_COMMON not found
04-04 20:24:34.665  1197  1197 W MtkCam/HalSensorList: [impConstructStaticMetadata_by_SymbolName] constructCustStaticMetadata_PROJECT_SCALER_SENSOR_DRVNAME_OV16885_MIPI_RAW not found
04-04 20:24:34.666  1197  1197 W MtkCam/HalSensorList: [impConstructStaticMetadata_by_SymbolName] constructCustStaticMetadata_PROJECT_SCALER_COMMON not found
04-04 20:24:34.667  1197  1197 W MtkCam/HalSensorList: [impConstructStaticMetadata_by_SymbolName] constructCustStaticMetadata_PROJECT_FEATURE_SENSOR_DRVNAME_OV16885_MIPI_RAW not found
04-04 20:24:34.668  1197  1197 W MtkCam/HalSensorList: [impConstructStaticMetadata_by_SymbolName] constructCustStaticMetadata_PROJECT_FEATURE_COMMON not found
04-04 20:24:34.669  1197  1197 W MtkCam/HalSensorList: [impConstructStaticMetadata_by_SymbolName] constructCustStaticMetadata_PROJECT_CAMERA_SENSOR_DRVNAME_OV16885_MIPI_RAW not found
04-04 20:24:34.671  1231  1231 I ip6tables-wrapper-1.0: ip6tables: No chain/target/match by that name.
04-04 20:24:34.671  1197  1197 W MtkCam/HalSensorList: [impConstructStaticMetadata_by_SymbolName] constructCustStaticMetadata_PROJECT_CAMERA_COMMON not found
04-04 20:24:34.671  1231  1231 I ip6tables-wrapper-1.0: ip6tables-wrapper-1.0 terminated by exit(1)
04-04 20:24:34.671  1231  1231 E NetdagentIptables: exec() res=0, status=256 for /system/bin/ip6tables-wrapper-1.0 -w -A oem_out -o ccmni+ -j oem_mobile 
04-04 20:24:34.672  1197  1197 W MtkCam/HalSensorList: [impConstructStaticMetadata_by_SymbolName] constructCustStaticMetadata_PROJECT_REQUEST_SENSOR_DRVNAME_OV16885_MIPI_RAW not found
04-04 20:24:34.672  1197  1197 W MtkCam/HalSensorList: [impConstructStaticMetadata_by_SymbolName] constructCustStaticMetadata_PROJECT_REQUEST_COMMON not found
04-04 20:24:34.673  1197  1197 D ImgSensorDrv: [searchSensor]SENSOR search start 
04-04 20:24:34.697  1094  1094 W ccci_fsd(1): O: X://NA77_006, flag 0x700, ret 1
04-04 20:24:34.698  1231  1231 I iptables-wrapper-1.0: iptables: No chain/target/match by that name.
04-04 20:24:34.698  1094  1094 W ccci_fsd(1): O: Y://NA77_006, flag 0x700, ret 1
04-04 20:24:34.698  1231  1231 I iptables-wrapper-1.0: iptables-wrapper-1.0 terminated by exit(1)
04-04 20:24:34.699  1231  1231 E NetdagentIptables: exec() res=0, status=256 for /system/bin/iptables-wrapper-1.0 -w -A oem_out -o ccemni+ -j oem_mobile 
04-04 20:24:34.733  1231  1231 I ip6tables-wrapper-1.0: ip6tables: No chain/target/match by that name.
04-04 20:24:34.733  1197  1197 D ImgSensorDrv: [searchSensor]set sensor driver id =1
04-04 20:24:34.733  1197  1197 D ImgSensorDrv: [searchSensor]found <0x3109/s5k3p9_mipi_raw/SENSOR_DRVNAME_S5K3P9_MIPI_RAW>
04-04 20:24:34.733  1197  1197 D ImgSensorDrv: [getInfo2]prv w=0x900,h=0x6c0
04-04 20:24:34.733  1197  1197 D ImgSensorDrv: [getInfo2]cap w=0x900,h=0x6c0
04-04 20:24:34.733  1197  1197 D ImgSensorDrv: [getInfo2]vd  w=0x900,h=0x6c0
04-04 20:24:34.733  1197  1197 D ImgSensorDrv: [getInfo2]pre GrapX=0x0,GrapY=0x0
04-04 20:24:34.734  1231  1231 I ip6tables-wrapper-1.0: ip6tables-wrapper-1.0 terminated by exit(1)
04-04 20:24:34.734  1231  1231 E NetdagentIptables: exec() res=0, status=256 for /system/bin/ip6tables-wrapper-1.0 -w -A oem_out -o ccemni+ -j oem_mobile 
04-04 20:24:34.738  1197  1197 W MtkCam/HalSensorList: [impConstructStaticMetadata_by_SymbolName] constructCustStaticMetadata_DEVICE_SCALER_SENSOR_DRVNAME_S5K3P9_MIPI_RAW not found
04-04 20:24:34.739  1197  1197 W MtkCam/HalSensorList: [impConstructStaticMetadata_by_SymbolName] constructCustStaticMetadata_DEVICE_SCALER_COMMON not found
04-04 20:24:34.740  1197  1197 W MtkCam/HalSensorList: [impConstructStaticMetadata_by_SymbolName] constructCustStaticMetadata_DEVICE_FEATURE_SENSOR_DRVNAME_S5K3P9_MIPI_RAW not found
04-04 20:24:34.741  1197  1197 W MtkCam/HalSensorList: [impConstructStaticMetadata_by_SymbolName] constructCustStaticMetadata_DEVICE_FEATURE_COMMON not found
04-04 20:24:34.742  1197  1197 W MtkCam/HalSensorList: [impConstructStaticMetadata_by_SymbolName] constructCustStaticMetadata_DEVICE_REQUEST_SENSOR_DRVNAME_S5K3P9_MIPI_RAW not found
04-04 20:24:34.743  1197  1197 W MtkCam/HalSensorList: [impConstructStaticMetadata_by_SymbolName] constructCustStaticMetadata_DEVICE_REQUEST_COMMON not found
04-04 20:24:34.743  1197  1197 W MtkCam/HalSensorList: [impConstructStaticMetadata_by_SymbolName] constructCustStaticMetadata_PROJECT_LENS_SENSOR_DRVNAME_S5K3P9_MIPI_RAW not found
04-04 20:24:34.744  1197  1197 W MtkCam/HalSensorList: [impConstructStaticMetadata_by_SymbolName] constructCustStaticMetadata_PROJECT_LENS_COMMON not found
04-04 20:24:34.745  1197  1197 W MtkCam/HalSensorList: [impConstructStaticMetadata_by_SymbolName] constructCustStaticMetadata_PROJECT_SENSOR_SENSOR_DRVNAME_S5K3P9_MIPI_RAW not found
04-04 20:24:34.745  1197  1197 W MtkCam/HalSensorList: [impConstructStaticMetadata_by_SymbolName] constructCustStaticMetadata_PROJECT_SENSOR_COMMON not found
04-04 20:24:34.746  1197  1197 W MtkCam/HalSensorList: [impConstructStaticMetadata_by_SymbolName] constructCustStaticMetadata_PROJECT_TUNING_3A_SENSOR_DRVNAME_S5K3P9_MIPI_RAW not found
04-04 20:24:34.746  1197  1197 W MtkCam/HalSensorList: [impConstructStaticMetadata_by_SymbolName] constructCustStaticMetadata_PROJECT_TUNING_3A_COMMON not found
04-04 20:24:34.747  1197  1197 W MtkCam/HalSensorList: [impConstructStaticMetadata_by_SymbolName] constructCustStaticMetadata_PROJECT_FLASHLIGHT_SENSOR_DRVNAME_S5K3P9_MIPI_RAW not found
04-04 20:24:34.748  1197  1197 W MtkCam/HalSensorList: [impConstructStaticMetadata_by_SymbolName] constructCustStaticMetadata_PROJECT_FLASHLIGHT_COMMON not found
04-04 20:24:34.749  1197  1197 W MtkCam/HalSensorList: [impConstructStaticMetadata_by_SymbolName] constructCustStaticMetadata_PROJECT_SCALER_SENSOR_DRVNAME_S5K3P9_MIPI_RAW not found
04-04 20:24:34.750  1197  1197 W MtkCam/HalSensorList: [impConstructStaticMetadata_by_SymbolName] constructCustStaticMetadata_PROJECT_SCALER_COMMON not found
04-04 20:24:34.750  1197  1197 W MtkCam/HalSensorList: [impConstructStaticMetadata_by_SymbolName] constructCustStaticMetadata_PROJECT_FEATURE_SENSOR_DRVNAME_S5K3P9_MIPI_RAW not found
04-04 20:24:34.751  1197  1197 W MtkCam/HalSensorList: [impConstructStaticMetadata_by_SymbolName] constructCustStaticMetadata_PROJECT_FEATURE_COMMON not found
04-04 20:24:34.752  1197  1197 W MtkCam/HalSensorList: [impConstructStaticMetadata_by_SymbolName] constructCustStaticMetadata_PROJECT_CAMERA_SENSOR_DRVNAME_S5K3P9_MIPI_RAW not found
04-04 20:24:34.753  1194  1392 I ServiceManager: Waiting for service 'package_native' on '/dev/binder'...
04-04 20:24:34.753  1197  1197 W MtkCam/HalSensorList: [impConstructStaticMetadata_by_SymbolName] constructCustStaticMetadata_PROJECT_CAMERA_COMMON not found
04-04 20:24:34.754  1197  1197 W MtkCam/HalSensorList: [impConstructStaticMetadata_by_SymbolName] constructCustStaticMetadata_PROJECT_REQUEST_SENSOR_DRVNAME_S5K3P9_MIPI_RAW not found
04-04 20:24:34.755  1197  1197 W MtkCam/HalSensorList: [impConstructStaticMetadata_by_SymbolName] constructCustStaticMetadata_PROJECT_REQUEST_COMMON not found
04-04 20:24:34.755  1197  1197 D SeninfDrvImp: [setMclk1][setTg1Phase]pcEn(0), clkPol(0), mMclk1User(0), TimestampClk(0)
04-04 20:24:34.755  1197  1197 D SeninfDrvImp: [setMclk1][setTg1Phase]pcEn(0), clkPol(0), mMclk1User(0), TimestampClk(0), SENINF_TG1_PH_CNT(0x1)
04-04 20:24:34.756  1197  1197 D SeninfDrvImp: [setMclk2][setTg2Phase]pcEn(0), clkPol(0), mMclk2User(0), TimestampClk(0), SENINF_TG2_PH_CNT(0x0)
04-04 20:24:34.756  1197  1197 D SeninfDrvImp: [uninit][uninit]: 1 
04-04 20:24:34.756  1197  1197 D SeninfDrvImp: [uninit][uninit]: 0, mfd(13) 
04-04 20:24:34.757  1197  1197 D ImgSensorDrv: [uninit][uninit] imgsensor_drv 0
04-04 20:24:34.757  1197  1197 D CustomLogicalDevice: Parse DEFAULT_STEREO_SETTING in camera_custom_stereo_setting.h
04-04 20:24:34.757  1197  1197 D CustomLogicalDevice: Name: bayerbayer
04-04 20:24:34.757  1197  1197 D CustomLogicalDevice: Sensor IMX386_MIPI_RAW not found in sensor list
04-04 20:24:34.757  1197  1197 D CustomLogicalDevice: NumofCombinSensor 0 != sensors in setting 2
04-04 20:24:34.758  1197  1197 I MtkCam/Util/LogicalDevice: (1197)[dumpDebugInfo] map size : 2
04-04 20:24:34.758  1197  1197 I MtkCam/Util/LogicalDevice: (1197)[dumpDebugInfo] index(0) name : SENSOR_DRVNAME_OV16885_MIPI_RAW
04-04 20:24:34.758  1197  1197 I MtkCam/Util/LogicalDevice: (1197)[dumpDebugInfo] index(0) facing : 0
04-04 20:24:34.758  1197  1197 I MtkCam/Util/LogicalDevice: (1197)[dumpDebugInfo] index(1) name : SENSOR_DRVNAME_S5K3P9_MIPI_RAW
04-04 20:24:34.758  1197  1197 I MtkCam/Util/LogicalDevice: (1197)[dumpDebugInfo] index(1) facing : 1
04-04 20:24:34.758  1197  1197 I mtkcam-devicemgr: pHalDeviceList:0x7c486335a0 searchDevices:2 queryNumberOfDevices:2
04-04 20:24:34.760  1197  1197 W MtkCam/MetadataProvider.constructStatic: [impConstructStaticMetadata_by_SymbolName] constructCustStaticMetadata_DEVICE_CAMERA_SENSOR_DRVNAME_OV16885_MIPI_RAW not found
04-04 20:24:34.761  1231  1231 I iptables-wrapper-1.0: iptables: No chain/target/match by that name.
04-04 20:24:34.761  1197  1197 W MtkCam/MetadataProvider.constructStatic: [impConstructStaticMetadata_by_SymbolName] constructCustStaticMetadata_PROJECT_SCALER_SENSOR_DRVNAME_OV16885_MIPI_RAW not found
04-04 20:24:34.761  1197  1197 W MtkCam/MetadataProvider.constructStatic: [impConstructStaticMetadata_by_SymbolName] constructCustStaticMetadata_PROJECT_SCALER_COMMON not found
04-04 20:24:34.761  1197  1197 W MtkCam/MetadataProvider.constructStatic: [impConstructStaticMetadata_by_SymbolName] constructCustStaticMetadata_PROJECT_FEATURE_SENSOR_DRVNAME_OV16885_MIPI_RAW not found
04-04 20:24:34.761  1197  1197 W MtkCam/MetadataProvider.constructStatic: [impConstructStaticMetadata_by_SymbolName] constructCustStaticMetadata_PROJECT_FEATURE_COMMON not found
04-04 20:24:34.762  1231  1231 I iptables-wrapper-1.0: iptables-wrapper-1.0 terminated by exit(1)
04-04 20:24:34.762  1197  1197 W MtkCam/MetadataProvider.constructStatic: [impConstructStaticMetadata_by_SymbolName] constructCustStaticMetadata_PROJECT_CAMERA_SENSOR_DRVNAME_OV16885_MIPI_RAW not found
04-04 20:24:34.762  1197  1197 W MtkCam/MetadataProvider.constructStatic: [impConstructStaticMetadata_by_SymbolName] constructCustStaticMetadata_PROJECT_CAMERA_COMMON not found
04-04 20:24:34.762  1231  1231 E NetdagentIptables: exec() res=0, status=256 for /system/bin/iptables-wrapper-1.0 -w -A oem_out -o usb+ -j oem_mobile 
04-04 20:24:34.762  1197  1197 W MtkCam/MetadataProvider.constructStatic: [impConstructStaticMetadata_by_SymbolName] constructCustStaticMetadata_PROJECT_REQUEST_SENSOR_DRVNAME_OV16885_MIPI_RAW not found
04-04 20:24:34.762  1197  1197 W MtkCam/MetadataProvider.constructStatic: [impConstructStaticMetadata_by_SymbolName] constructCustStaticMetadata_PROJECT_REQUEST_COMMON not found
04-04 20:24:34.773  1197  1197 I mtkcam-module: [ModuleStore] ctor
04-04 20:24:34.773  1197  1197 I mtkcam-module: [dump_module] [registered] module_id:0x0x10001 module_factory:0x7c4603cde0 register_name:vendor/mediatek/proprietary/hardware/mtkcam/main/core/module/aaa/register_Hal3A.cpp
04-04 20:24:34.773  1197  1197 I mtkcam-module: [dump_module] [registered] module_id:0x0x10002 module_factory:0x7c3be027f8 register_name:vendor/mediatek/proprietary/hardware/mtkcam/main/core/module/aaa/register_HalISP.cpp
04-04 20:24:34.773  1197  1197 I mtkcam-module: [dump_module] [registered] module_id:0x0x10003 module_factory:0x7c46016258 register_name:vendor/mediatek/proprietary/hardware/mtkcam/main/core/module/aaa/register_HalFlash.cpp
04-04 20:24:34.773  1197  1197 I mtkcam-module: [dump_module] [registered] module_id:0x0x10004 module_factory:0x7c45f0e590 register_name:vendor/mediatek/proprietary/hardware/mtkcam/main/core/module/aaa/register_IspMgrIf.cpp
04-04 20:24:34.773  1197  1197 I mtkcam-module: [dump_module] [registered] module_id:0x0x10006 module_factory:0x7c45fa2e18 register_name:vendor/mediatek/proprietary/hardware/mtkcam/main/core/module/aaa/register_SwNR.cpp
04-04 20:24:34.773  1197  1197 I mtkcam-module: [dump_module] [registered] module_id:0x0x10007 module_factory:0x7c3be60c70 register_name:vendor/mediatek/proprietary/hardware/mtkcam/main/core/module/aaa/register_DngInfo.cpp
04-04 20:24:34.773  1197  1197 I mtkcam-module: [dump_module] [registered] module_id:0x0x10008 module_factory:0x7c3c055098 register_name:vendor/mediatek/proprietary/hardware/mtkcam/main/core/module/aaa/register_NvBufUtil.cpp
04-04 20:24:34.773  1197  1197 I mtkcam-module: [dump_module] [registered] module_id:0x0x10009 module_factory:0x7c3f11e8d0 register_name:vendor/mediatek/proprietary/hardware/mtkcam/main/core/module/aaa/register_LscTable.cpp
04-04 20:24:34.773  1197  1197 I mtkcam-module: [dump_module] [registered] module_id:0x0x1000a module_factory:0x7c3be9ef48 register_name:vendor/mediatek/proprietary/hardware/mtkcam/main/core/module/aaa/register_lcs_hal.cpp
04-04 20:24:34.773  1197  1197 I mtkcam-module: [ShowLoading] loading (MODULE_GROUP_ID:1 MODULE_GROUP_COUNT:11 ...
04-04 20:24:34.773  1197  1197 I mtkcam-module: [load] MtkCam_getModuleFactory_aaa(0x7c3bdca1b8) @ libmtkcam_modulefactory_aaa.so
04-04 20:24:34.773  1197  1197 W nvbuf_util.cpp: [getInstance:397] getInstance, bInit(0)
04-04 20:24:34.773  1197  1197 W nvbuf_util.cpp: [getInstance:414] init Mem, nvramId(0), dev(1), size(1039536)
04-04 20:24:34.774  1197  1197 W nvbuf_util.cpp: [getInstance:414] init Mem, nvramId(0), dev(2), size(1039536)
04-04 20:24:34.775  1197  1197 W nvbuf_util.cpp: [getInstance:414] init Mem, nvramId(0), dev(4), size(1039536)
04-04 20:24:34.776  1197  1197 W nvbuf_util.cpp: [getInstance:414] init Mem, nvramId(0), dev(8), size(1039536)
04-04 20:24:34.776  1197  1197 W nvbuf_util.cpp: [getInstance:414] init Mem, nvramId(1), dev(1), size(96504)
04-04 20:24:34.777  1197  1197 W nvbuf_util.cpp: [getInstance:414] init Mem, nvramId(1), dev(2), size(96504)
04-04 20:24:34.777  1197  1197 W nvbuf_util.cpp: [getInstance:414] init Mem, nvramId(1), dev(4), size(96504)
04-04 20:24:34.777  1197  1197 W nvbuf_util.cpp: [getInstance:414] init Mem, nvramId(1), dev(8), size(96504)
04-04 20:24:34.777  1197  1197 W nvbuf_util.cpp: [getInstance:414] init Mem, nvramId(2), dev(1), size(1050652)
04-04 20:24:34.777  1197  1197 W nvbuf_util.cpp: [getInstance:414] init Mem, nvramId(2), dev(2), size(1050652)
04-04 20:24:34.778  1197  1197 W nvbuf_util.cpp: [getInstance:414] init Mem, nvramId(2), dev(4), size(1050652)
04-04 20:24:34.779  1197  1197 W nvbuf_util.cpp: [getInstance:414] init Mem, nvramId(2), dev(8), size(1050652)
04-04 20:24:34.779  1197  1197 W nvbuf_util.cpp: [getInstance:414] init Mem, nvramId(3), dev(1), size(157704)
04-04 20:24:34.780  1197  1197 W nvbuf_util.cpp: [getInstance:414] init Mem, nvramId(3), dev(2), size(157704)
04-04 20:24:34.780  1197  1197 W nvbuf_util.cpp: [getInstance:414] init Mem, nvramId(3), dev(4), size(157704)
04-04 20:24:34.780  1197  1197 W nvbuf_util.cpp: [getInstance:414] init Mem, nvramId(3), dev(8), size(157704)
04-04 20:24:34.780  1197  1197 W nvbuf_util.cpp: [getInstance:414] init Mem, nvramId(4), dev(1), size(337072)
04-04 20:24:34.780  1197  1197 W nvbuf_util.cpp: [getInstance:414] init Mem, nvramId(4), dev(2), size(337072)
04-04 20:24:34.780  1197  1197 W nvbuf_util.cpp: [getInstance:414] init Mem, nvramId(4), dev(4), size(337072)
04-04 20:24:34.781  1197  1197 W nvbuf_util.cpp: [getInstance:414] init Mem, nvramId(4), dev(8), size(337072)
04-04 20:24:34.781  1197  1197 W nvbuf_util.cpp: [getInstance:414] init Mem, nvramId(5), dev(1), size(5120)
04-04 20:24:34.781  1197  1197 W nvbuf_util.cpp: [getInstance:414] init Mem, nvramId(5), dev(2), size(5120)
04-04 20:24:34.781  1197  1197 W nvbuf_util.cpp: [getInstance:414] init Mem, nvramId(5), dev(4), size(5120)
04-04 20:24:34.781  1197  1197 W nvbuf_util.cpp: [getInstance:414] init Mem, nvramId(5), dev(8), size(5120)
04-04 20:24:34.781  1197  1197 W nvbuf_util.cpp: [getInstance:414] init Mem, nvramId(6), dev(1), size(70520)
04-04 20:24:34.781  1197  1197 W nvbuf_util.cpp: [getInstance:414] init Mem, nvramId(6), dev(2), size(70520)
04-04 20:24:34.781  1197  1197 W nvbuf_util.cpp: [getInstance:414] init Mem, nvramId(6), dev(4), size(70520)
04-04 20:24:34.781  1197  1197 W nvbuf_util.cpp: [getInstance:414] init Mem, nvramId(6), dev(8), size(70520)
04-04 20:24:34.781  1197  1197 W nvbuf_util.cpp: [getInstance:414] init Mem, nvramId(7), dev(1), size(96)
04-04 20:24:34.781  1197  1197 W nvbuf_util.cpp: [getInstance:414] init Mem, nvramId(7), dev(2), size(96)
04-04 20:24:34.781  1197  1197 W nvbuf_util.cpp: [getInstance:414] init Mem, nvramId(7), dev(4), size(96)
04-04 20:24:34.781  1197  1197 W nvbuf_util.cpp: [getInstance:414] init Mem, nvramId(7), dev(8), size(96)
04-04 20:24:34.781  1197  1197 W nvbuf_util.cpp: [getInstance:414] init Mem, nvramId(8), dev(1), size(54000)
04-04 20:24:34.781  1197  1197 W nvbuf_util.cpp: [getInstance:414] init Mem, nvramId(8), dev(2), size(54000)
04-04 20:24:34.781  1197  1197 W nvbuf_util.cpp: [getInstance:414] init Mem, nvramId(8), dev(4), size(54000)
04-04 20:24:34.781  1197  1197 W nvbuf_util.cpp: [getInstance:414] init Mem, nvramId(8), dev(8), size(54000)
04-04 20:24:34.781  1197  1197 W nvbuf_util.cpp: [getInstance:414] init Mem, nvramId(9), dev(1), size(80)
04-04 20:24:34.781  1197  1197 W nvbuf_util.cpp: [getInstance:414] init Mem, nvramId(9), dev(2), size(80)
04-04 20:24:34.781  1197  1197 W nvbuf_util.cpp: [getInstance:414] init Mem, nvramId(9), dev(4), size(80)
04-04 20:24:34.781  1197  1197 W nvbuf_util.cpp: [getInstance:414] init Mem, nvramId(9), dev(8), size(80)
04-04 20:24:34.781  1197  1197 W nvbuf_util.cpp: [getInstance:414] init Mem, nvramId(10), dev(1), size(42928)
04-04 20:24:34.781  1197  1197 W nvbuf_util.cpp: [getInstance:414] init Mem, nvramId(10), dev(2), size(42928)
04-04 20:24:34.781  1197  1197 W nvbuf_util.cpp: [getInstance:414] init Mem, nvramId(10), dev(4), size(42928)
04-04 20:24:34.781  1197  1197 W nvbuf_util.cpp: [getInstance:414] init Mem, nvramId(10), dev(8), size(42928)
04-04 20:24:34.781  1197  1197 W nvbuf_util.cpp: [getInstance:414] init Mem, nvramId(11), dev(1), size(4096)
04-04 20:24:34.781  1197  1197 W nvbuf_util.cpp: [getInstance:414] init Mem, nvramId(11), dev(2), size(4096)
04-04 20:24:34.781  1197  1197 W nvbuf_util.cpp: [getInstance:414] init Mem, nvramId(11), dev(4), size(4096)
04-04 20:24:34.781  1197  1197 W nvbuf_util.cpp: [getInstance:414] init Mem, nvramId(11), dev(8), size(4096)
04-04 20:24:34.781  1197  1197 W nvbuf_util.cpp: [getInstance:414] init Mem, nvramId(12), dev(1), size(22400)
04-04 20:24:34.781  1197  1197 W nvbuf_util.cpp: [getInstance:414] init Mem, nvramId(12), dev(2), size(22400)
04-04 20:24:34.781  1197  1197 W nvbuf_util.cpp: [getInstance:414] init Mem, nvramId(12), dev(4), size(22400)
04-04 20:24:34.781  1197  1197 W nvbuf_util.cpp: [getInstance:414] init Mem, nvramId(12), dev(8), size(22400)
04-04 20:24:34.782  1197  1197 W nvbuf_util.cpp: [getBufAndReadNoLock:709] ramId(0), sensorDev(1), p(0x0), bForceRead(0) +
04-04 20:24:34.783  1197  1197 W nvbuf_util.cpp: [readRamVersion:245] nvRamId(0), ver: isp(0),3a(0),sh(0),lens(0),pl(0),stb(0),tsf(0),pdc(0),geo(0),fov(0),feature(0)
04-04 20:24:34.783  1197  1197 W NvramDrv: [readDefaultData:735] CAMERA_NVRAM_DATA_ISP
04-04 20:24:34.784  1197  1197 W nvbuf_util.cpp: [getInstance:397] getInstance, bInit(1)
04-04 20:24:34.784  1197  1197 W nvbuf_util.cpp: [getBufAndReadNoLock:709] ramId(2), sensorDev(1), p(0x0), bForceRead(0) +
04-04 20:24:34.784  1197  1197 W nvbuf_util.cpp: [readRamVersion:245] nvRamId(2), ver: isp(0),3a(0),sh(0),lens(0),pl(0),stb(0),tsf(0),pdc(0),geo(0),fov(0),feature(0)
04-04 20:24:34.784  1197  1197 W NvramDrv: [readDefaultData:743] CAMERA_NVRAM_DATA_SHADING
04-04 20:24:34.786  1197  1197 W nvbuf_util.cpp: [getInstance:397] getInstance, bInit(1)
04-04 20:24:34.786  1197  1197 W nvbuf_util.cpp: [getBufAndReadNoLock:709] ramId(1), sensorDev(1), p(0x0), bForceRead(0) +
04-04 20:24:34.786  1197  1197 W nvbuf_util.cpp: [readRamVersion:245] nvRamId(1), ver: isp(0),3a(0),sh(0),lens(0),pl(0),stb(0),tsf(0),pdc(0),geo(0),fov(0),feature(0)
04-04 20:24:34.786  1197  1197 W NvramDrv: [readDefaultData:739] CAMERA_NVRAM_DATA_3A
04-04 20:24:34.791  1197  1197 E mtkcam-vendortag: [getTag] tag:0x80060009 not in section:com.mediatek.3afeature (getTag){#123:vendor/mediatek/proprietary/hardware/mtkcam/utils/metadata/vendortag/VendorTagDescriptor.cpp}
04-04 20:24:34.791  1197  1197 E MtkCam/MetadataConvert: [get_data_count] android_Type - tag:0x80060009 has no type:-1 < 0 (get_data_count){#498:vendor/mediatek/proprietary/hardware/mtkcam/utils/metadata/conversion/TypeConvert.androidMetadata.cpp}
04-04 20:24:34.793  1197  1197 E mtkcam-vendortag: [getTag] tag:0x80060009 not in section:com.mediatek.3afeature (getTag){#123:vendor/mediatek/proprietary/hardware/mtkcam/utils/metadata/vendortag/VendorTagDescriptor.cpp}
04-04 20:24:34.795  1231  1231 I ip6tables-wrapper-1.0: ip6tables: No chain/target/match by that name.
04-04 20:24:34.796  1231  1231 I ip6tables-wrapper-1.0: ip6tables-wrapper-1.0 terminated by exit(1)
04-04 20:24:34.796  1231  1231 E NetdagentIptables: exec() res=0, status=256 for /system/bin/ip6tables-wrapper-1.0 -w -A oem_out -o usb+ -j oem_mobile 
04-04 20:24:34.803  1197  1197 W MtkCam/MetadataProvider.constructStatic: [impConstructStaticMetadata_by_SymbolName] constructCustStaticMetadata_DEVICE_CAMERA_SENSOR_DRVNAME_S5K3P9_MIPI_RAW not found
04-04 20:24:34.805  1197  1197 W MtkCam/MetadataProvider.constructStatic: [impConstructStaticMetadata_by_SymbolName] constructCustStaticMetadata_PROJECT_SCALER_SENSOR_DRVNAME_S5K3P9_MIPI_RAW not found
04-04 20:24:34.805  1197  1197 W MtkCam/MetadataProvider.constructStatic: [impConstructStaticMetadata_by_SymbolName] constructCustStaticMetadata_PROJECT_SCALER_COMMON not found
04-04 20:24:34.806  1197  1197 W MtkCam/MetadataProvider.constructStatic: [impConstructStaticMetadata_by_SymbolName] constructCustStaticMetadata_PROJECT_FEATURE_SENSOR_DRVNAME_S5K3P9_MIPI_RAW not found
04-04 20:24:34.806  1197  1197 W MtkCam/MetadataProvider.constructStatic: [impConstructStaticMetadata_by_SymbolName] constructCustStaticMetadata_PROJECT_FEATURE_COMMON not found
04-04 20:24:34.806  1197  1197 W MtkCam/MetadataProvider.constructStatic: [impConstructStaticMetadata_by_SymbolName] constructCustStaticMetadata_PROJECT_CAMERA_SENSOR_DRVNAME_S5K3P9_MIPI_RAW not found
04-04 20:24:34.806  1197  1197 W MtkCam/MetadataProvider.constructStatic: [impConstructStaticMetadata_by_SymbolName] constructCustStaticMetadata_PROJECT_CAMERA_COMMON not found
04-04 20:24:34.806  1197  1197 W MtkCam/MetadataProvider.constructStatic: [impConstructStaticMetadata_by_SymbolName] constructCustStaticMetadata_PROJECT_REQUEST_SENSOR_DRVNAME_S5K3P9_MIPI_RAW not found
04-04 20:24:34.806  1197  1197 W MtkCam/MetadataProvider.constructStatic: [impConstructStaticMetadata_by_SymbolName] constructCustStaticMetadata_PROJECT_REQUEST_COMMON not found
04-04 20:24:34.807  1197  1197 W nvbuf_util.cpp: [getInstance:397] getInstance, bInit(1)
04-04 20:24:34.807  1197  1197 W nvbuf_util.cpp: [getBufAndReadNoLock:709] ramId(0), sensorDev(2), p(0x0), bForceRead(0) +
04-04 20:24:34.807  1197  1197 W nvbuf_util.cpp: [readRamVersion:245] nvRamId(0), ver: isp(0),3a(0),sh(0),lens(0),pl(0),stb(0),tsf(0),pdc(0),geo(0),fov(0),feature(0)
04-04 20:24:34.807  1197  1197 W NvramDrv: [readDefaultData:735] CAMERA_NVRAM_DATA_ISP
04-04 20:24:34.808  1197  1197 W nvbuf_util.cpp: [getInstance:397] getInstance, bInit(1)
04-04 20:24:34.808  1197  1197 W nvbuf_util.cpp: [getBufAndReadNoLock:709] ramId(2), sensorDev(2), p(0x0), bForceRead(0) +
04-04 20:24:34.808  1197  1197 W nvbuf_util.cpp: [readRamVersion:245] nvRamId(2), ver: isp(0),3a(0),sh(0),lens(0),pl(0),stb(0),tsf(0),pdc(0),geo(0),fov(0),feature(0)
04-04 20:24:34.808  1197  1197 W NvramDrv: [readDefaultData:743] CAMERA_NVRAM_DATA_SHADING
04-04 20:24:34.810  1197  1197 W nvbuf_util.cpp: [getInstance:397] getInstance, bInit(1)
04-04 20:24:34.810  1197  1197 W nvbuf_util.cpp: [getBufAndReadNoLock:709] ramId(1), sensorDev(2), p(0x0), bForceRead(0) +
04-04 20:24:34.810  1197  1197 W nvbuf_util.cpp: [readRamVersion:245] nvRamId(1), ver: isp(0),3a(0),sh(0),lens(0),pl(0),stb(0),tsf(0),pdc(0),geo(0),fov(0),feature(0)
04-04 20:24:34.810  1197  1197 W NvramDrv: [readDefaultData:739] CAMERA_NVRAM_DATA_3A
04-04 20:24:34.816  1197  1197 E mtkcam-vendortag: [getTag] tag:0x80060009 not in section:com.mediatek.3afeature (getTag){#123:vendor/mediatek/proprietary/hardware/mtkcam/utils/metadata/vendortag/VendorTagDescriptor.cpp}
04-04 20:24:34.816  1197  1197 E MtkCam/MetadataConvert: [get_data_count] android_Type - tag:0x80060009 has no type:-1 < 0 (get_data_count){#498:vendor/mediatek/proprietary/hardware/mtkcam/utils/metadata/conversion/TypeConvert.androidMetadata.cpp}
04-04 20:24:34.818  1197  1197 E mtkcam-vendortag: [getTag] tag:0x80060009 not in section:com.mediatek.3afeature (getTag){#123:vendor/mediatek/proprietary/hardware/mtkcam/utils/metadata/vendortag/VendorTagDescriptor.cpp}
04-04 20:24:34.823  1197  1197 I mtkcam-devicemgr: [logLocked] Physical Devices: # 2
04-04 20:24:34.823  1197  1197 I mtkcam-devicemgr: [logLocked] --
04-04 20:24:34.823  1197  1197 I mtkcam-devicemgr: [logLocked]   [00] -> orientation(wanted/setup)=( 90/90 ) BACK  hasFlashUnit:1 SENSOR_DRVNAME_OV16885_MIPI_RAW [PhysEnumDevice:0x7c4863f530]
04-04 20:24:34.823  1197  1197 I mtkcam-devicemgr: [logLocked] --
04-04 20:24:34.823  1197  1197 I mtkcam-devicemgr: [logLocked]   [01] -> orientation(wanted/setup)=(270/270) FRONT hasFlashUnit:0 SENSOR_DRVNAME_S5K3P9_MIPI_RAW [PhysEnumDevice:0x7c4863f580]
04-04 20:24:34.823  1197  1197 I mtkcam-devicemgr: [logLocked] --
04-04 20:24:34.823  1197  1197 I mtkcam-devicemgr: [logLocked] Virtual Devices: # 2
04-04 20:24:34.823  1197  1197 I mtkcam-devicemgr: [logLocked] --
04-04 20:24:34.823  1197  1197 I mtkcam-devicemgr: [logLocked]   [device@3.4/internal/0] -> 00 torchModeStatus:AVAILABLE_OFF hasFlashUnit:1 [VirtEnumDevice:0x7c486f1410 IVirtualDevice:0x7c48648fa8]
04-04 20:24:34.823  1197  1197 I mtkcam-devicemgr: [logLocked] --
04-04 20:24:34.823  1197  1197 I mtkcam-devicemgr: [logLocked]   [device@3.4/internal/1] -> 01 torchModeStatus:NOT_AVAILABLE hasFlashUnit:0 [VirtEnumDevice:0x7c486e8940 IVirtualDevice:0x7c486499a8]
04-04 20:24:34.823  1197  1197 I mtkcam-devicemgr: [logLocked] --
04-04 20:24:34.823  1197  1197 I mtkcam-devicemgr: [logLocked] Open Devices: # 0 (multi-opened maximum: # 1)
04-04 20:24:34.823  1197  1197 I mtkcam-devicemgr: [logLocked] --
04-04 20:24:34.823  1197  1197 I mtkcam-devicemgr: [initialize] -
04-04 20:24:34.823  1197  1197 I mtkcam-camprovider: [createICameraProvider_V2_4] + internal/0
04-04 20:24:34.823  1197  1197 I mtkcam-camprovider: [initialize] +
04-04 20:24:34.824  1197  1197 I mtkcam-camprovider: [initialize] -
04-04 20:24:34.824  1197  1197 I mtkcam-camprovider: [createICameraProvider_V2_4] - internal/0 provider:0x7c4864a260 manager:0x7c46ebb008
