04-04 20:24:35.620  1526  1526 D aurisys_config_parser: parse_aurisys_config(), "/system/vendor/etc/aurisys_config.xml"
04-04 20:24:35.622  1526  1526 D aurisys_config_parser: dump_scene_lib_table(+)
04-04 20:24:35.623  1526  1526 D aurisys_config_parser: aurisys_scenario 0
04-04 20:24:35.623  1526  1526 D aurisys_config_parser: downlink_library_name_list name mtk_bessound
04-04 20:24:35.623  1526  1526 D aurisys_config_parser: => DL have not apply gain to library
04-04 20:24:35.623  1526  1526 D aurisys_config_parser: aurisys_scenario 1
04-04 20:24:35.623  1526  1526 D aurisys_config_parser: downlink_library_name_list name mtk_bessound
04-04 20:24:35.623  1526  1526 D aurisys_config_parser: => DL have not apply gain to library
04-04 20:24:35.623  1526  1526 D aurisys_config_parser: aurisys_scenario 2
04-04 20:24:35.623  1526  1526 D aurisys_config_parser: uplink_library_name_list name mtk_speech_enh
04-04 20:24:35.623  1526  1526 D aurisys_config_parser: => UL apply gain to mtk_speech_enh
04-04 20:24:35.623  1526  1526 D aurisys_config_parser: aurisys_scenario 3
04-04 20:24:35.623  1526  1526 D aurisys_config_parser: uplink_library_name_list name mtk_speech_enh
04-04 20:24:35.623  1526  1526 D aurisys_config_parser: => UL apply gain to mtk_speech_enh
04-04 20:24:35.623  1526  1526 D aurisys_config_parser: aurisys_scenario 4
04-04 20:24:35.623  1526  1526 D aurisys_config_parser: uplink_library_name_list name mtk_speech_enh
04-04 20:24:35.623  1526  1526 D aurisys_config_parser: => UL apply gain to mtk_speech_enh
04-04 20:24:35.623  1526  1526 D aurisys_config_parser: aurisys_scenario 5
04-04 20:24:35.623  1526  1526 D aurisys_config_parser: uplink_library_name_list name mtk_speech_enh
04-04 20:24:35.623  1526  1526 D aurisys_config_parser: => UL apply gain to mtk_speech_enh
04-04 20:24:35.623  1526  1526 D aurisys_config_parser: downlink_library_name_list name mtk_speech_enh
04-04 20:24:35.623  1526  1526 D aurisys_config_parser: => DL apply gain to mtk_speech_enh
04-04 20:24:35.623  1526  1526 D aurisys_config_parser: aurisys_scenario 6
04-04 20:24:35.623  1526  1526 D aurisys_config_parser: uplink_library_name_list name mtk_speech_enh
04-04 20:24:35.623  1526  1526 D aurisys_config_parser: => UL apply gain to mtk_speech_enh
04-04 20:24:35.623  1526  1526 D aurisys_config_parser: downlink_library_name_list name mtk_speech_enh
04-04 20:24:35.623  1526  1526 D aurisys_config_parser: => DL apply gain to mtk_speech_enh
04-04 20:24:35.623  1526  1526 D aurisys_config_parser: dump_scene_lib_table(-)
04-04 20:24:35.632  1046  1046 W AshmemAllocator: ashmem_create_region(164) returning hidl_memory(0x727522c110, 164)
04-04 20:24:35.635  1526  1526 D aurisys_config_parser: dump_library_config(+)
04-04 20:24:35.635  1526  1526 D aurisys_config_parser: library name mtk_bessound
04-04 20:24:35.635  1526  1526 D aurisys_config_parser: lib_version: "1399"
04-04 20:24:35.635  1526  1526 D aurisys_config_parser: aurisys_scenario 0
04-04 20:24:35.635  1526  1526 D aurisys_config_parser: aurisys_scenario 1
04-04 20:24:35.635  1526  1526 D aurisys_config_parser: library name mtk_iir
04-04 20:24:35.635  1526  1526 D aurisys_config_parser: lib_version: "iir Soft. Version 1.0.28, 2017-06-09"
04-04 20:24:35.635  1526  1526 D aurisys_config_parser: aurisys_scenario 2
04-04 20:24:35.635  1526  1526 D aurisys_config_parser: aurisys_scenario 3
04-04 20:24:35.636  1526  1526 D aurisys_config_parser: aurisys_scenario 4
04-04 20:24:35.636  1526  1526 D aurisys_config_parser: aurisys_scenario 5
04-04 20:24:35.636  1526  1526 D aurisys_config_parser: aurisys_scenario 6
04-04 20:24:35.636  1526  1526 D aurisys_config_parser: library name mtk_speech_enh
04-04 20:24:35.636  1526  1526 D aurisys_config_parser: lib_version: "MTK_SP1 Soft. Version 1.1.11, 2018-05-02"
04-04 20:24:35.636  1526  1526 D aurisys_config_parser: aurisys_scenario 2
04-04 20:24:35.636  1526  1526 D aurisys_config_parser: aurisys_scenario 3
04-04 20:24:35.636  1526  1526 D aurisys_config_parser: aurisys_scenario 4
04-04 20:24:35.636  1526  1526 D aurisys_config_parser: aurisys_scenario 5
04-04 20:24:35.636  1526  1526 D aurisys_config_parser: aurisys_scenario 6
04-04 20:24:35.636  1526  1526 D aurisys_config_parser: dump_library_config(-)
04-04 20:24:35.636  1526  1526 D aurisys_controller: init_aurisys_controller(-)
04-04 20:24:35.636  1526  1526 D SpeechDriverFactory: SpeechDriverFactory(), isMD1Supported = 14
04-04 20:24:35.636  1526  1526 D AudioUtility: bootMode = 0
04-04 20:24:35.636  1526  1526 D AudioUtility: Unsupported factory mode!
04-04 20:24:35.636  1526  1526 D SpeechDriverFactory: Create SpeechDriverNormal for MODEM_1
04-04 20:24:35.637  1526  1526 D         : CleanGainValueAndMuteStatus(), mUplinkMuteOn 0
04-04 20:24:35.637  1526  1526 D SpeechExtMemCCCI: SpeechExtMemCCCI()
04-04 20:24:35.637  1526  1526 W SpeechMessengerNormal: checkCcciStatusAndRecovery() mCcciDeviceHandler: -1
04-04 20:24:35.637  1526  1526 D SpeechMessengerNormal: openCcciDriver(), ccci_md: 0, dev_name: "/dev/ccci_aud", mCcciDeviceHandler: 15
04-04 20:24:35.637  1526  1526 W SpeechMessengerNormal: checkCcciStatusAndRecovery() mCcciShareMemoryHandler: -1
04-04 20:24:35.637  1526  1526 D ccci_lib: mmap on /dev/ccci_raw_audio(16) for addr=0x8001b000, len=53248
04-04 20:24:35.637  1526  1526 D SpeechExtMemCCCI: openShareMemory(), ccci_md: 0, mCcciShareMemoryHandler: 16, mShareMemoryBase: 0xeb454000, mShareMemoryLength: 53248 , get share momoey address time: 0 ms
04-04 20:24:35.639  1526  1526 D SpeechExtMemCCCI: formatShareMemory(), mShareMemory: 0xeb454000, ap_flag: 0x1, md_flag: 0x0, struct_checksum: 124
04-04 20:24:35.639  1526  1526 D SpeechExtMemCCCI: formatShareMemory(), [sph_param] offset: 128, size: 12288, [ap_data] offset: 12416, size: 8192, [md_data] offset: 20608, size: 32608
04-04 20:24:35.639  1526  1526 D SpeechExtMemCCCI: formatShareMemory(), [sph_param] read_idx: 0, write_idx: 0, [ap_data] read_idx: 0, write_idx: 0, [md_data] read_idx: 0, write_idx: 0
04-04 20:24:35.639  1526  1526 D SpeechEnhancementController: mSpeechEnhancementMask: main_func = 0xffbf, sub_func = 0xffffff9e
04-04 20:24:35.639  1526  1526 D SpeechEnhancementController: GetBtHeadsetNrecOn(), mBtHeadsetNrecOn = 1
04-04 20:24:35.639  1526  1705 E SpeechMessageQueue: thread processElementThread_1526_1705 created. setpriority ANDROID_PRIORITY_AUDIO failed!! errno: 13, retval: -1
04-04 20:24:35.639  1526  1526 D AudioEventThreadManager: registerCallback(), audioEventType=1, callbackFunc = 0xeaefcb40
04-04 20:24:35.639  1526  1526 D AudioEventThreadManager: AudioEventThread(), audioEventType = 1
04-04 20:24:35.639  1526  1706 E SpeechDriverNormal: thread readSpeechMessageThread_1526_1706 created. setpriority ANDROID_PRIORITY_AUDIO failed!! errno: 13, retval: -1
04-04 20:24:35.639  1526  1526 D AudioEventThreadManager: registerCallback(), add new audioEventType=1, callbackFunc = 0xeaefcb40
04-04 20:24:35.640  1526  1526 W SpeechDriverFactory: Create SpeechDriverDummy for MODEM_2
04-04 20:24:35.640  1526  1526 D         : CleanGainValueAndMuteStatus(), mUplinkMuteOn 0
04-04 20:24:35.640  1526  1526 W SpeechDriverDummy: SpeechDriverDummy(), modem_index = 1
04-04 20:24:35.640  1526  1526 W SpeechDriverFactory: Create SpeechDriverDummy for MODEM_EXTERNAL
04-04 20:24:35.640  1526  1706 D SpeechDriverNormal: processModemControlMessage(), MD Alive, id: 0xafa0, param16: 0x0, param32: 0x0
04-04 20:24:35.640  1526  1526 D         : CleanGainValueAndMuteStatus(), mUplinkMuteOn 0
04-04 20:24:35.640  1526  1526 W SpeechDriverDummy: SpeechDriverDummy(), modem_index = 2
04-04 20:24:35.640  1526  1526 D SpeechDriverFactory: -SpeechDriverFactory(), mActiveModemIndex = 0
04-04 20:24:35.640  1526  1707 E AudioEventThreadManager: thread eventThread_1526_1707 created. setpriority ANDROID_PRIORITY_AUDIO failed!! errno: 13, retval: -1
04-04 20:24:35.640  1526  1526 W AudioALSASpeechPhoneCallController: AudioALSASpeechPhoneCallController: mMicMute=1
04-04 20:24:35.640  1526  1706 D SpeechDriverNormal: sendSpeechMessageToModem(), send msg done, id: 0x2fa0, param16: 0x0, param32: 0x0
04-04 20:24:35.640  1526  1526 W AudioALSASpeechPhoneCallController: AudioALSASpeechPhoneCallController: force unmute mic on start
04-04 20:24:35.640  1526  1526 E AudioALSASpeechPhoneCallController: setMicMute() , Error: Speech_MIC_MUTE mixctrl invalid value
04-04 20:24:35.640  1526  1526 D AudioALSAFMController: AudioALSAFMController()
04-04 20:24:35.640  1526  1526 D         : appOpsGetInstance(), init AppOps struct, lib is libaudio_param_parser-vnd.so
04-04 20:24:35.640  1046  1046 W AshmemAllocator: ashmem_create_region(12) returning hidl_memory(0x727522c110, 12)
04-04 20:24:35.640  1526  1526 D AudioALSAStreamManager: AudioALSAStreamManager()
04-04 20:24:35.640  1526  1526 D AudioALSAStreamManager: firstboot 0 mBesLoudnessStatus 1
04-04 20:24:35.640  1526  1526 D AudioEventThreadManager: registerCallback(), audioEventType=0, callbackFunc = 0xeaff1f64
04-04 20:24:35.641  1526  1526 D AudioEventThreadManager: AudioEventThread(), audioEventType = 0
04-04 20:24:35.641  1526  1526 D AudioEventThreadManager: registerCallback(), add new audioEventType=0, callbackFunc = 0xeaff1f64
04-04 20:24:35.641  1526  1708 E AudioEventThreadManager: thread eventThread_1526_1708 created. setpriority ANDROID_PRIORITY_AUDIO failed!! errno: 13, retval: -1
04-04 20:24:35.641  1526  1526 D AudioUtility: getPowerHal(), get PowerHal Service
04-04 20:24:35.642  1526  1526 D AudioUtility: getPowerHal(), Link to death notification successfully
04-04 20:24:35.642  1526  1526 D AudioALSAParamTuner: getInstance(), create AudioALSAParamTuner instance --
04-04 20:24:35.642  1526  1526 D AudioALSAParamTuner: +AudioALSAParamTuner()
04-04 20:24:35.642  1526  1526 D AudioCustParam: GetVolumeVer1ParamFromNV 
04-04 20:24:35.643  1526  1526 D NVRAM   : length of g_NVRAM_BACKUP_DEVICE=44
04-04 20:24:35.643  1526  1526 D NVRAM   : nvram_layout_callback will run!!!
04-04 20:24:35.643  1526  1526 D NVRAM   : nvram_platform_log_block: 2
04-04 20:24:35.643  1526  1526 D NVRAM   : nvram_platform_resv_block: 2
04-04 20:24:35.643  1526  1526 D NVRAM   : nvram_platform_DM_block: 1
04-04 20:24:35.643  1526  1526 D NVRAM   : nvram_platform_layout_version: 0
04-04 20:24:35.643  1526  1526 D NVRAM   : nvram_platform_header_offset: 0
04-04 20:24:35.643  1526  1526 D NVRAM   : g_i4CFG_File_Count: 51
04-04 20:24:35.643  1526  1526 D NVRAM   : NVM_Init Max Lid: 80
04-04 20:24:35.643  1526  1526 D NVRAM   : [NVRAM]: info nvram_gpt_flag =1
04-04 20:24:35.643  1526  1526 D NVRAM   : [NVRAM]: info NVRAM Init Completed!
04-04 20:24:35.643  1526  1526 D NVRAM   : NVM_GetFileDesc: Open /mnt/vendor/nvdata/media/Audio_ver1_Vol_custom,LID:64
04-04 20:24:35.644  1526  1526 D NVRAM   : NVM_CmpFileVerNo 64  
04-04 20:24:35.644  1526  1526 D NVRAM   : Load File Version: 001, NvRam File Version: 001
04-04 20:24:35.644  1526  1526 D NVRAM   : NVM_ProtectDataFile : 64 ++
04-04 20:24:35.644  1526  1526 D NVRAM   : iCustomBeginLID = 51
04-04 20:24:35.644  1526  1526 D NVRAM   : NVM_CheckFileSize:stat_size:583,size in table:581
04-04 20:24:35.645  1526  1526 D NVRAM   : NVM_CheckFile: File is correct!
04-04 20:24:35.645  1526  1526 D NVRAM   : NVM_ProtectUserData:Check Success
04-04 20:24:35.645  1526  1526 D NVRAM   : NVM_GetFileDesc ProtectDataFile Check Success!!
04-04 20:24:35.645  1526  1526 D AudioCustParam: GetVolumeVer1ParamFromNV rec_size = 581 rec_num = 1
04-04 20:24:35.646  1526  1526 D NVRAM   : NVM_CloseFileDesc: Open by Readonly, no need to check when close
04-04 20:24:35.646  1526  1526 D AudioMTKGainController: getMicGainDecimal(), micMode 1, gainDevice 0, micGainDecimal 152
04-04 20:24:35.646  1526  1526 D AudioMTKGainController: getMicGainDecimal(), micMode 1, gainDevice 2, micGainDecimal 156
04-04 20:24:35.646  1526  1526 D AudioALSAParamTuner: AudioALSAParamTuner(), AudioALSAParamTuner: default mic gain-mormal:152;handsfree:156, receiver gain:112, headset Gain:76
04-04 20:24:35.646  1526  1526 D AudioALSAParamTuner: getInstance(), create AudioALSAParamTuner instance ++
04-04 20:24:35.646  1526  1526 D         : appOpsGetInstance(), init AppOps struct, lib is libaudio_param_parser-vnd.so
04-04 20:24:35.647  1526  1526 D AudioALSAHardware: AudioALSAHardware(), mAudioHalBtscoWB = 0
04-04 20:24:35.647  1526  1526 D WCNChipController: WCNChipController()
04-04 20:24:35.647  1526  1526 D WCNChipController: SetBTCurrentSamplingRateNumber(), mBTCurrentSamplingRateNumber: 8000 => 8000
04-04 20:24:35.647  1526  1526 D AudioBTCVSDControl: +AudioBTCVSDControl
04-04 20:24:35.647  1526  1526 D AudioBTCVSDControl: AudioBTCVSDControl constructor
04-04 20:24:35.650  1526  1526 D AudioBTCVSDControl: BT_SCO_SET_TXState state=0x0
04-04 20:24:35.650  1526  1526 D AudioBTCVSDControl: BT_SCO_SET_RXState state=0x10
04-04 20:24:35.650  1526  1526 D AudioBTCVSDControl: BT_SCO_CVSD_Init() allocate mBTSCOCVSDContext
04-04 20:24:35.650  1526  1526 D AudioBTCVSDControl: -AudioBTCVSDControl
04-04 20:24:35.650  1526  1526 D AudioBTCVSDControl: AudioBTCVSDControl getInstance()
04-04 20:24:35.650  1526  1526 D AudioBTCVSDControl: BT_SCO_SetMode, mode=0, BTmode=0
04-04 20:24:35.650  1526  1526 D AudioALSASpeechPhoneCallController: setBTMode(), mBTMode: 0 => 0
04-04 20:24:35.650  1526  1526 D AudioALSAHardware: -mAudioALSAHardware
04-04 20:24:35.650  1526  1526 D mtk_audio_hw_hal: gAudioHALRefCountByClient + 1
04-04 20:24:35.650  1526  1526 D AudioALSAHardware: initCheck()
04-04 20:24:35.651  1046  1046 W AshmemAllocator: ashmem_create_region(8) returning hidl_memory(0x727522c110, 8)
04-04 20:24:35.651  1526  1526 D AudioALSAStreamManager: +openOutputStream()
04-04 20:24:35.651  1526  1526 D AudioALSAStreamManager: openOutputStream(), devices = 0x2, format = 0x1, channels = 0x3, sampleRate = 48000, status = 0x1
04-04 20:24:35.651  1526  1526 D AudioALSAStreamOut: AudioALSAStreamOut()
04-04 20:24:35.651  1526  1526 D AudioALSAStreamOut: set(), devices = 0x2, format = 0x1, channels = 0x3, sampleRate = 48000, flags = 0x6
04-04 20:24:35.651  1526  1526 D AudioALSASampleRateController: AudioALSASampleRateController()
04-04 20:24:35.651  1526  1526 D AudioALSASampleRateController: +setPrimaryStreamOutSampleRate(), mPrimaryStreamOutSampleRate: 44100 => 48000
04-04 20:24:35.651  1526  1526 D AudioALSASampleRateController: -setPrimaryStreamOutSampleRate(), mPrimaryStreamOutSampleRate: 48000
04-04 20:24:35.651  1526  1526 D AudioALSAStreamOut: set(), mStreamAttributeSource.latency 10, mStreamAttributeSource.buffer_size =1024, channels 2.
04-04 20:24:35.651  1526  1526 D AudioALSAStreamManager: -openOutputStream(), out = 0x2c8440, status = 0x0, mStreamOutVector.size() = 1
04-04 20:24:35.652  1526  1526 W AudioALSAStreamManager: routingOutputDevice(), flag: 6, mPhoneCallSpeechOpen = 0, output_devices == current_output_devices(0x2), return
04-04 20:24:35.652  1526  1526 D AudioALSAStreamOut: setVolume(), vl = 1.000000, vr = 1.000000
04-04 20:24:35.652  1526  1526 E AudioALSAStreamOut: setVolume(), playbackhandler NULL
04-04 20:24:35.653  1526  1710 D AudioALSAStreamManager: setMasterVolume(), volume = 1.000000
04-04 20:24:35.653  1526  1710 D AudioMTKGainController: setNormalVolume(), mSceneIndex = 0, stream -1, devices 0x2, index -1, mode 0x0
04-04 20:24:35.653  1526  1710 W AudioMTKGainController: error, stream -1 is invalid, use 3 instead
04-04 20:24:35.653  1526  1710 W AudioMTKGainController: error, index -1 is invalid, use max 15 instead
04-04 20:24:35.653  1526  1710 D AudioMTKGainController: setSpeakerGain(), gain = 10, spkAnaType = 3, spkLMixerName = Lineout_PGAL_GAIN, spkRMixerName = Lineout_PGAR_GAIN
04-04 20:24:35.653  1526  1710 D AudioALSAStreamOut: open(), flags 6
04-04 20:24:35.653  1526  1710 D AudioALSAStreamManager: +createPlaybackHandler(), mAudioMode = 0, output_devices = 0x2, isMixerOut = 0x0, flag = 6
04-04 20:24:35.653  1526  1710 D AudioALSADataProcessor: AudioALSADataProcessor()
04-04 20:24:35.653  1526  1710 D AudioALSAPlaybackHandlerNormal: +open(), flag 6, mDevice = 0x2
04-04 20:24:35.653  1526  1710 D AudioALSADeviceParser: compare pcm success = 7, stringpair = I2S0DL1_PLayback
04-04 20:24:35.654  1526  1710 D AudioALSAPlaybackHandlerBase: transferAudioFormatToPcmFormat(), audio_format(0x4) => pcm_format(0x1)
04-04 20:24:35.654  1526  1710 D AudioALSAPlaybackHandlerNormal: open(), mConfig: channels = 2, rate = 48000, period_size = 256, period_count = 2, format = 1, avail_min = 256, start_threshold = 512
04-04 20:24:35.654  1526  1710 D AudioALSAPlaybackHandlerNormal: SetLowJitterMode(), bypass low jitter mode, bEnable = 1, device = 0x2, SampleRate = 48000
04-04 20:24:35.655  1526  1710 D AudioALSAPlaybackHandlerBase: openPcmDriverWithFlag(), pcm device = 7 flag = 0x8 mPcm = 0xe89015d8
04-04 20:24:35.655  1526  1710 D AudioALSAPlaybackHandlerBase: CreateAurisysLibManager, voip: 0, mAurisysScenario: 1
04-04 20:24:35.655  1526  1710 D aurisys_utility: input dev: 0x0, fmt = 0x1, fs: 48000, max fs: 48000, ch: 2, max ch: 1, ch maks: 0x3, hw_info_mask: 0x0; output dev: 0x2, fmt = 0x1, fs: 48000, max fs: 48000, ch: 2, max ch: 2, ch maks: 0x3, hw_info_mask: 0x0; task_scene: 2, audio_mode: 0, output_flags: 0x6, input_source: 0, input_flags: 0x0, enhancement_feature_mask: 0x0
04-04 20:24:35.655  1526  1710 D aurisys_utility: lib, working fs: 48000, fmt: 0x3, frame = 0, b_interleave = 1, num_ul_ref_buf_array = 0, num_dl_ref_buf_array = 0
04-04 20:24:35.655  1526  1710 D aurisys_utility: dl in[type:2], ch: 2, ch_mask: 0x0, buf fs: 48000, buf content fs: 48000, fmt: 0x3; dl out[type:3], ch: 2, ch_mask: 0x0, buf fs: 48000, buf content fs: 48000, fmt: 0x3
04-04 20:24:35.655  1526  1710 D AudioCompFltCustParam: getPlaybackPostProcessParameterFromXML Type/Name [5]/[PlaybackDRC]
04-04 20:24:35.655  1526  1710 D AudioCompFltCustParam: appOpsGetInstance(), init AppOps struct, lib is libaudio_param_parser-vnd.so
04-04 20:24:35.656  1526  1710 D AudioCompFltCustParam: getPlaybackPostProcessParameterFromXML Type/Name [0]/[PlaybackACF]
04-04 20:24:35.656  1526  1710 D aurisys_lib_handler: aurisys_arsi_parsing_param_file(), gProductInfo "platform=MT6763,device=k63v2_64_bsp,model=Volla Phone", file_path "/vendor/etc/audio_param", enhancement_mode 0, param_buf_size 2528, data_size 2528
04-04 20:24:35.656  1526  1710 D aurisys_lib_handler: aurisys_arsi_create_handler(), lib_name mtk_bessound, 0xe8901878, memory_size 72532, arsi_handler 0xe8903a70, retval 0
04-04 20:24:35.656  1526  1710 D aurisys_lib_handler: aurisys_arsi_create_handler(), arsi_query_process_unit_bytes, ul 0, dl 512, retval 0
04-04 20:24:35.656  1194  1392 I ServiceManager: Waiting for service 'package_native' on '/dev/binder'...
04-04 20:24:35.656  1526  1710 D aurisys_lib_manager: DL Lib, lib_name mtk_bessound, 0xe8901878, sample_rate: 48000 => 48000, num_channels: 2 => 2, audio_format: 0x1 => 0x3, interleave: 1 => 1, frame: 0 => 0
04-04 20:24:35.656  1526  1710 D aurisys_lib_manager: DL out, sample_rate: 48000 => 48000, num_channels: 2 => 2, audio_format: 0x3 => 0x4, interleave: 1 => 1, frame: 0 => 0
04-04 20:24:35.656  1526  1710 D         : appOpsGetInstance(), init AppOps struct, lib is libaudio_param_parser-vnd.so
04-04 20:24:35.662  1526  1710 D AudioALSAHardwareResourceManager: +startOutputDevice(), new_devices = 0x2, mOutputDevices = 0x0, mStartOutputDevicesCount = 0 SampleRate = 48000
04-04 20:24:35.662  1526  1710 D AudioALSADeviceConfigManager: ApplyDeviceTurnonSequenceByName() DeviceName = speaker_output descriptor->DeviceStatusCounte = 0
04-04 20:24:35.663  1526  1710 D AudioALSADeviceConfigManager: ApplyDeviceTurnonSequenceByName() DeviceName = ext_speaker_output descriptor->DeviceStatusCounte = 0
04-04 20:24:35.711  1526  1710 D AudioALSAStreamManager: speakerStatusChangeCb(), status = 0
04-04 20:24:35.711  1526  1710 D AudioVoiceUIDL: [GetSRCInputParameter] mOutputSampleRate 16000,  mInputSampleRate 48000, mInChannel 2, mOutChannel, 0 format 4
04-04 20:24:35.711  1526  1710 D AudioVoiceUIDL: [GetSRCInputParameter] create SRC handle fail
04-04 20:24:35.711  1526  1710 D AudioALSAPlaybackHandlerNormal: -open()
04-04 20:24:35.712  1526  1526 D AudioALSAStreamManager: +openOutputStream()
04-04 20:24:35.712  1526  1526 D AudioALSAStreamManager: openOutputStream(), devices = 0x2, format = 0x1, channels = 0x3, sampleRate = 48000, status = 0x2
04-04 20:24:35.712  1526  1526 D AudioALSAStreamOut: AudioALSAStreamOut()
04-04 20:24:35.712  1526  1526 D AudioALSAStreamOut: set(), devices = 0x2, format = 0x1, channels = 0x3, sampleRate = 48000, flags = 0x8
04-04 20:24:35.712  1526  1526 D AudioALSASampleRateController: +setPrimaryStreamOutSampleRate(), mPrimaryStreamOutSampleRate: 48000 => 48000
04-04 20:24:35.712  1526  1526 W AudioALSASampleRateController: -setPrimaryStreamOutSampleRate() some other scenatio is active
04-04 20:24:35.712  1526  1526 D AudioALSAStreamOut: reduce hal buffer size 45056 -> 8192
04-04 20:24:35.712  1526  1526 D AudioALSAStreamOut: set(), mStreamAttributeSource.latency 128, mStreamAttributeSource.buffer_size =8192, channels 2.
04-04 20:24:35.712  1526  1526 D AudioALSAStreamManager: -openOutputStream(), out = 0x359b38, status = 0x0, mStreamOutVector.size() = 2
04-04 20:24:35.713  1526  1526 D AudioALSAStreamOut: setVolume(), vl = 1.000000, vr = 1.000000
04-04 20:24:35.713  1526  1526 E AudioALSAStreamOut: setVolume(), playbackhandler NULL
04-04 20:24:35.713  1526  1711 D AudioALSAStreamManager: setMasterVolume(), volume = 1.000000
04-04 20:24:35.713  1526  1711 D AudioMTKGainController: setNormalVolume(), mSceneIndex = 0, stream -1, devices 0x2, index -1, mode 0x0
04-04 20:24:35.713  1526  1711 W AudioMTKGainController: error, stream -1 is invalid, use 3 instead
04-04 20:24:35.713  1526  1711 W AudioMTKGainController: error, index -1 is invalid, use max 15 instead
04-04 20:24:35.713  1526  1711 D AudioMTKGainController: setSpeakerGain(), gain = 10, spkAnaType = 3, spkLMixerName = Lineout_PGAL_GAIN, spkRMixerName = Lineout_PGAR_GAIN
04-04 20:24:35.713  1526  1711 D AudioALSAStreamOut: open(), flags 8
04-04 20:24:35.713  1526  1711 D AudioALSAStreamManager: +createPlaybackHandler(), mAudioMode = 0, output_devices = 0x2, isMixerOut = 0x0, flag = 8
04-04 20:24:35.713  1526  1711 D AudioALSAPlaybackHandlerNormal: +open(), flag 8, mDevice = 0x2
04-04 20:24:35.713  1526  1711 D AudioALSADeviceParser: compare pcm success = 8, stringpair = Deep_Buffer_PLayback
04-04 20:24:35.713  1526  1711 D AudioALSAPlaybackHandlerBase: transferAudioFormatToPcmFormat(), audio_format(0x4) => pcm_format(0x1)
04-04 20:24:35.713  1526  1711 D AudioALSAPlaybackHandlerNormal: open(), mConfig: channels = 2, rate = 48000, period_size = 3072, period_count = 2, format = 1, avail_min = 2048, start_threshold = 0
04-04 20:24:35.713  1526  1711 D AudioALSAPlaybackHandlerNormal: SetLowJitterMode(), bypass low jitter mode, bEnable = 1, device = 0x2, SampleRate = 48000
04-04 20:24:35.715  1526  1711 D AudioALSAPlaybackHandlerBase: openPcmDriverWithFlag(), pcm device = 8 flag = 0x8 mPcm = 0xe8500900
04-04 20:24:35.715  1526  1711 D AudioALSAPlaybackHandlerBase: CreateAurisysLibManager, voip: 0, mAurisysScenario: 0
04-04 20:24:35.715  1526  1711 D aurisys_utility: input dev: 0x0, fmt = 0x1, fs: 48000, max fs: 48000, ch: 2, max ch: 1, ch maks: 0x3, hw_info_mask: 0x0; output dev: 0x2, fmt = 0x1, fs: 48000, max fs: 48000, ch: 2, max ch: 2, ch maks: 0x3, hw_info_mask: 0x0; task_scene: 2, audio_mode: 0, output_flags: 0x8, input_source: 0, input_flags: 0x0, enhancement_feature_mask: 0x0
04-04 20:24:35.715  1526  1711 D aurisys_utility: lib, working fs: 48000, fmt: 0x3, frame = 0, b_interleave = 1, num_ul_ref_buf_array = 0, num_dl_ref_buf_array = 0
04-04 20:24:35.715  1526  1711 D aurisys_utility: dl in[type:2], ch: 2, ch_mask: 0x0, buf fs: 48000, buf content fs: 48000, fmt: 0x3; dl out[type:3], ch: 2, ch_mask: 0x0, buf fs: 48000, buf content fs: 48000, fmt: 0x3
04-04 20:24:35.715  1526  1711 D AudioCompFltCustParam: getPlaybackPostProcessParameterFromXML Type/Name [5]/[PlaybackDRC]
04-04 20:24:35.715  1526  1711 D AudioCompFltCustParam: getPlaybackPostProcessParameterFromXML Type/Name [0]/[PlaybackACF]
04-04 20:24:35.716  1526  1711 D aurisys_lib_handler: aurisys_arsi_parsing_param_file(), gProductInfo "platform=MT6763,device=k63v2_64_bsp,model=Volla Phone", file_path "/vendor/etc/audio_param", enhancement_mode 0, param_buf_size 2528, data_size 2528
04-04 20:24:35.716  1526  1711 D aurisys_lib_handler: aurisys_arsi_create_handler(), lib_name mtk_bessound, 0xe8500ba0, memory_size 72532, arsi_handler 0xe8502978, retval 0
04-04 20:24:35.716  1526  1711 D aurisys_lib_handler: aurisys_arsi_create_handler(), arsi_query_process_unit_bytes, ul 0, dl 4096, retval 0
04-04 20:24:35.716  1526  1711 D aurisys_lib_manager: DL Lib, lib_name mtk_bessound, 0xe8500ba0, sample_rate: 48000 => 48000, num_channels: 2 => 2, audio_format: 0x1 => 0x3, interleave: 1 => 1, frame: 0 => 0
04-04 20:24:35.716  1526  1711 D aurisys_lib_manager: DL out, sample_rate: 48000 => 48000, num_channels: 2 => 2, audio_format: 0x3 => 0x4, interleave: 1 => 1, frame: 0 => 0
04-04 20:24:35.716  1526  1711 D AudioALSAHardwareResourceManager: +startOutputDevice(), new_devices = 0x2, mOutputDevices = 0x2, mStartOutputDevicesCount = 1 SampleRate = 48000
04-04 20:24:35.716  1526  1711 D AudioVoiceUIDL: [GetSRCInputParameter] mOutputSampleRate 16000,  mInputSampleRate 48000, mInChannel 2, mOutChannel, 0 format 4
04-04 20:24:35.716  1526  1711 D AudioVoiceUIDL: [GetSRCInputParameter] create SRC handle fail
04-04 20:24:35.716  1526  1711 D AudioALSAPlaybackHandlerNormal: fillKernelBuffer(), flag 8, kernelBufSize = 49152, muteDataSize = 24576, writtenMuteBytes = 0
04-04 20:24:35.716  1526  1711 D AudioALSAPlaybackHandlerNormal: -open()
04-04 20:24:35.716  1526  1711 D AudioALSAPlaybackHandlerNormal: setScreenState, flag 8, rate 2048 0.042667, mode = 1 , buffer_size = 8192, channel 2, format4, reduceInterruptSize = 1024
04-04 20:24:35.718  1526  1526 D AudioALSAStreamManager: openInputStream(), devices = 0x80000004, format = 0x1, channels = 0xc, sampleRate = 48000, status = 1, acoustics = 0x0
04-04 20:24:35.718  1526  1526 D AudioALSAStreamIn: AudioALSAStreamIn()
04-04 20:24:35.718  1526  1526 D AudioALSAStreamIn: set(), devices = 0x80000004, format = 0x1, channels = 0xc, sampleRate = 48000, acoustics = 0x0, flags = 0
04-04 20:24:35.718  1526  1526 D AudioALSAStreamIn: CheckBesRecordInfo()
04-04 20:24:35.718  1526  1526 D AudioSpeechEnhanceInfo: GetBesRecScene() -1
04-04 20:24:35.718  1526  1526 D AudioSpeechEnhanceInfo: IsBesRecTuningEnable()- 0
04-04 20:24:35.718  1526  1526 D AudioSpeechEnhanceInfo: GetForceMagiASRState(), feature_support=1a090055, 0, mForceMagiASR=0
04-04 20:24:35.718  1526  1526 D AudioSpeechEnhanceInfo: GetForceAECRecState(), mForceAECRec=0
04-04 20:24:35.718  1526  1526 D AudioALSAStreamIn: set() done, sampleRate = 48000, num_channels = 2, buffer_size=3840, tempDebugflag = 0
04-04 20:24:35.718  1526  1526 D AudioALSAStreamManager: -openInputStream(), in = 0x317e28, status = 0x0, mStreamInVector.size() = 1
04-04 20:24:35.718  1526  1526 D AudioALSAStreamIn: standby()
04-04 20:24:35.718  1526  1526 D AudioALSAStreamManager: +routingInputDevice(), input_device: 0x80000004 => 0x80000004
04-04 20:24:35.718  1526  1526 W AudioALSAStreamManager: -routingInputDevice(), input_device == current_input_device(0x80000004), return
04-04 20:24:35.719  1526  1526 D AudioALSAStreamManager: +routingInputDevice(), input_device: 0x80000004 => 0x80000004
04-04 20:24:35.719  1526  1526 W AudioALSAStreamManager: -routingInputDevice(), input_device == current_input_device(0x80000004), return
04-04 20:24:35.719  1526  1526 D AudioALSAStreamIn: standby()
04-04 20:24:35.719  1526  1526 D AudioALSAStreamManager: +closeInputStream(), in = 0x317e28, size() = 1
04-04 20:24:35.719  1526  1526 D AudioALSAStreamIn: ~AudioALSAStreamIn()
04-04 20:24:35.719  1526  1526 D AudioALSAStreamManager: -closeInputStream(), mStreamInVector.size() = 0
04-04 20:24:35.743  1588  1588 W         : SurfaceFlinger service already running, so we won't start it here. If you have trouble with media, try disabling the minisf service.
04-04 20:24:35.757  1194  1392 I ServiceManager: Waiting for service 'package_native' on '/dev/binder'...
04-04 20:24:35.766  1060  1060 W hwcomposer: [EVENT] Start to listen uevent, addr.nl_pid(1060)  
04-04 20:24:35.766  1060  1060 W hwcomposer: [HWC] Register hotplug callback  
04-04 20:24:35.766  1060  1060 W hwcomposer: [HWC] Register refresh callback  
04-04 20:24:35.766  1060  1060 W hwcomposer: [HWC] Register vsync callback  
04-04 20:24:35.766  1060  1060 I hwcomposer: [JOB] ui_mm_combined? 1  
04-04 20:24:35.768  1060  1060 E MDP     : DpAsyncBlitStream: unrecognizable user 0
04-04 20:24:35.768  1060  1060 I hwcomposer: [DPY] Display Information:  
04-04 20:24:35.768  1060  1060 I hwcomposer: [DPY] # fo current devices : 1  
04-04 20:24:35.768  1060  1060 I hwcomposer: [DPY] ------------------------------------  
04-04 20:24:35.768  1060  1060 I hwcomposer: [DPY] Device id   : 0  
04-04 20:24:35.768  1060  1060 I hwcomposer: [DPY] Width       : 1080  
04-04 20:24:35.768  1060  1060 I hwcomposer: [DPY] Height      : 2340  
04-04 20:24:35.768  1060  1060 I hwcomposer: [DPY] xdpi        : 409432.843750  
04-04 20:24:35.768  1060  1060 I hwcomposer: [DPY] ydpi        : 409903.437500  
04-04 20:24:35.768  1060  1060 I hwcomposer: [DPY] vsync       : 1  
04-04 20:24:35.768  1060  1060 I hwcomposer: [DPY] refresh     : 17674089  
04-04 20:24:35.768  1060  1060 I hwcomposer: [DPY] connected   : 1  
04-04 20:24:35.768  1060  1060 I hwcomposer: [DPY] hwrotation  : 0  
04-04 20:24:35.768  1060  1060 I hwcomposer: [DPY] subtype     : 0  
04-04 20:24:35.768  1060  1060 I hwcomposer: [DPY] aspect      : 0.462, 2.167  
04-04 20:24:35.768  1060  1060 I hwcomposer: [DPY] protrait    : [   0,   0,1080,2340]  
04-04 20:24:35.768  1060  1060 I hwcomposer: [DPY] landscape   : [   0,   0,1080,2340]  
04-04 20:24:35.768  1060  1060 I hwcomposer: [DPY] trigger_by_vsync: 0  
04-04 20:24:35.768  1060  1060 I hwcomposer: [DPY] supportS3D  : 0  
04-04 20:24:35.768  1060  1060 I hwcomposer: [DPY] density     : 160  
04-04 20:24:35.770  1588  1588 V HWC2    : Created display 0
04-04 20:24:35.770  1588  1588 V HWC2    : [0] loadConfigs
04-04 20:24:35.770  1588  1588 V HWC2    : [0] loadConfig(0)
04-04 20:24:35.771  1060  1060 I hwcomposer: [HWC] Display(0) SetPowerMode(2)  
04-04 20:24:35.771  1229  1271 I focaltech:hal:device: [ 173]:got 'FF_SCREEN_ON' event.
04-04 20:24:35.772  1588  1588 V HWC2    : [0] getActiveConfig
04-04 20:24:35.772  1588  1588 V HWC2    : [0] getActiveConfig
04-04 20:24:35.773  1588  1588 E mali    : ==>[INIT] (lipstick) CDBG: In file: vendor/mediatek/proprietary/hardware/gpu_mali/mali_bifrost/r14p0-01rel0/product/cdbg/src/mali_cdbg_env.c  line: 713 cdbgp_populate_from_system_environment
04-04 20:24:35.773  1588  1588 E mali    : Initialization of a handle to the system environment failed (3)
04-04 20:24:35.779  1588  1588 I ConfigStore: android::hardware::configstore::V1_0::ISurfaceFlingerConfigs::hasWideColorDisplay retrieved: 0
04-04 20:24:35.779  1588  1588 I ConfigStore: android::hardware::configstore::V1_0::ISurfaceFlingerConfigs::hasHDRDisplay retrieved: 0
04-04 20:24:35.785  1687  1687 D         : [SYSENV]sysenv_get_with_area():319 , get env name=msim_config
04-04 20:24:35.785  1687  1687 D         : [SYSENV]get_env_info():219 , initialize
04-04 20:24:35.786  1687  1687 D         : [SYSENV]get_partition_path():77 , partition path = /dev/block/platform/bootdevice/by-name/para
04-04 20:24:35.786  1687  1687 E         : [SYSENV]get_env_info():229 , env_buffer[1] : 0x7c6b06b040
04-04 20:24:35.787  1687  1687 D         : [SYSENV]read_env_area():152 , read 16384 data from 0x24000 to 0x7c6b06b040
04-04 20:24:35.787  1687  1687 W         : [SYSENV]get_env_info():260 , Incorrect sig, probably sysenv is still empty
04-04 20:24:35.848  1082  1082 I wmt_launcher: for bianco chipid convert
04-04 20:24:35.848  1082  1082 I wmt_launcher: patch name pre-fix:ROMv2_lm_patch
04-04 20:24:35.848  1082  1082 I wmt_launcher: fw_version:0x8a00
04-04 20:24:35.848  1082  1082 I wmt_launcher: /vendor/firmware//ROMv2_lm_patch_1_1_hdr.bin
04-04 20:24:35.852  1082  1082 I wmt_launcher: set property(persist.vendor.connsys.patch.version) to 20190215164908a succeed.
04-04 20:24:35.852  1082  1082 I wmt_launcher: fw Ver in patch: 0x00008a00
04-04 20:24:35.852  1082  1082 I wmt_launcher: read patch info:0x21,0x00,0x0a,0xf0
04-04 20:24:35.852  1082  1082 I wmt_launcher: patch num = [2]
04-04 20:24:35.852  1082  1082 I wmt_launcher: patch seq = [1]
04-04 20:24:35.852  1082  1082 I wmt_launcher: /vendor/firmware//ROMv2_lm_patch_1_0_hdr.bin
04-04 20:24:35.856  1082  1082 I wmt_launcher: set property(persist.vendor.connsys.patch.version) to 20190215164908a succeed.
04-04 20:24:35.856  1082  1082 I wmt_launcher: fw Ver in patch: 0x00008a00
04-04 20:24:35.856  1082  1082 I wmt_launcher: read patch info:0x22,0x00,0x06,0x00
04-04 20:24:35.856  1082  1082 I wmt_launcher: patch seq = [2]
04-04 20:24:35.856  1082  1082 I wmt_launcher: cmd(srh_patch) resp(ok)
04-04 20:24:35.856  1082  1082 I wmt_launcher: (persist.vendor.connsys.fwlog.status) is not supported
04-04 20:24:35.857  1194  1392 I ServiceManager: Waiting for service 'package_native' on '/dev/binder'...
04-04 20:24:35.884  1430  1430 I VoLTE IMCB-2: {{{{[process_msg] msg_id=101602(0x00018CE2), dst=VT1[7], IMCB_IMC_HEADER_FILE_VERNO=74, MSG_ID_IMC_IN_BEGIN=100000, IMC_FEATURE_BITMAP=0x3 @0#187
04-04 20:24:35.884  1430  1430 I VoLTE IMCB-2: connection status change for module 7 as error_num 0 imcb_imcb_comm_error_handler()@0#824
04-04 20:24:35.884  1430  1430 I VoLTE IMCB-2: ENTER imcb_send_multiple_imc_imsvt_connect_req()@0#4086
04-04 20:24:35.884  1430  1430 I VoLTE IMCB-2: CHECK: is_connect 0 imcb_send_imc_imsvt_connect_req()@0#4074
04-04 20:24:35.884  1430  1430 I VoLTE IMCB-2: Pure Mesage Send dest=IMCB[2], msg_id=100003(0x000186A3), len=3456, IMCB_IMC_HEADER_FILE_VERNO=74, MSG_ID_IMC_IN_BEGIN=100000, IMC_FEATURE_BITMAP=0x3 imcb_send_to_COMM()@0#248
04-04 20:24:35.884  1430  1430 I VoLTE IMCB-2: CHECK: is_connect 0 imcb_send_imc_imsvt_connect_req()@1#4074
04-04 20:24:35.884  1430  1430 I VoLTE IMCB-2: Pure Mesage Send dest=IMCB[2], msg_id=100003(0x000186A3), len=3456, IMCB_IMC_HEADER_FILE_VERNO=74, MSG_ID_IMC_IN_BEGIN=100000, IMC_FEATURE_BITMAP=0x3 imcb_send_to_COMM()@1#248}}}}
04-04 20:24:35.884  1430  1430 I VoLTE IMCB-2: {{{{CHECK: is_connect 0 imcb_send_imc_imsvt_connect_req()@2#4074
04-04 20:24:35.884  1430  1430 I VoLTE IMCB-2: Pure Mesage Send dest=IMCB[2], msg_id=100003(0x000186A3), len=3456, IMCB_IMC_HEADER_FILE_VERNO=74, MSG_ID_IMC_IN_BEGIN=100000, IMC_FEATURE_BITMAP=0x3 imcb_send_to_COMM()@2#248
04-04 20:24:35.884  1430  1430 I VoLTE IMCB-2: ENTER imcb_send_multiple_imc_imsvt_connect_req()@0#4086
04-04 20:24:35.884  1430  1430 I VoLTE IMCB-2: CHECK: is_connect 1 imcb_send_imc_imsvt_connect_req()@0#4074
04-04 20:24:35.884  1430  1430 I VoLTE IMCB-2: Pure Mesage Send dest=IMCB[2], msg_id=100003(0x000186A3), len=3456, IMCB_IMC_HEADER_FILE_VERNO=74, MSG_ID_IMC_IN_BEGIN=100000, IMC_FEATURE_BITMAP=0x3 imcb_send_to_COMM()@0#248
04-04 20:24:35.884  1430  1430 I VoLTE IMCB-2: CHECK: is_connect 1 imcb_send_imc_imsvt_connect_req()@1#4074
04-04 20:24:35.884  1430  1430 I VoLTE IMCB-2: Pure Mesage Send dest=IMCB[2], msg_id=100003(0x000186A3), len=3456, IMCB_IMC_HEADER_FILE_VERNO=74, MSG_ID_IMC_IN_BEGIN=100000, IMC_FEATURE_BITMAP=0x3 imcb_send_to_COMM()@1#248}}}}
04-04 20:24:35.884  1430  1430 I VoLTE IMCB: {{{{CHECK: is_connect 1 imcb_send_imc_imsvt_connect_req()@2#4074
04-04 20:24:35.884  1430  1430 I VoLTE IMCB: Pure Mesage Send dest=IMCB[2], msg_id=100003(0x000186A3), len=3456, IMCB_IMC_HEADER_FILE_VERNO=74, MSG_ID_IMC_IN_BEGIN=100000, IMC_FEATURE_BITMAP=0x3 imcb_send_to_COMM()@2#248
04-04 20:24:35.884  1430  1430 I VoLTE IMCB: EndofMessage process_msg()@0#236}}}}
04-04 20:24:35.887  1430  1502 I VoLTE IMCB-CM: receive the nessage from IMC #72
04-04 20:24:35.888  1430  1430 I VoLTE IMCB: {{{{[process_msg] msg_id=100038(0x000186C6), dst=IMCB[2], IMCB_IMC_HEADER_FILE_VERNO=74, MSG_ID_IMC_IN_BEGIN=100000, IMC_FEATURE_BITMAP=0x3 @0#187
04-04 20:24:35.888  1430  1430 I VoLTE IMCB: ENTER imcb_imc_vt_cap_query_ind_handler()@0#5548
04-04 20:24:35.888  1430  1430 I VoLTE IMCB: ENTER imcb_send_imsvt_get_cap_req()@0#4103
04-04 20:24:35.888  1430  1430 I VoLTE IMCB: Pure Mesage Send dest=VT1[7], msg_id=101505(0x00018C81), len=4, IMCB_IMC_HEADER_FILE_VERNO=74, MSG_ID_IMC_IN_BEGIN=100000, IMC_FEATURE_BITMAP=0x3 imcb_send_to_COMM()@0#248
04-04 20:24:35.888  1430  1430 I VoLTE IMCB: EndofMessage process_msg()@0#236}}}}
04-04 20:24:35.888  1430  1502 I VoLTE IMCB-CM: receive the nessage from IMC #72
04-04 20:24:35.888  1430  1430 I VoLTE IMCB: {{{{[process_msg] msg_id=100038(0x000186C6), dst=IMCB[2], IMCB_IMC_HEADER_FILE_VERNO=74, MSG_ID_IMC_IN_BEGIN=100000, IMC_FEATURE_BITMAP=0x3 @1#187
04-04 20:24:35.888  1430  1430 I VoLTE IMCB: ENTER imcb_imc_vt_cap_query_ind_handler()@1#5548
04-04 20:24:35.888  1430  1430 I VoLTE IMCB: ENTER imcb_send_imsvt_get_cap_req()@1#4103
04-04 20:24:35.888  1430  1430 I VoLTE IMCB: Pure Mesage Send dest=VT1[7], msg_id=101505(0x00018C81), len=4, IMCB_IMC_HEADER_FILE_VERNO=74, MSG_ID_IMC_IN_BEGIN=100000, IMC_FEATURE_BITMAP=0x3 imcb_send_to_COMM()@1#248
04-04 20:24:35.888  1430  1430 I VoLTE IMCB: EndofMessage process_msg()@0#236}}}}
04-04 20:24:35.914  1430  1502 I VoLTE IMCB-CM: receive the nessage from IMC #72
04-04 20:24:35.915  1430  1430 I VoLTE IMCB: {{{{[process_msg] msg_id=100116(0x00018714), dst=IMCB[2], IMCB_IMC_HEADER_FILE_VERNO=74, MSG_ID_IMC_IN_BEGIN=100000, IMC_FEATURE_BITMAP=0x3 @0#187
04-04 20:24:35.915  1430  1430 I VoLTE IMCB: ENTER imcb_imc_tlv_para_setting_ind_handler()@0#5635
04-04 20:24:35.915  1430  1430 I VoLTE IMCB: Pure Mesage Send dest=UA[3], msg_id=10051(0x00002743), len=24, IMCB_IMC_HEADER_FILE_VERNO=74, MSG_ID_IMC_IN_BEGIN=100000, IMC_FEATURE_BITMAP=0x3 imcb_send_to_COMM()@0#248
04-04 20:24:35.915  1430  1430 I VoLTE IMCB: send REQ_UPDATE_RT_SETTING from tlv_para IMC to UA imcb_imc_tlv_para_setting_ind_handler()@0#5660
04-04 20:24:35.915  1430  1430 I VoLTE IMCB: EndofMessage process_msg()@0#236}}}}
04-04 20:24:35.915  1429  1484 I VoLTE SMS: SMS psismsc_from_user = 0, force_psi_scheme_to_tel = 0, add_user_phone = 1, update_call_id_with_host = 0 (module/volte//volte_ua/src/sms/sms.c:307)
04-04 20:24:35.915  1428  1454 I VoLTE REG: rcs_feature = 0 (module/volte//volte_stack/src/reg/reg.c:3461)
04-04 20:24:35.915  1428  1454 I VoLTE REG: rcs_state = 0 (module/volte//volte_stack/src/reg/reg.c:3464)
04-04 20:24:35.916  1429  1484 I VoLTE SMS: SMS add_no_fork = 0, nsn_specific = 0, mo_retry_after_504 = 0, send_timerF_expiry = 0 (module/volte//volte_ua/src/sms/sms.c:314)
04-04 20:24:35.916  1429  1484 I VoLTE SMS: SMS imsi_reged_disable_sms = 0, retry_count = 0, retry_duration = 0, wfc_with_plani = 0, in_reply_to_support = 1, check_reason_phase = 0, pani_country = 0, restore_in_3gpp_abnormal = 1, sms_force_sip_uri = 0 (module/volte//volte_ua/src/sms/sms.c:326)
04-04 20:24:35.935  1430  1502 I VoLTE IMCB-CM: receive the nessage from IMC #72
04-04 20:24:35.936  1430  1430 I VoLTE IMCB: {{{{[process_msg] msg_id=100116(0x00018714), dst=IMCB[2], IMCB_IMC_HEADER_FILE_VERNO=74, MSG_ID_IMC_IN_BEGIN=100000, IMC_FEATURE_BITMAP=0x3 @1#187
04-04 20:24:35.936  1430  1430 I VoLTE IMCB: ENTER imcb_imc_tlv_para_setting_ind_handler()@1#5635
04-04 20:24:35.936  1430  1430 I VoLTE IMCB: Pure Mesage Send dest=UA[3], msg_id=10051(0x00002743), len=24, IMCB_IMC_HEADER_FILE_VERNO=74, MSG_ID_IMC_IN_BEGIN=100000, IMC_FEATURE_BITMAP=0x3 imcb_send_to_COMM()@1#248
04-04 20:24:35.936  1430  1430 I VoLTE IMCB: send REQ_UPDATE_RT_SETTING from tlv_para IMC to UA imcb_imc_tlv_para_setting_ind_handler()@1#5660
04-04 20:24:35.936  1430  1430 I VoLTE IMCB: EndofMessage process_msg()@0#236}}}}
04-04 20:24:35.936  1429  1484 I VoLTE SMS: SMS psismsc_from_user = 0, force_psi_scheme_to_tel = 0, add_user_phone = 1, update_call_id_with_host = 0 (module/volte//volte_ua/src/sms/sms.c:307)
04-04 20:24:35.936  1429  1484 I VoLTE SMS: SMS add_no_fork = 0, nsn_specific = 0, mo_retry_after_504 = 0, send_timerF_expiry = 0 (module/volte//volte_ua/src/sms/sms.c:314)
04-04 20:24:35.936  1429  1484 I VoLTE SMS: SMS imsi_reged_disable_sms = 0, retry_count = 0, retry_duration = 0, wfc_with_plani = 0, in_reply_to_support = 1, check_reason_phase = 0, pani_country = 0, restore_in_3gpp_abnormal = 1, sms_force_sip_uri = 0 (module/volte//volte_ua/src/sms/sms.c:326)
04-04 20:24:35.936  1428  1454 I VoLTE REG: rcs_feature = 0 (module/volte//volte_stack/src/reg/reg.c:3461)
04-04 20:24:35.936  1428  1454 I VoLTE REG: rcs_state = 0 (module/volte//volte_stack/src/reg/reg.c:3464)
04-04 20:24:35.936  1430  1502 I VoLTE IMCB-CM: receive the nessage from IMC #72
04-04 20:24:35.937  1430  1430 I VoLTE IMCB: {{{{[process_msg] msg_id=100109(0x0001870D), dst=IMCB[2], IMCB_IMC_HEADER_FILE_VERNO=74, MSG_ID_IMC_IN_BEGIN=100000, IMC_FEATURE_BITMAP=0x3 @1#187
04-04 20:24:35.937  1430  1430 I VoLTE IMCB: ENTER imcb_imc_ussd_urc_status_ind_handler()@1#5506
04-04 20:24:35.937  1430  1430 I VoLTE IMCB: Pure Mesage Send dest=UA[3], msg_id=16002(0x00003E82), len=8, IMCB_IMC_HEADER_FILE_VERNO=74, MSG_ID_IMC_IN_BEGIN=100000, IMC_FEATURE_BITMAP=0x3 imcb_send_to_COMM()@1#248
04-04 20:24:35.937  1430  1430 I VoLTE IMCB: EndofMessage process_msg()@0#236}}}}
04-04 20:24:35.938  1429  1488 E VoLTE Service: Error message type, type = 16002, len = 8 (module/volte//volte_ua/src/service/service.c:1152)
04-04 20:24:35.939  1204  1234 D agps    : [agps][n][RIL] rilp_init_handler = 0
04-04 20:24:35.939  1204  1234 D agps    : [agps][n][RPC] GPS_RPC_REQUEST_RE_INIT_RPC
04-04 20:24:35.957  1194  1392 I ServiceManager: Waiting for service 'package_native' on '/dev/binder'...
04-04 20:24:35.974  1526  1526 W AudioALSAStreamManager: routingOutputDevice(), flag: 6, mPhoneCallSpeechOpen = 0, output_devices == current_output_devices(0x2), return
04-04 20:24:35.974  1526  1526 W AudioALSAStreamManager: routingOutputDevice(), flag: 8, mPhoneCallSpeechOpen = 0, output_devices == current_output_devices(0x2), return
04-04 20:24:35.980  1430  1502 I VoLTE IMCB-CM: receive the nessage from IMC #72
04-04 20:24:35.981  1430  1430 I VoLTE IMCB: {{{{[process_msg] msg_id=100109(0x0001870D), dst=IMCB[2], IMCB_IMC_HEADER_FILE_VERNO=74, MSG_ID_IMC_IN_BEGIN=100000, IMC_FEATURE_BITMAP=0x3 @0#187
04-04 20:24:35.981  1430  1430 I VoLTE IMCB: ENTER imcb_imc_ussd_urc_status_ind_handler()@0#5506
04-04 20:24:35.981  1430  1430 I VoLTE IMCB: Pure Mesage Send dest=UA[3], msg_id=16002(0x00003E82), len=8, IMCB_IMC_HEADER_FILE_VERNO=74, MSG_ID_IMC_IN_BEGIN=100000, IMC_FEATURE_BITMAP=0x3 imcb_send_to_COMM()@0#248
04-04 20:24:35.981  1430  1430 I VoLTE IMCB: EndofMessage process_msg()@0#236}}}}
04-04 20:24:35.981  1429  1488 E VoLTE Service: Error message type, type = 16002, len = 8 (module/volte//volte_ua/src/service/service.c:1152)
04-04 20:24:36.017  1048  1638 E VT HIDL : [IVT] [VT THREAD] [VT_Bind] des = volte_imsvt1 Fail to connect . retry count: 2
04-04 20:24:36.017  1048  1638 E VT HIDL : [IVT] [VT THREAD] [VT_Bind] des = volte_imsvt1 Success fd: 9
04-04 20:24:36.017  1048  1638 I VT HIDL : [IVT] [VT THREAD] [VT_Bind] des = volte_imsvt1 initialize communication
04-04 20:24:36.017  1048  1638 D VT HIDL : [IVT] getInstance
04-04 20:24:36.017  1048  1638 I VT HIDL : [IVT] [VT THREAD] [VT_IMCB_Thread] read from IMCB
04-04 20:24:36.044  1207  1266 D PQ      : ccorr table index=0
04-04 20:24:36.044  1180  1220 D AAL     : onBacklightChanged: 1023/1023 -> 24/1023(phy:96/4095)
04-04 20:24:36.044  1207  1266 D PQ      : [PQ_SERVICE] setPQParamWithFilter configFlag: 1
04-04 20:24:36.058  1194  1392 I ServiceManager: Waiting for service 'package_native' on '/dev/binder'...
04-04 20:24:36.062  1180  1220 D AAL     : onBacklightChanged: 24/1023 -> 100/1023(phy:400/4095)
04-04 20:24:36.080  1180  1220 D AAL     : onBacklightChanged: 100/1023 -> 221/1023(phy:884/4095)
04-04 20:24:36.097  1180  1220 D AAL     : onBacklightChanged: 221/1023 -> 317/1023(phy:1269/4095)
04-04 20:24:36.098  1180  1220 D AAL     : 04-04 08:24:33.543 BL=1018,ESS= 256, 04-04 08:24:36.045 BL= 977,ESS= 256, 04-04 08:24:36.062 BL=  99,ESS= 256, 04-04 08:24:36.080 BL= 211,ESS= 256, 04-04 08:24:36.098 BL= 315,ESS= 256, 
04-04 20:24:36.115  1180  1220 D AAL     : onBacklightChanged: 317/1023 -> 417/1023(phy:1669/4095)
04-04 20:24:36.133  1180  1220 D AAL     : onBacklightChanged: 417/1023 -> 509/1023(phy:2037/4095)
04-04 20:24:36.151  1180  1220 D AAL     : 04-04 08:24:36.116 BL= 413,ESS= 256, 04-04 08:24:36.134 BL= 506,ESS= 256, 
04-04 20:24:36.159  1194  1392 I ServiceManager: Waiting for service 'package_native' on '/dev/binder'...
04-04 20:24:36.260  1194  1392 I ServiceManager: Waiting for service 'package_native' on '/dev/binder'...
04-04 20:24:36.311  1424  1691 E EMDLOGGER1: select timeout
04-04 20:24:36.312  1094  1094 W ccci_fsd(1): O: X://ST33_004, flag 0x700, ret 1
04-04 20:24:36.313  1094  1094 W ccci_fsd(1): O: Y://ST33_004, flag 0x700, ret 1
04-04 20:24:36.360  1194  1392 I ServiceManager: Waiting for service 'package_native' on '/dev/binder'...
04-04 20:24:36.460  1194  1392 I ServiceManager: Waiting for service 'package_native' on '/dev/binder'...
04-04 20:24:36.492  1653  1653 I [epdg_wo]: [WOA] wo_msg_sensitive_print: [wostatusget:1,0](15)
04-04 20:24:36.492  1653  1653 I [epdg_wo]: [WOA] wo_msg_sensitive_print: [wostatusget=1](13)
04-04 20:24:36.561  1194  1392 I ServiceManager: Waiting for service 'package_native' on '/dev/binder'...
04-04 20:24:36.661  1194  1392 I chatty  : uid=0(root) /system/bin/storaged identical 1 line
04-04 20:24:36.761  1194  1392 I ServiceManager: Waiting for service 'package_native' on '/dev/binder'...
04-04 20:24:36.803  1526  1711 D AudioALSAStreamOut: standby(), flag 8
04-04 20:24:36.803  1526  1711 D AudioALSAStreamOut: standbyStreamOut(), flag 8
04-04 20:24:36.803  1526  1711 D AudioALSAStreamOut: close(), flags 8
04-04 20:24:36.803  1526  1711 D AudioALSAPlaybackHandlerNormal: +close(), flag 8, mDevice = 0x2
04-04 20:24:36.803  1526  1711 D AudioVoiceUIDL: [SetInputStandBy] ReadRefFromRing to exit? (0) 
04-04 20:24:36.803  1526  1711 D AudioALSAHardwareResourceManager: +stopOutputDevice(), mOutputDevices = 0x2, mStartOutputDevicesCount = 2
04-04 20:24:36.803  1526  1711 D AudioALSAPlaybackHandlerBase: -closePcmDriver(), mPcm = (nil)
04-04 20:24:36.803  1526  1711 D AudioALSAPlaybackHandlerNormal: SetLowJitterMode(), bypass low jitter mode, bEnable = 0, device = 0x2, SampleRate = 48000
04-04 20:24:36.803  1526  1711 D AudioALSAPlaybackHandlerBase: DestroyAurisysLibManager()
04-04 20:24:36.803  1526  1711 D aurisys_lib_handler: aurisys_arsi_destroy_handler(), lib_name mtk_bessound, 0xe8500ba0, arsi_destroy_handler, arsi_handler = 0xe8502978, retval = 0
04-04 20:24:36.803  1526  1711 D aurisys_lib_manager: delete_aurisys_lib_manager(), manager 0xe8500ac8
04-04 20:24:36.803  1526  1711 D AudioALSAPlaybackHandlerNormal: -close()
04-04 20:24:36.805  1526  1710 D AudioALSAStreamOut: standby(), flag 6
04-04 20:24:36.806  1526  1710 D AudioALSAStreamOut: standbyStreamOut(), flag 6
04-04 20:24:36.806  1526  1710 D AudioALSAStreamOut: close(), flags 6
04-04 20:24:36.806  1526  1710 D AudioALSAPlaybackHandlerNormal: +close(), flag 6, mDevice = 0x2
04-04 20:24:36.806  1526  1710 D AudioVoiceUIDL: [SetInputStandBy] ReadRefFromRing to exit? (0) 
04-04 20:24:36.806  1526  1710 D AudioALSAHardwareResourceManager: +stopOutputDevice(), mOutputDevices = 0x2, mStartOutputDevicesCount = 1
04-04 20:24:36.806  1526  1710 D AudioALSADeviceConfigManager: ApplyDeviceTurnoffSequenceByName(), DeviceName = ext_speaker_output descriptor->DeviceStatusCounter = 1
04-04 20:24:36.806  1526  1710 D AudioALSADeviceConfigManager: ApplyDeviceTurnoffSequenceByName(), DeviceName = speaker_output descriptor->DeviceStatusCounter = 1
04-04 20:24:36.807  1526  1710 D AudioALSAStreamManager: speakerStatusChangeCb(), status = 1
04-04 20:24:36.807  1526  1710 D AudioALSAPlaybackHandlerBase: -closePcmDriver(), mPcm = (nil)
04-04 20:24:36.807  1526  1710 D AudioALSAPlaybackHandlerNormal: SetLowJitterMode(), bypass low jitter mode, bEnable = 0, device = 0x2, SampleRate = 48000
04-04 20:24:36.807  1526  1710 D AudioALSAPlaybackHandlerBase: DestroyAurisysLibManager()
04-04 20:24:36.807  1526  1710 D aurisys_lib_handler: aurisys_arsi_destroy_handler(), lib_name mtk_bessound, 0xe8901878, arsi_destroy_handler, arsi_handler = 0xe8903a70, retval = 0
04-04 20:24:36.807  1526  1710 D aurisys_lib_manager: delete_aurisys_lib_manager(), manager 0xe89017a0
04-04 20:24:36.808  1526  1710 D AudioALSAPlaybackHandlerNormal: -close()
04-04 20:24:36.862  1194  1392 I ServiceManager: Waiting for service 'package_native' on '/dev/binder'...
04-04 20:24:36.926  1229  1229 I focaltech:hal:proxy: [ 268]:fingerprint_set_active_group(dev = 0x7dae852400, gid = 0, store_path = '/data/vendor_de/100000/fpdata').
04-04 20:24:36.962  1194  1392 I ServiceManager: Waiting for service 'package_native' on '/dev/binder'...
04-04 20:24:36.970  1229  1229 I focaltech:ca:client: [ 109]:---8<---- TA LOG BEGINS ---------
04-04 20:24:36.970  1229  1229 I focaltech:ta:core: [1489]:unloading previous templates (gid = 0)...
04-04 20:24:36.970  1229  1229 I focaltech:ta:core: [1505]:loading templates for gid = 0...
04-04 20:24:36.970  1229  1229 I focaltech:ta:core: [1523]:loading 'ff_template_0_0.bin'...
04-04 20:24:36.970  1229  1229 I focaltech:ta:core: [1548]:tpl->gid = 0, g_context->current_gid = 0.
04-04 20:24:36.970  1229  1229 I focaltech:ta:core: [1523]:loading 'ff_template_0_1.bin'...
04-04 20:24:36.970  1229  1229 I focaltech:ta:core: [1528]:not exist, skip.
