04-04 20:26:12.810  1430  1430 I VoLTE IMCB: ENTER imcb_imc_read_sim_usim_ind_handler()@0#5345
04-04 20:26:12.810  1430  1430 I VoLTE IMCB: Pure Mesage Send dest=IMSA1[5], msg_id=100510(0x0001889E), len=4, IMCB_IMC_HEADER_FILE_VERNO=74, MSG_ID_IMC_IN_BEGIN=100000, IMC_FEATURE_BITMAP=0x3 imcb_send_to_COMM()@0#248
04-04 20:26:12.810  1430  1430 I VoLTE IMCB: EndofMessage process_msg()@0#236}}}}
04-04 20:26:12.810  1425  1514 I VoLTE IMSMx: IMCB -> IMSM : [0] READ_SIM_USIM_IND
04-04 20:26:12.811  1425  1435 D VoLTE IMSM: ===> event queue = 0xf2722000, sim_id = 0, request_id = 100510 (module/mdagent/volte_imsm_93/src/imsm_handler.c:5431)
04-04 20:26:12.811  1425  1435 D VoLTE IMSM: Receive IMCB sim_id=0 request_id=100510 (module/mdagent/volte_imsm_93/src/imsm_handler.c:2526)
04-04 20:26:12.811  1425  1435 D VoLTE IMSM: receive MSG_ID_WRAP_IMSA_IMCB_READ_SIM_USIM_IND, transaction_id = 3 (module/mdagent/volte_imsm_93/src/imsm_handler.c:3065)
04-04 20:26:12.811  1425  1435 D VoLTE IMSM: get IMS_SIM_USIM_IMSI, len = 15, mnc_len = 2 (module/mdagent/volte_imsm_93/src/imsm_handler.c:3086)
04-04 20:26:12.811  1425  1435 I VoLTE IMSMx: IMSM -> IMCB : [0] READ_SIM_USIM_RSP
04-04 20:26:12.814  1430  1430 I VoLTE IMCB: {{{{[process_msg] msg_id=100511(0x0001889F), dst=IMSA1[5], IMCB_IMC_HEADER_FILE_VERNO=74, MSG_ID_IMC_IN_BEGIN=100000, IMC_FEATURE_BITMAP=0x3 @0#187
04-04 20:26:12.814  1430  1430 I VoLTE IMCB: ENTER imsa_imcb_read_sim_usim_rsp_handler()@0#950
04-04 20:26:12.814  1430  1430 I VoLTE IMCB: transaction_id:3, is_success:1, data_type:0, num_of_data:1, mnc_len:2 @0#953
04-04 20:26:12.814  1430  1430 I VoLTE IMCB: Pure Mesage Send dest=IMCB[2], msg_id=100003(0x000186A3), len=3456, IMCB_IMC_HEADER_FILE_VERNO=74, MSG_ID_IMC_IN_BEGIN=100000, IMC_FEATURE_BITMAP=0x3 imcb_send_to_COMM()@0#248
04-04 20:26:12.814  1430  1430 I VoLTE IMCB: EndofMessage process_msg()@0#236}}}}
04-04 20:26:12.821  1430  1502 I VoLTE IMCB-CM: receive the nessage from IMC #72
04-04 20:26:12.822  1430  1430 I VoLTE IMCB: {{{{[process_msg] msg_id=100016(0x000186B0), dst=IMCB[2], IMCB_IMC_HEADER_FILE_VERNO=74, MSG_ID_IMC_IN_BEGIN=100000, IMC_FEATURE_BITMAP=0x3 @0#187
04-04 20:26:12.822  1430  1430 I VoLTE IMCB: ENTER imcb_imc_read_sim_usim_ind_handler()@0#5345
04-04 20:26:12.822  1430  1430 I VoLTE IMCB: Pure Mesage Send dest=IMSA1[5], msg_id=100510(0x0001889E), len=4, IMCB_IMC_HEADER_FILE_VERNO=74, MSG_ID_IMC_IN_BEGIN=100000, IMC_FEATURE_BITMAP=0x3 imcb_send_to_COMM()@0#248
04-04 20:26:12.822  1430  1430 I VoLTE IMCB: EndofMessage process_msg()@0#236}}}}
04-04 20:26:12.822  1060  1722 W gralloc : Warning shared attribute region mapped at free. Unmapping
04-04 20:26:12.822  1425  1514 I VoLTE IMSMx: IMCB -> IMSM : [0] READ_SIM_USIM_IND
04-04 20:26:12.823  1425  1435 D VoLTE IMSM: ===> event queue = 0xf2722000, sim_id = 0, request_id = 100510 (module/mdagent/volte_imsm_93/src/imsm_handler.c:5431)
04-04 20:26:12.823  1425  1435 D VoLTE IMSM: Receive IMCB sim_id=0 request_id=100510 (module/mdagent/volte_imsm_93/src/imsm_handler.c:2526)
04-04 20:26:12.823  1425  1435 D VoLTE IMSM: receive MSG_ID_WRAP_IMSA_IMCB_READ_SIM_USIM_IND, transaction_id = 4 (module/mdagent/volte_imsm_93/src/imsm_handler.c:3065)
04-04 20:26:12.823  1425  1435 D VoLTE IMSM: get IMS_SIM_USIM_PSISMSC len = 100 (module/mdagent/volte_imsm_93/src/imsm_handler.c:3092)
04-04 20:26:12.823  1425  1435 I VoLTE IMSMx: IMSM -> IMCB : [0] READ_SIM_USIM_RSP
04-04 20:26:12.824  1430  1430 I VoLTE IMCB: {{{{[process_msg] msg_id=100511(0x0001889F), dst=IMSA1[5], IMCB_IMC_HEADER_FILE_VERNO=74, MSG_ID_IMC_IN_BEGIN=100000, IMC_FEATURE_BITMAP=0x3 @0#187
04-04 20:26:12.824  1430  1430 I VoLTE IMCB: ENTER imsa_imcb_read_sim_usim_rsp_handler()@0#950
04-04 20:26:12.824  1430  1430 I VoLTE IMCB: transaction_id:4, is_success:1, data_type:1, num_of_data:1, mnc_len:0 @0#953
04-04 20:26:12.824  1430  1430 I VoLTE IMCB: Pure Mesage Send dest=IMCB[2], msg_id=100003(0x000186A3), len=3456, IMCB_IMC_HEADER_FILE_VERNO=74, MSG_ID_IMC_IN_BEGIN=100000, IMC_FEATURE_BITMAP=0x3 imcb_send_to_COMM()@0#248
04-04 20:26:12.824  1430  1430 I VoLTE IMCB: EndofMessage process_msg()@0#236}}}}
04-04 20:26:12.826  1430  1502 I VoLTE IMCB-CM: receive the nessage from IMC #72
04-04 20:26:12.827  1430  1430 I VoLTE IMCB: {{{{[process_msg] msg_id=100016(0x000186B0), dst=IMCB[2], IMCB_IMC_HEADER_FILE_VERNO=74, MSG_ID_IMC_IN_BEGIN=100000, IMC_FEATURE_BITMAP=0x3 @0#187
04-04 20:26:12.827  1430  1430 I VoLTE IMCB: ENTER imcb_imc_read_sim_usim_ind_handler()@0#5345
04-04 20:26:12.827  1430  1430 I VoLTE IMCB: Pure Mesage Send dest=IMSA1[5], msg_id=100510(0x0001889E), len=4, IMCB_IMC_HEADER_FILE_VERNO=74, MSG_ID_IMC_IN_BEGIN=100000, IMC_FEATURE_BITMAP=0x3 imcb_send_to_COMM()@0#248
04-04 20:26:12.827  1430  1430 I VoLTE IMCB: EndofMessage process_msg()@0#236}}}}
04-04 20:26:12.827  1425  1514 I VoLTE IMSMx: IMCB -> IMSM : [0] READ_SIM_USIM_IND
04-04 20:26:12.827  1425  1435 D VoLTE IMSM: ===> event queue = 0xf2722000, sim_id = 0, request_id = 100510 (module/mdagent/volte_imsm_93/src/imsm_handler.c:5431)
04-04 20:26:12.827  1425  1435 D VoLTE IMSM: Receive IMCB sim_id=0 request_id=100510 (module/mdagent/volte_imsm_93/src/imsm_handler.c:2526)
04-04 20:26:12.827  1425  1435 D VoLTE IMSM: receive MSG_ID_WRAP_IMSA_IMCB_READ_SIM_USIM_IND, transaction_id = 5 (module/mdagent/volte_imsm_93/src/imsm_handler.c:3065)
04-04 20:26:12.827  1425  1435 D VoLTE IMSM: get IMS_SIM_USIM_SMSP len = 44 (module/mdagent/volte_imsm_93/src/imsm_handler.c:3098)
04-04 20:26:12.827  1425  1435 I VoLTE IMSMx: IMSM -> IMCB : [0] READ_SIM_USIM_RSP
04-04 20:26:12.827  1430  1430 I VoLTE IMCB: {{{{[process_msg] msg_id=100511(0x0001889F), dst=IMSA1[5], IMCB_IMC_HEADER_FILE_VERNO=74, MSG_ID_IMC_IN_BEGIN=100000, IMC_FEATURE_BITMAP=0x3 @0#187
04-04 20:26:12.827  1430  1430 I VoLTE IMCB: ENTER imsa_imcb_read_sim_usim_rsp_handler()@0#950
04-04 20:26:12.827  1430  1430 I VoLTE IMCB: transaction_id:5, is_success:1, data_type:2, num_of_data:1, mnc_len:0 @0#953
04-04 20:26:12.827  1430  1430 I VoLTE IMCB: Pure Mesage Send dest=IMCB[2], msg_id=100003(0x000186A3), len=3456, IMCB_IMC_HEADER_FILE_VERNO=74, MSG_ID_IMC_IN_BEGIN=100000, IMC_FEATURE_BITMAP=0x3 imcb_send_to_COMM()@0#248
04-04 20:26:12.827  1430  1430 I VoLTE IMCB: EndofMessage process_msg()@0#236}}}}
04-04 20:26:12.830  1425  1515 I VoLTE IMSMx: IMSMMD -> IMSM : [0] AP_ID_D2CM_EAPNLOCK_IND
04-04 20:26:12.831  1425  1515 D VoLTE IMSM: Receive AP_ID_D2CM_EAPNLOCK_IND sim_id=0
04-04 20:26:12.831  1425  1515 D VoLTE IMSM:  (module/mdagent/volte_imsm_93/src/imsmmd.c:2394)
04-04 20:26:12.831  1425  1435 D VoLTE IMSM: ===> event queue = 0xf2722000, sim_id = 0, request_id = 800700 (module/mdagent/volte_imsm_93/src/imsm_handler.c:5431)
04-04 20:26:12.831  1425  1435 D VoLTE IMSM: MSG_ID_WRAP_IMSMMD_EAPNLOCK_IND : sim id = 0 (module/mdagent/volte_imsm_93/src/imsm_handler.c:5324)
04-04 20:26:12.831  1425  1435 D VoLTE IMSM: mcc=262 and mnc=7 (module/mdagent/volte_imsm_93/src/imsm_handler.c:147)
04-04 20:26:12.837  1060  1060 W gralloc : Warning shared attribute region mapped at free. Unmapping
04-04 20:26:12.854  1060  1060 W gralloc : Warning shared attribute region mapped at free. Unmapping
04-04 20:26:12.863  1425  1515 I VoLTE IMSMx: IMSMMD -> IMSM : [0] AP_ID_D2CM_EAPNLOCK_IND
04-04 20:26:12.863  1425  1515 D VoLTE IMSM: Receive AP_ID_D2CM_EAPNLOCK_IND sim_id=0
04-04 20:26:12.863  1425  1515 D VoLTE IMSM:  (module/mdagent/volte_imsm_93/src/imsmmd.c:2394)
04-04 20:26:12.863  1425  1435 D VoLTE IMSM: ===> event queue = 0xf2722000, sim_id = 0, request_id = 800700 (module/mdagent/volte_imsm_93/src/imsm_handler.c:5431)
04-04 20:26:12.863  1425  1435 D VoLTE IMSM: MSG_ID_WRAP_IMSMMD_EAPNLOCK_IND : sim id = 0 (module/mdagent/volte_imsm_93/src/imsm_handler.c:5324)
04-04 20:26:12.863  1425  1435 D VoLTE IMSM: mcc=262 and mnc=7 (module/mdagent/volte_imsm_93/src/imsm_handler.c:147)
04-04 20:26:12.871  1060  1060 W gralloc : Warning shared attribute region mapped at free. Unmapping
04-04 20:26:12.895  1060  1722 W gralloc : Warning shared attribute region mapped at free. Unmapping
04-04 20:26:12.907  1060  1060 W gralloc : Warning shared attribute region mapped at free. Unmapping
04-04 20:26:12.925  1060  1722 W gralloc : Warning shared attribute region mapped at free. Unmapping
04-04 20:26:12.942  1060  1722 W gralloc : Warning shared attribute region mapped at free. Unmapping
04-04 20:26:12.961  1060  1060 W gralloc : Warning shared attribute region mapped at free. Unmapping
04-04 20:26:12.979  1060  1060 I chatty  : uid=1000(system) composer@2.1-se identical 1 line
04-04 20:26:12.996  1060  1060 W gralloc : Warning shared attribute region mapped at free. Unmapping
04-04 20:26:13.015  1060  1722 W gralloc : Warning shared attribute region mapped at free. Unmapping
04-04 20:26:13.032  1060  1060 W gralloc : Warning shared attribute region mapped at free. Unmapping
04-04 20:26:13.052  1060  1722 W gralloc : Warning shared attribute region mapped at free. Unmapping
04-04 20:26:13.070  1060  1060 W gralloc : Warning shared attribute region mapped at free. Unmapping
04-04 20:26:13.087  1060  1722 W gralloc : Warning shared attribute region mapped at free. Unmapping
04-04 20:26:13.117  1180  1220 D AAL     : 04-04 08:26:12.831 BL= 388,ESS= 256, 04-04 08:26:12.920 BL= 387,ESS= 256, 04-04 08:26:12.992 BL= 386,ESS= 256, 04-04 08:26:13.081 BL= 385,ESS= 256, 04-04 08:26:13.117 BL= 384,ESS= 256, 
04-04 20:26:13.170  1180  1220 D AAL     : 04-04 08:26:13.153 BL= 383,ESS= 256, 
04-04 20:26:13.176  2154  2181 I GasService: Can't find service: input
04-04 20:26:13.350  1060  1722 W gralloc : Warning shared attribute region mapped at free. Unmapping
04-04 20:26:13.359  1060  1722 W gralloc : Warning shared attribute region mapped at free. Unmapping
04-04 20:26:13.372  1060  1060 W gralloc : Warning shared attribute region mapped at free. Unmapping
04-04 20:26:13.392  1060  1722 W gralloc : Warning shared attribute region mapped at free. Unmapping
04-04 20:26:13.409  1060  1060 W gralloc : Warning shared attribute region mapped at free. Unmapping
04-04 20:26:13.417  1226  1226 I sn      : Retry 10
04-04 20:26:13.417  1226  1226 I sn      : Fail to access err=2
04-04 20:26:13.418  1226  1226 I chatty  : uid=1000(system) /system/bin/sn identical 1 line
04-04 20:26:13.418  1226  1226 I sn      : Fail to access err=2
04-04 20:26:13.418  1226  1226 I sn      : Check all possible paths
04-04 20:26:13.429  1199  1199 I thermal_repeater: [recvMdThermalInfo] ret=33, strLen=127,  1, 32767,,, 25279, 32767, -28550
04-04 20:26:13.429  1060  1722 W gralloc : Warning shared attribute region mapped at free. Unmapping
04-04 20:26:13.447  1060  1060 W gralloc : Warning shared attribute region mapped at free. Unmapping
04-04 20:26:13.463  1060  1722 W gralloc : Warning shared attribute region mapped at free. Unmapping
04-04 20:26:13.473  1094  1094 W ccci_fsd(1): O: X://NA77_006, flag 0x700, ret 1
04-04 20:26:13.479  1094  1094 W ccci_fsd(1): O: X://NA77_006, flag 0x10400, ret 1
04-04 20:26:13.481  1430  1502 I VoLTE IMCB-CM: receive the nessage from IMC #72
04-04 20:26:13.481  1430  1430 I VoLTE IMCB: {{{{[process_msg] msg_id=100035(0x000186C3), dst=IMCB[2], IMCB_IMC_HEADER_FILE_VERNO=74, MSG_ID_IMC_IN_BEGIN=100000, IMC_FEATURE_BITMAP=0x3 @0#187
04-04 20:26:13.481  1430  1430 I VoLTE IMCB: ENTER imcb_imc_imsvops_notification_ind_handler()@0#5520
04-04 20:26:13.481  1430  1430 I VoLTE IMCB: Pure Mesage Send dest=UA[3], msg_id=12045(0x00002F0D), len=8, IMCB_IMC_HEADER_FILE_VERNO=74, MSG_ID_IMC_IN_BEGIN=100000, IMC_FEATURE_BITMAP=0x3 imcb_send_to_COMM()@0#248
04-04 20:26:13.481  1430  1430 I VoLTE IMCB: EndofMessage process_msg()@0#236}}}}
04-04 20:26:13.483  1429  1484 I VoLTE SMS: SMS[0] update is_vops = (1) (module/volte//volte_ua/src/sms/sms.c:2951)
04-04 20:26:13.483  1060  1060 W gralloc : Warning shared attribute region mapped at free. Unmapping
04-04 20:26:13.489  1094  1094 W ccci_fsd(1): O: Y://NA77_006, flag 0x10400, ret 1
04-04 20:26:13.493  1094  1094 W ccci_fsd(1): O: X://NA77_006, flag 0x21010400, ret 1
04-04 20:26:13.499  1060  1722 W gralloc : Warning shared attribute region mapped at free. Unmapping
04-04 20:26:13.500  1094  1094 W ccci_fsd(1): O: Y://NA77_006, flag 0x21010400, ret 1
04-04 20:26:13.517  1094  1094 W ccci_fsd(1): O: X://NA77_006, flag 0x700, ret 1
04-04 20:26:13.518  1060  1060 W gralloc : Warning shared attribute region mapped at free. Unmapping
04-04 20:26:13.526  1425  1515 I VoLTE IMSMx: IMSMMD -> IMSM : [0] UNKNOWN
04-04 20:26:13.526  1425  1515 D VoLTE IMSM: XXX AP_ID_D2CM_RESET_RETRY_TMR_IND 124/124 (module/mdagent/volte_imsm_93/src/imsmmd.c:2383)
04-04 20:26:13.527  1425  1435 D VoLTE IMSM: ===> event queue = 0xf2722000, sim_id = 0, request_id = 800005 (module/mdagent/volte_imsm_93/src/imsm_handler.c:5431)
04-04 20:26:13.527  1425  1435 I VoLTE IMSMx: IMSM -> IMCB : [0] UNKNOWN
04-04 20:26:13.527  1425  1435 I VoLTE IMSMx: IMSM -> IMCB : [0] UNKNOWN
04-04 20:26:13.527  1430  1430 I VoLTE IMCB: {{{{[process_msg] msg_id=100551(0x000188C7), dst=IMSA1[5], IMCB_IMC_HEADER_FILE_VERNO=74, MSG_ID_IMC_IN_BEGIN=100000, IMC_FEATURE_BITMAP=0x3 @0#187
04-04 20:26:13.527  1430  1430 I VoLTE IMCB: ENTER imsa_imcb_reset_suggestion_timer_req_handler()@0#1391
04-04 20:26:13.527  1430  1430 I VoLTE IMCB: EndofMessage process_msg()@0#236}}}}
04-04 20:26:13.527  1430  1430 I VoLTE IMCB: {{{{[process_msg] msg_id=100551(0x000188C7), dst=IMSA1[5], IMCB_IMC_HEADER_FILE_VERNO=74, MSG_ID_IMC_IN_BEGIN=100000, IMC_FEATURE_BITMAP=0x3 @0#187
04-04 20:26:13.527  1430  1430 I VoLTE IMCB: ENTER imsa_imcb_reset_suggestion_timer_req_handler()@0#1391
04-04 20:26:13.527  1430  1430 I VoLTE IMCB: EndofMessage process_msg()@0#236}}}}
04-04 20:26:13.529  1094  1094 W ccci_fsd(1): O: X://NA77_006, flag 0x10400, ret 1
04-04 20:26:13.533  1094  1094 W ccci_fsd(1): O: Y://NA77_006, flag 0x10400, ret 1
04-04 20:26:13.536  1060  1722 W gralloc : Warning shared attribute region mapped at free. Unmapping
04-04 20:26:13.544  1094  1094 W ccci_fsd(1): O: X://NA77_006, flag 0x21010400, ret 1
04-04 20:26:13.555  1060  1060 W gralloc : Warning shared attribute region mapped at free. Unmapping
04-04 20:26:13.556  1094  1094 W ccci_fsd(1): O: Y://NA77_006, flag 0x21010400, ret 1
04-04 20:26:13.570  1060  1722 W gralloc : Warning shared attribute region mapped at free. Unmapping
04-04 20:26:13.058  1060  1060 W gralloc : Warning shared attribute region mapped at free. Unmapping
04-04 20:26:13.081  1060  1722 W gralloc : Warning shared attribute region mapped at free. Unmapping
04-04 20:26:13.101  1060  1060 W gralloc : Warning shared attribute region mapped at free. Unmapping
04-04 20:26:13.106  1092  1159 E NetlinkListener: recvmsg failed (I/O error)
04-04 20:26:13.126  1060  1722 W gralloc : Warning shared attribute region mapped at free. Unmapping
04-04 20:26:13.154  1060  1060 W gralloc : Warning shared attribute region mapped at free. Unmapping
04-04 20:26:13.640  1185  1632 I VT      : [VTS] gVTSClient == NULL
04-04 20:26:14.053  1060  1722 W gralloc : Warning shared attribute region mapped at free. Unmapping
04-04 20:26:14.059  1060  1060 W gralloc : Warning shared attribute region mapped at free. Unmapping
04-04 20:26:14.073  1060  1722 W gralloc : Warning shared attribute region mapped at free. Unmapping
04-04 20:26:14.092  1060  1060 W gralloc : Warning shared attribute region mapped at free. Unmapping
04-04 20:26:14.110  1060  1722 W gralloc : Warning shared attribute region mapped at free. Unmapping
04-04 20:26:14.127  1060  1060 W gralloc : Warning shared attribute region mapped at free. Unmapping
04-04 20:26:14.146  1060  1722 W gralloc : Warning shared attribute region mapped at free. Unmapping
04-04 20:26:14.164  1060  1060 W gralloc : Warning shared attribute region mapped at free. Unmapping
04-04 20:26:14.182  1060  1722 W gralloc : Warning shared attribute region mapped at free. Unmapping
04-04 20:26:14.200  1060  1060 W gralloc : Warning shared attribute region mapped at free. Unmapping
04-04 20:26:14.217  1060  1722 W gralloc : Warning shared attribute region mapped at free. Unmapping
04-04 20:26:14.237  1060  1060 W gralloc : Warning shared attribute region mapped at free. Unmapping
04-04 20:26:14.256  1060  1722 W gralloc : Warning shared attribute region mapped at free. Unmapping
04-04 20:26:14.274  1060  1060 W gralloc : Warning shared attribute region mapped at free. Unmapping
04-04 20:26:14.282  1180  1220 D AAL     : 04-04 08:26:14.193 BL= 384,ESS= 256, 04-04 08:26:14.229 BL= 385,ESS= 256, 
04-04 20:26:14.290  1060  1722 W gralloc : Warning shared attribute region mapped at free. Unmapping
04-04 20:26:14.311  1060  1060 W gralloc : Warning shared attribute region mapped at free. Unmapping
04-04 20:26:14.327  1060  1722 W gralloc : Warning shared attribute region mapped at free. Unmapping
04-04 20:26:14.347  1060  1060 W gralloc : Warning shared attribute region mapped at free. Unmapping
04-04 20:26:14.363  1060  1722 W gralloc : Warning shared attribute region mapped at free. Unmapping
04-04 20:26:14.383  1060  1060 W gralloc : Warning shared attribute region mapped at free. Unmapping
04-04 20:26:14.400  1060  1722 W gralloc : Warning shared attribute region mapped at free. Unmapping
04-04 20:26:14.418  1060  1060 W gralloc : Warning shared attribute region mapped at free. Unmapping
04-04 20:26:14.435  1060  1722 W gralloc : Warning shared attribute region mapped at free. Unmapping
04-04 20:26:14.453  1060  1060 W gralloc : Warning shared attribute region mapped at free. Unmapping
04-04 20:26:14.471  1060  1722 W gralloc : Warning shared attribute region mapped at free. Unmapping
04-04 20:26:14.486  1060  1060 W gralloc : Warning shared attribute region mapped at free. Unmapping
04-04 20:26:14.507  1060  1722 W gralloc : Warning shared attribute region mapped at free. Unmapping
04-04 20:26:14.565  1060  1060 W gralloc : Warning shared attribute region mapped at free. Unmapping
04-04 20:26:14.574  1060  1722 W gralloc : Warning shared attribute region mapped at free. Unmapping
04-04 20:26:14.584  1060  1060 W gralloc : Warning shared attribute region mapped at free. Unmapping
04-04 20:26:14.600  1060  1722 W gralloc : Warning shared attribute region mapped at free. Unmapping
04-04 20:26:14.604  1180  1220 D AAL     : 04-04 08:26:14.587 BL= 386,ESS= 256, 
04-04 20:26:14.619  1060  1060 W gralloc : Warning shared attribute region mapped at free. Unmapping
04-04 20:26:14.636  1060  1722 W gralloc : Warning shared attribute region mapped at free. Unmapping
04-04 20:26:14.640  1180  1220 D AAL     : 04-04 08:26:14.622 BL= 385,ESS= 256, 
04-04 20:26:14.646  2154  2181 I GasService: Can't find service: input
04-04 20:26:14.993  1060  1060 W gralloc : Warning shared attribute region mapped at free. Unmapping
04-04 20:26:15.003  1060  1722 W gralloc : Warning shared attribute region mapped at free. Unmapping
04-04 20:26:15.025  1060  1060 W gralloc : Warning shared attribute region mapped at free. Unmapping
04-04 20:26:15.042  1060  1722 W gralloc : Warning shared attribute region mapped at free. Unmapping
04-04 20:26:15.060  1060  1060 W gralloc : Warning shared attribute region mapped at free. Unmapping
04-04 20:26:15.079  1060  1722 W gralloc : Warning shared attribute region mapped at free. Unmapping
04-04 20:26:15.096  1060  1060 W gralloc : Warning shared attribute region mapped at free. Unmapping
04-04 20:26:15.113  1060  1722 W gralloc : Warning shared attribute region mapped at free. Unmapping
04-04 20:26:15.122  1180  1220 D AAL     : 04-04 08:26:15.051 BL= 384,ESS= 256, 04-04 08:26:15.087 BL= 383,ESS= 256, 
04-04 20:26:15.134  1060  1060 W gralloc : Warning shared attribute region mapped at free. Unmapping
04-04 20:26:15.149  1060  1722 W gralloc : Warning shared attribute region mapped at free. Unmapping
04-04 20:26:15.168  1060  1060 W gralloc : Warning shared attribute region mapped at free. Unmapping
04-04 20:26:15.185  1060  1722 W gralloc : Warning shared attribute region mapped at free. Unmapping
04-04 20:26:15.204  1060  1060 W gralloc : Warning shared attribute region mapped at free. Unmapping
04-04 20:26:15.221  1060  1722 W gralloc : Warning shared attribute region mapped at free. Unmapping
04-04 20:26:15.237  1060  1060 W gralloc : Warning shared attribute region mapped at free. Unmapping
04-04 20:26:15.257  1060  1722 W gralloc : Warning shared attribute region mapped at free. Unmapping
04-04 20:26:15.279  1060  1060 W gralloc : Warning shared attribute region mapped at free. Unmapping
04-04 20:26:15.292  1060  1060 W gralloc : Warning shared attribute region mapped at free. Unmapping
04-04 20:26:15.310  1060  1722 W gralloc : Warning shared attribute region mapped at free. Unmapping
04-04 20:26:15.326  1060  1060 W gralloc : Warning shared attribute region mapped at free. Unmapping
04-04 20:26:15.344  1060  1722 W gralloc : Warning shared attribute region mapped at free. Unmapping
04-04 20:26:15.365  1060  1060 W gralloc : Warning shared attribute region mapped at free. Unmapping
04-04 20:26:15.380  1060  1722 W gralloc : Warning shared attribute region mapped at free. Unmapping
04-04 20:26:15.398  1060  1060 W gralloc : Warning shared attribute region mapped at free. Unmapping
04-04 20:26:15.415  1060  1722 W gralloc : Warning shared attribute region mapped at free. Unmapping
04-04 20:26:15.432  1060  1060 W gralloc : Warning shared attribute region mapped at free. Unmapping
04-04 20:26:15.449  1060  1722 W gralloc : Warning shared attribute region mapped at free. Unmapping
04-04 20:26:15.468  1060  1060 W gralloc : Warning shared attribute region mapped at free. Unmapping
04-04 20:26:15.486  1060  1722 W gralloc : Warning shared attribute region mapped at free. Unmapping
04-04 20:26:15.504  1060  1060 W gralloc : Warning shared attribute region mapped at free. Unmapping
04-04 20:26:15.522  1060  1722 W gralloc : Warning shared attribute region mapped at free. Unmapping
04-04 20:26:15.541  1060  1060 W gralloc : Warning shared attribute region mapped at free. Unmapping
04-04 20:26:15.559  1060  1722 W gralloc : Warning shared attribute region mapped at free. Unmapping
04-04 20:26:15.578  1060  1060 W gralloc : Warning shared attribute region mapped at free. Unmapping
04-04 20:26:15.595  1060  1722 W gralloc : Warning shared attribute region mapped at free. Unmapping
04-04 20:26:15.614  1060  1060 W gralloc : Warning shared attribute region mapped at free. Unmapping
04-04 20:26:15.631  1060  1060 W gralloc : Warning shared attribute region mapped at free. Unmapping
04-04 20:26:15.648  1060  1722 W gralloc : Warning shared attribute region mapped at free. Unmapping
04-04 20:26:15.667  1060  1060 W gralloc : Warning shared attribute region mapped at free. Unmapping
04-04 20:26:15.685  1060  1722 W gralloc : Warning shared attribute region mapped at free. Unmapping
